../LWIP/Target/ethernetif.c:333:14:low_level_output	48	static
../LWIP/Target/ethernetif.c:506:6:ethernetif_input	48	static
../LWIP/Target/ethernetif.c:90:6:HAL_ETH_MspInit	72	static
../LWIP/Target/ethernetif.c:153:6:HAL_ETH_MspDeInit	8	static
../LWIP/Target/ethernetif.c:196:6:HAL_ETH_RxCpltCallback	0	static
../LWIP/Target/ethernetif.c:565:7:ethernetif_init	72	static
../LWIP/Target/ethernetif.c:617:7:sys_jiffies	0	static
../LWIP/Target/ethernetif.c:628:7:sys_now	0	static
../LWIP/Target/ethernetif.c:640:6:ethernetif_set_link	24	static
../LWIP/Target/ethernetif.c:769:13:ethernetif_notify_conn_changed	0	static
../LWIP/Target/ethernetif.c:681:6:ethernetif_update_config	24	static
