../MBEDTLS/App/net_sockets.c:261:12:net_would_block.isra	16	static
../MBEDTLS/App/net_sockets.c:104:6:mbedtls_net_init	0	static
../MBEDTLS/App/net_sockets.c:118:5:mbedtls_net_connect	64	static
../MBEDTLS/App/net_sockets.c:189:5:mbedtls_net_bind	72	static
../MBEDTLS/App/net_sockets.c:290:5:mbedtls_net_accept	88	static
../MBEDTLS/App/net_sockets.c:398:5:mbedtls_net_set_block	0	static
../MBEDTLS/App/net_sockets.c:404:5:mbedtls_net_set_nonblock	8	static
../MBEDTLS/App/net_sockets.c:414:5:mbedtls_net_poll	56	static
../MBEDTLS/App/net_sockets.c:469:6:mbedtls_net_usleep	32	static
../MBEDTLS/App/net_sockets.c:483:5:mbedtls_net_recv	8	static
../MBEDTLS/App/net_sockets.c:515:5:mbedtls_net_recv_timeout	56	static
../MBEDTLS/App/net_sockets.c:554:5:mbedtls_net_send	8	static
../MBEDTLS/App/net_sockets.c:586:6:mbedtls_net_free	8	static
