Archive member included to satisfy reference by file (symbol)

c:/st/stm32cubeide_1.8.0/stm32cubeide/plugins/com.st.stm32cube.ide.mcu.externaltools.gnu-tools-for-stm32.10.3-2021.10.win32_1.0.0.202111181127/tools/bin/../lib/gcc/arm-none-eabi/10.3.1/../../../../arm-none-eabi/lib/thumb/v7e-m+dp/hard\libc_nano.a(lib_a-atoi.o)
                              ./Core/Src/SSL_email.o (atoi)
c:/st/stm32cubeide_1.8.0/stm32cubeide/plugins/com.st.stm32cube.ide.mcu.externaltools.gnu-tools-for-stm32.10.3-2021.10.win32_1.0.0.202111181127/tools/bin/../lib/gcc/arm-none-eabi/10.3.1/../../../../arm-none-eabi/lib/thumb/v7e-m+dp/hard\libc_nano.a(lib_a-calloc.o)
                              ./Middlewares/Third_Party/mbedTLS/library/asn1parse.o (calloc)
c:/st/stm32cubeide_1.8.0/stm32cubeide/plugins/com.st.stm32cube.ide.mcu.externaltools.gnu-tools-for-stm32.10.3-2021.10.win32_1.0.0.202111181127/tools/bin/../lib/gcc/arm-none-eabi/10.3.1/../../../../arm-none-eabi/lib/thumb/v7e-m+dp/hard\libc_nano.a(lib_a-ctype_.o)
                              ./LWIP/App/netbiosns.o (_ctype_)
c:/st/stm32cubeide_1.8.0/stm32cubeide/plugins/com.st.stm32cube.ide.mcu.externaltools.gnu-tools-for-stm32.10.3-2021.10.win32_1.0.0.202111181127/tools/bin/../lib/gcc/arm-none-eabi/10.3.1/../../../../arm-none-eabi/lib/thumb/v7e-m+dp/hard\libc_nano.a(lib_a-exit.o)
                              c:/st/stm32cubeide_1.8.0/stm32cubeide/plugins/com.st.stm32cube.ide.mcu.externaltools.gnu-tools-for-stm32.10.3-2021.10.win32_1.0.0.202111181127/tools/bin/../lib/gcc/arm-none-eabi/10.3.1/../../../../arm-none-eabi/lib/thumb/v7e-m+dp/hard/crt0.o (exit)
c:/st/stm32cubeide_1.8.0/stm32cubeide/plugins/com.st.stm32cube.ide.mcu.externaltools.gnu-tools-for-stm32.10.3-2021.10.win32_1.0.0.202111181127/tools/bin/../lib/gcc/arm-none-eabi/10.3.1/../../../../arm-none-eabi/lib/thumb/v7e-m+dp/hard\libc_nano.a(lib_a-findfp.o)
                              ./Middlewares/Third_Party/FreeRTOS/Source/tasks.o (__sf_fake_stderr)
c:/st/stm32cubeide_1.8.0/stm32cubeide/plugins/com.st.stm32cube.ide.mcu.externaltools.gnu-tools-for-stm32.10.3-2021.10.win32_1.0.0.202111181127/tools/bin/../lib/gcc/arm-none-eabi/10.3.1/../../../../arm-none-eabi/lib/thumb/v7e-m+dp/hard\libc_nano.a(lib_a-fwalk.o)
                              c:/st/stm32cubeide_1.8.0/stm32cubeide/plugins/com.st.stm32cube.ide.mcu.externaltools.gnu-tools-for-stm32.10.3-2021.10.win32_1.0.0.202111181127/tools/bin/../lib/gcc/arm-none-eabi/10.3.1/../../../../arm-none-eabi/lib/thumb/v7e-m+dp/hard\libc_nano.a(lib_a-findfp.o) (_fwalk)
c:/st/stm32cubeide_1.8.0/stm32cubeide/plugins/com.st.stm32cube.ide.mcu.externaltools.gnu-tools-for-stm32.10.3-2021.10.win32_1.0.0.202111181127/tools/bin/../lib/gcc/arm-none-eabi/10.3.1/../../../../arm-none-eabi/lib/thumb/v7e-m+dp/hard\libc_nano.a(lib_a-gmtime.o)
                              ./Middlewares/Third_Party/mbedTLS/library/platform_util.o (gmtime)
c:/st/stm32cubeide_1.8.0/stm32cubeide/plugins/com.st.stm32cube.ide.mcu.externaltools.gnu-tools-for-stm32.10.3-2021.10.win32_1.0.0.202111181127/tools/bin/../lib/gcc/arm-none-eabi/10.3.1/../../../../arm-none-eabi/lib/thumb/v7e-m+dp/hard\libc_nano.a(lib_a-gmtime_r.o)
                              c:/st/stm32cubeide_1.8.0/stm32cubeide/plugins/com.st.stm32cube.ide.mcu.externaltools.gnu-tools-for-stm32.10.3-2021.10.win32_1.0.0.202111181127/tools/bin/../lib/gcc/arm-none-eabi/10.3.1/../../../../arm-none-eabi/lib/thumb/v7e-m+dp/hard\libc_nano.a(lib_a-gmtime.o) (gmtime_r)
c:/st/stm32cubeide_1.8.0/stm32cubeide/plugins/com.st.stm32cube.ide.mcu.externaltools.gnu-tools-for-stm32.10.3-2021.10.win32_1.0.0.202111181127/tools/bin/../lib/gcc/arm-none-eabi/10.3.1/../../../../arm-none-eabi/lib/thumb/v7e-m+dp/hard\libc_nano.a(lib_a-impure.o)
                              c:/st/stm32cubeide_1.8.0/stm32cubeide/plugins/com.st.stm32cube.ide.mcu.externaltools.gnu-tools-for-stm32.10.3-2021.10.win32_1.0.0.202111181127/tools/bin/../lib/gcc/arm-none-eabi/10.3.1/../../../../arm-none-eabi/lib/thumb/v7e-m+dp/hard\libc_nano.a(lib_a-exit.o) (_global_impure_ptr)
c:/st/stm32cubeide_1.8.0/stm32cubeide/plugins/com.st.stm32cube.ide.mcu.externaltools.gnu-tools-for-stm32.10.3-2021.10.win32_1.0.0.202111181127/tools/bin/../lib/gcc/arm-none-eabi/10.3.1/../../../../arm-none-eabi/lib/thumb/v7e-m+dp/hard\libc_nano.a(lib_a-init.o)
                              c:/st/stm32cubeide_1.8.0/stm32cubeide/plugins/com.st.stm32cube.ide.mcu.externaltools.gnu-tools-for-stm32.10.3-2021.10.win32_1.0.0.202111181127/tools/bin/../lib/gcc/arm-none-eabi/10.3.1/../../../../arm-none-eabi/lib/thumb/v7e-m+dp/hard/crt0.o (__libc_init_array)
c:/st/stm32cubeide_1.8.0/stm32cubeide/plugins/com.st.stm32cube.ide.mcu.externaltools.gnu-tools-for-stm32.10.3-2021.10.win32_1.0.0.202111181127/tools/bin/../lib/gcc/arm-none-eabi/10.3.1/../../../../arm-none-eabi/lib/thumb/v7e-m+dp/hard\libc_nano.a(lib_a-lock.o)
[...]
Memory Configuration

Name             Origin             Length             Attributes
RAM              0x0000000020000000 0x0000000000080000 xrw
FLASH            0x0000000008000000 0x0000000000200000 xr
*default*        0x0000000000000000 0xffffffffffffffff

Linker script and memory map

LOAD c:/st/stm32cubeide_1.8.0/stm32cubeide/plugins/com.st.stm32cube.ide.mcu.externaltools.gnu-tools-for-stm32.10.3-2021.10.win32_1.0.0.202111181127/tools/bin/../lib/gcc/arm-none-eabi/10.3.1/thumb/v7e-m+dp/hard/crti.o
LOAD c:/st/stm32cubeide_1.8.0/stm32cubeide/plugins/com.st.stm32cube.ide.mcu.externaltools.gnu-tools-for-stm32.10.3-2021.10.win32_1.0.0.202111181127/tools/bin/../lib/gcc/arm-none-eabi/10.3.1/thumb/v7e-m+dp/hard/crtbegin.o
LOAD c:/st/stm32cubeide_1.8.0/stm32cubeide/plugins/com.st.stm32cube.ide.mcu.externaltools.gnu-tools-for-stm32.10.3-2021.10.win32_1.0.0.202111181127/tools/bin/../lib/gcc/arm-none-eabi/10.3.1/../../../../arm-none-eabi/lib/thumb/v7e-m+dp/hard/crt0.o
LOAD ./Core/Src/SSL_email.o
LOAD ./Core/Src/adc.o
LOAD ./Core/Src/application_core.o
LOAD ./Core/Src/development_aid.o
LOAD ./Core/Src/freertos.o
LOAD ./Core/Src/gpio.o
LOAD ./Core/Src/main.o
LOAD ./Core/Src/rng.o
LOAD ./Core/Src/spi.o
LOAD ./Core/Src/stm32f7xx_hal_msp.o
LOAD ./Core/Src/stm32f7xx_hal_timebase_tim.o
LOAD ./Core/Src/stm32f7xx_it.o
LOAD ./Core/Src/syscalls.o
LOAD ./Core/Src/sysmem.o
LOAD ./Core/Src/system_stm32f7xx.o
LOAD ./Core/Src/tim.o
LOAD ./Core/Src/usart.o
LOAD ./Core/Src/web_server.o
LOAD ./Core/Startup/startup_stm32f767zitx.o
LOAD ./Drivers/STM32F7xx_HAL_Driver/Src/stm32f7xx_hal.o
LOAD ./Drivers/STM32F7xx_HAL_Driver/Src/stm32f7xx_hal_adc.o
LOAD ./Drivers/STM32F7xx_HAL_Driver/Src/stm32f7xx_hal_adc_ex.o
LOAD ./Drivers/STM32F7xx_HAL_Driver/Src/stm32f7xx_hal_cortex.o
LOAD ./Drivers/STM32F7xx_HAL_Driver/Src/stm32f7xx_hal_dma.o
LOAD ./Drivers/STM32F7xx_HAL_Driver/Src/stm32f7xx_hal_dma_ex.o
LOAD ./Drivers/STM32F7xx_HAL_Driver/Src/stm32f7xx_hal_eth.o
LOAD ./Drivers/STM32F7xx_HAL_Driver/Src/stm32f7xx_hal_exti.o
LOAD ./Drivers/STM32F7xx_HAL_Driver/Src/stm32f7xx_hal_flash.o
LOAD ./Drivers/STM32F7xx_HAL_Driver/Src/stm32f7xx_hal_flash_ex.o
LOAD ./Drivers/STM32F7xx_HAL_Driver/Src/stm32f7xx_hal_gpio.o
LOAD ./Drivers/STM32F7xx_HAL_Driver/Src/stm32f7xx_hal_i2c.o
LOAD ./Drivers/STM32F7xx_HAL_Driver/Src/stm32f7xx_hal_i2c_ex.o
LOAD ./Drivers/STM32F7xx_HAL_Driver/Src/stm32f7xx_hal_pwr.o
LOAD ./Drivers/STM32F7xx_HAL_Driver/Src/stm32f7xx_hal_pwr_ex.o
LOAD ./Drivers/STM32F7xx_HAL_Driver/Src/stm32f7xx_hal_rcc.o
LOAD ./Drivers/STM32F7xx_HAL_Driver/Src/stm32f7xx_hal_rcc_ex.o
LOAD ./Drivers/STM32F7xx_HAL_Driver/Src/stm32f7xx_hal_rng.o
LOAD ./Drivers/STM32F7xx_HAL_Driver/Src/stm32f7xx_hal_spi.o
LOAD ./Drivers/STM32F7xx_HAL_Driver/Src/stm32f7xx_hal_spi_ex.o
LOAD ./Drivers/STM32F7xx_HAL_Driver/Src/stm32f7xx_hal_tim.o
LOAD ./Drivers/STM32F7xx_HAL_Driver/Src/stm32f7xx_hal_tim_ex.o
LOAD ./Drivers/STM32F7xx_HAL_Driver/Src/stm32f7xx_hal_uart.o
LOAD ./Drivers/STM32F7xx_HAL_Driver/Src/stm32f7xx_hal_uart_ex.o
LOAD ./LWIP/App/lwip.o
LOAD ./LWIP/App/netbiosns.o
LOAD ./LWIP/Target/ethernetif.o
LOAD ./MBEDTLS/App/mbedtls.o
LOAD ./MBEDTLS/App/net_sockets.o
LOAD ./MBEDTLS/Target/hardware_rng.o
LOAD ./Middlewares/Third_Party/FreeRTOS/Source/CMSIS_RTOS/cmsis_os.o
LOAD ./Middlewares/Third_Party/FreeRTOS/Source/croutine.o
LOAD ./Middlewares/Third_Party/FreeRTOS/Source/event_groups.o
LOAD ./Middlewares/Third_Party/FreeRTOS/Source/list.o
LOAD ./Middlewares/Third_Party/FreeRTOS/Source/queue.o
LOAD ./Middlewares/Third_Party/FreeRTOS/Source/stream_buffer.o
LOAD ./Middlewares/Third_Party/FreeRTOS/Source/tasks.o
LOAD ./Middlewares/Third_Party/FreeRTOS/Source/timers.o
LOAD ./Middlewares/Third_Party/FreeRTOS/Source/portable/GCC/ARM_CM7/r0p1/port.o
LOAD ./Middlewares/Third_Party/FreeRTOS/Source/portable/MemMang/heap_4.o
LOAD ./Middlewares/Third_Party/LwIP/src/api/api_lib.o
LOAD ./Middlewares/Third_Party/LwIP/src/api/api_msg.o
LOAD ./Middlewares/Third_Party/LwIP/src/api/err.o
LOAD ./Middlewares/Third_Party/LwIP/src/api/if_api.o
LOAD ./Middlewares/Third_Party/LwIP/src/api/netbuf.o
LOAD ./Middlewares/Third_Party/LwIP/src/api/netdb.o
LOAD ./Middlewares/Third_Party/LwIP/src/api/netifapi.o
LOAD ./Middlewares/Third_Party/LwIP/src/api/sockets.o
LOAD ./Middlewares/Third_Party/LwIP/src/api/tcpip.o
LOAD ./Middlewares/Third_Party/LwIP/src/apps/http/fs.o
LOAD ./Middlewares/Third_Party/LwIP/src/apps/http/httpd.o
LOAD ./Middlewares/Third_Party/LwIP/src/apps/mqtt/mqtt.o
LOAD ./Middlewares/Third_Party/LwIP/src/core/altcp.o
LOAD ./Middlewares/Third_Party/LwIP/src/core/altcp_alloc.o
LOAD ./Middlewares/Third_Party/LwIP/src/core/altcp_tcp.o
LOAD ./Middlewares/Third_Party/LwIP/src/core/def.o
LOAD ./Middlewares/Third_Party/LwIP/src/core/dns.o
LOAD ./Middlewares/Third_Party/LwIP/src/core/inet_chksum.o
LOAD ./Middlewares/Third_Party/LwIP/src/core/init.o
LOAD ./Middlewares/Third_Party/LwIP/src/core/ip.o
LOAD ./Middlewares/Third_Party/LwIP/src/core/mem.o
LOAD ./Middlewares/Third_Party/LwIP/src/core/memp.o
LOAD ./Middlewares/Third_Party/LwIP/src/core/netif.o
LOAD ./Middlewares/Third_Party/LwIP/src/core/pbuf.o
LOAD ./Middlewares/Third_Party/LwIP/src/core/raw.o
LOAD ./Middlewares/Third_Party/LwIP/src/core/stats.o
LOAD ./Middlewares/Third_Party/LwIP/src/core/sys.o
LOAD ./Middlewares/Third_Party/LwIP/src/core/tcp.o
LOAD ./Middlewares/Third_Party/LwIP/src/core/tcp_in.o
LOAD ./Middlewares/Third_Party/LwIP/src/core/tcp_out.o
LOAD ./Middlewares/Third_Party/LwIP/src/core/timeouts.o
LOAD ./Middlewares/Third_Party/LwIP/src/core/udp.o
LOAD ./Middlewares/Third_Party/LwIP/src/core/ipv4/autoip.o
LOAD ./Middlewares/Third_Party/LwIP/src/core/ipv4/dhcp.o
LOAD ./Middlewares/Third_Party/LwIP/src/core/ipv4/etharp.o
LOAD ./Middlewares/Third_Party/LwIP/src/core/ipv4/icmp.o
LOAD ./Middlewares/Third_Party/LwIP/src/core/ipv4/igmp.o
LOAD ./Middlewares/Third_Party/LwIP/src/core/ipv4/ip4.o
LOAD ./Middlewares/Third_Party/LwIP/src/core/ipv4/ip4_addr.o
LOAD ./Middlewares/Third_Party/LwIP/src/core/ipv4/ip4_frag.o
LOAD ./Middlewares/Third_Party/LwIP/src/core/ipv6/dhcp6.o
LOAD ./Middlewares/Third_Party/LwIP/src/core/ipv6/ethip6.o
LOAD ./Middlewares/Third_Party/LwIP/src/core/ipv6/icmp6.o
LOAD ./Middlewares/Third_Party/LwIP/src/core/ipv6/inet6.o
LOAD ./Middlewares/Third_Party/LwIP/src/core/ipv6/ip6.o
LOAD ./Middlewares/Third_Party/LwIP/src/core/ipv6/ip6_addr.o
LOAD ./Middlewares/Third_Party/LwIP/src/core/ipv6/ip6_frag.o
LOAD ./Middlewares/Third_Party/LwIP/src/core/ipv6/mld6.o
LOAD ./Middlewares/Third_Party/LwIP/src/core/ipv6/nd6.o
LOAD ./Middlewares/Third_Party/LwIP/src/netif/bridgeif.o
LOAD ./Middlewares/Third_Party/LwIP/src/netif/bridgeif_fdb.o
LOAD ./Middlewares/Third_Party/LwIP/src/netif/ethernet.o
LOAD ./Middlewares/Third_Party/LwIP/src/netif/lowpan6.o
LOAD ./Middlewares/Third_Party/LwIP/src/netif/lowpan6_ble.o
LOAD ./Middlewares/Third_Party/LwIP/src/netif/lowpan6_common.o
LOAD ./Middlewares/Third_Party/LwIP/src/netif/slipif.o
LOAD ./Middlewares/Third_Party/LwIP/src/netif/zepif.o
LOAD ./Middlewares/Third_Party/LwIP/src/netif/ppp/auth.o
LOAD ./Middlewares/Third_Party/LwIP/src/netif/ppp/ccp.o
LOAD ./Middlewares/Third_Party/LwIP/src/netif/ppp/chap-md5.o
LOAD ./Middlewares/Third_Party/LwIP/src/netif/ppp/chap-new.o
LOAD ./Middlewares/Third_Party/LwIP/src/netif/ppp/chap_ms.o
LOAD ./Middlewares/Third_Party/LwIP/src/netif/ppp/demand.o
LOAD ./Middlewares/Third_Party/LwIP/src/netif/ppp/eap.o
LOAD ./Middlewares/Third_Party/LwIP/src/netif/ppp/eui64.o
LOAD ./Middlewares/Third_Party/LwIP/src/netif/ppp/fsm.o
LOAD ./Middlewares/Third_Party/LwIP/src/netif/ppp/ipcp.o
LOAD ./Middlewares/Third_Party/LwIP/src/netif/ppp/ipv6cp.o
LOAD ./Middlewares/Third_Party/LwIP/src/netif/ppp/lcp.o
LOAD ./Middlewares/Third_Party/LwIP/src/netif/ppp/magic.o
LOAD ./Middlewares/Third_Party/LwIP/src/netif/ppp/mppe.o
LOAD ./Middlewares/Third_Party/LwIP/src/netif/ppp/multilink.o
LOAD ./Middlewares/Third_Party/LwIP/src/netif/ppp/ppp.o
LOAD ./Middlewares/Third_Party/LwIP/src/netif/ppp/pppapi.o
LOAD ./Middlewares/Third_Party/LwIP/src/netif/ppp/pppcrypt.o
LOAD ./Middlewares/Third_Party/LwIP/src/netif/ppp/pppoe.o
LOAD ./Middlewares/Third_Party/LwIP/src/netif/ppp/pppol2tp.o
LOAD ./Middlewares/Third_Party/LwIP/src/netif/ppp/pppos.o
LOAD ./Middlewares/Third_Party/LwIP/src/netif/ppp/upap.o
LOAD ./Middlewares/Third_Party/LwIP/src/netif/ppp/utils.o
LOAD ./Middlewares/Third_Party/LwIP/src/netif/ppp/vj.o
LOAD ./Middlewares/Third_Party/LwIP/system/OS/sys_arch.o
LOAD ./Middlewares/Third_Party/mbedTLS/library/aes.o
LOAD ./Middlewares/Third_Party/mbedTLS/library/aesni.o
LOAD ./Middlewares/Third_Party/mbedTLS/library/arc4.o
LOAD ./Middlewares/Third_Party/mbedTLS/library/asn1parse.o
LOAD ./Middlewares/Third_Party/mbedTLS/library/asn1write.o
LOAD ./Middlewares/Third_Party/mbedTLS/library/base64.o
LOAD ./Middlewares/Third_Party/mbedTLS/library/bignum.o
LOAD ./Middlewares/Third_Party/mbedTLS/library/blowfish.o
LOAD ./Middlewares/Third_Party/mbedTLS/library/camellia.o
LOAD ./Middlewares/Third_Party/mbedTLS/library/ccm.o
LOAD ./Middlewares/Third_Party/mbedTLS/library/certs.o
LOAD ./Middlewares/Third_Party/mbedTLS/library/chacha20.o
LOAD ./Middlewares/Third_Party/mbedTLS/library/chachapoly.o
LOAD ./Middlewares/Third_Party/mbedTLS/library/cipher.o
LOAD ./Middlewares/Third_Party/mbedTLS/library/cipher_wrap.o
LOAD ./Middlewares/Third_Party/mbedTLS/library/ctr_drbg.o
LOAD ./Middlewares/Third_Party/mbedTLS/library/des.o
LOAD ./Middlewares/Third_Party/mbedTLS/library/dhm.o
LOAD ./Middlewares/Third_Party/mbedTLS/library/ecdh.o
LOAD ./Middlewares/Third_Party/mbedTLS/library/ecdsa.o
LOAD ./Middlewares/Third_Party/mbedTLS/library/ecp.o
LOAD ./Middlewares/Third_Party/mbedTLS/library/ecp_curves.o
LOAD ./Middlewares/Third_Party/mbedTLS/library/entropy.o
LOAD ./Middlewares/Third_Party/mbedTLS/library/entropy_poll.o
LOAD ./Middlewares/Third_Party/mbedTLS/library/error.o
LOAD ./Middlewares/Third_Party/mbedTLS/library/gcm.o
LOAD ./Middlewares/Third_Party/mbedTLS/library/hkdf.o
LOAD ./Middlewares/Third_Party/mbedTLS/library/hmac_drbg.o
LOAD ./Middlewares/Third_Party/mbedTLS/library/md.o
LOAD ./Middlewares/Third_Party/mbedTLS/library/md5.o
LOAD ./Middlewares/Third_Party/mbedTLS/library/md_wrap.o
LOAD ./Middlewares/Third_Party/mbedTLS/library/memory_buffer_alloc.o
LOAD ./Middlewares/Third_Party/mbedTLS/library/oid.o
LOAD ./Middlewares/Third_Party/mbedTLS/library/padlock.o
LOAD ./Middlewares/Third_Party/mbedTLS/library/pem.o
LOAD ./Middlewares/Third_Party/mbedTLS/library/pk.o
LOAD ./Middlewares/Third_Party/mbedTLS/library/pk_wrap.o
LOAD ./Middlewares/Third_Party/mbedTLS/library/pkcs12.o
LOAD ./Middlewares/Third_Party/mbedTLS/library/pkcs5.o
LOAD ./Middlewares/Third_Party/mbedTLS/library/pkparse.o
LOAD ./Middlewares/Third_Party/mbedTLS/library/pkwrite.o
LOAD ./Middlewares/Third_Party/mbedTLS/library/platform.o
LOAD ./Middlewares/Third_Party/mbedTLS/library/platform_util.o
LOAD ./Middlewares/Third_Party/mbedTLS/library/poly1305.o
LOAD ./Middlewares/Third_Party/mbedTLS/library/ripemd160.o
LOAD ./Middlewares/Third_Party/mbedTLS/library/rsa.o
LOAD ./Middlewares/Third_Party/mbedTLS/library/rsa_internal.o
LOAD ./Middlewares/Third_Party/mbedTLS/library/sha1.o
LOAD ./Middlewares/Third_Party/mbedTLS/library/sha256.o
LOAD ./Middlewares/Third_Party/mbedTLS/library/sha512.o
LOAD ./Middlewares/Third_Party/mbedTLS/library/ssl_cache.o
LOAD ./Middlewares/Third_Party/mbedTLS/library/ssl_ciphersuites.o
LOAD ./Middlewares/Third_Party/mbedTLS/library/ssl_cli.o
LOAD ./Middlewares/Third_Party/mbedTLS/library/ssl_cookie.o
LOAD ./Middlewares/Third_Party/mbedTLS/library/ssl_srv.o
LOAD ./Middlewares/Third_Party/mbedTLS/library/ssl_ticket.o
LOAD ./Middlewares/Third_Party/mbedTLS/library/ssl_tls.o
LOAD ./Middlewares/Third_Party/mbedTLS/library/version.o
LOAD ./Middlewares/Third_Party/mbedTLS/library/version_features.o
LOAD ./Middlewares/Third_Party/mbedTLS/library/x509.o
LOAD ./Middlewares/Third_Party/mbedTLS/library/x509_create.o
LOAD ./Middlewares/Third_Party/mbedTLS/library/x509_crl.o
LOAD ./Middlewares/Third_Party/mbedTLS/library/x509_crt.o
LOAD ./Middlewares/Third_Party/mbedTLS/library/x509_csr.o
LOAD ./Middlewares/Third_Party/mbedTLS/library/x509write_crt.o
LOAD ./Middlewares/Third_Party/mbedTLS/library/x509write_csr.o
LOAD ./Middlewares/Third_Party/mbedTLS/library/xtea.o
START GROUP
LOAD c:/st/stm32cubeide_1.8.0/stm32cubeide/plugins/com.st.stm32cube.ide.mcu.externaltools.gnu-tools-for-stm32.10.3-2021.10.win32_1.0.0.202111181127/tools/bin/../lib/gcc/arm-none-eabi/10.3.1/../../../../arm-none-eabi/lib/thumb/v7e-m+dp/hard\libc_nano.a
LOAD c:/st/stm32cubeide_1.8.0/stm32cubeide/plugins/com.st.stm32cube.ide.mcu.externaltools.gnu-tools-for-stm32.10.3-2021.10.win32_1.0.0.202111181127/tools/bin/../lib/gcc/arm-none-eabi/10.3.1/../../../../arm-none-eabi/lib/thumb/v7e-m+dp/hard\libm.a
END GROUP
START GROUP
LOAD c:/st/stm32cubeide_1.8.0/stm32cubeide/plugins/com.st.stm32cube.ide.mcu.externaltools.gnu-tools-for-stm32.10.3-2021.10.win32_1.0.0.202111181127/tools/bin/../lib/gcc/arm-none-eabi/10.3.1/thumb/v7e-m+dp/hard\libgcc.a
LOAD c:/st/stm32cubeide_1.8.0/stm32cubeide/plugins/com.st.stm32cube.ide.mcu.externaltools.gnu-tools-for-stm32.10.3-2021.10.win32_1.0.0.202111181127/tools/bin/../lib/gcc/arm-none-eabi/10.3.1/../../../../arm-none-eabi/lib/thumb/v7e-m+dp/hard\libc_nano.a
END GROUP
START GROUP
LOAD c:/st/stm32cubeide_1.8.0/stm32cubeide/plugins/com.st.stm32cube.ide.mcu.externaltools.gnu-tools-for-stm32.10.3-2021.10.win32_1.0.0.202111181127/tools/bin/../lib/gcc/arm-none-eabi/10.3.1/thumb/v7e-m+dp/hard\libgcc.a
LOAD c:/st/stm32cubeide_1.8.0/stm32cubeide/plugins/com.st.stm32cube.ide.mcu.externaltools.gnu-tools-for-stm32.10.3-2021.10.win32_1.0.0.202111181127/tools/bin/../lib/gcc/arm-none-eabi/10.3.1/../../../../arm-none-eabi/lib/thumb/v7e-m+dp/hard\libc_nano.a
LOAD c:/st/stm32cubeide_1.8.0/stm32cubeide/plugins/com.st.stm32cube.ide.mcu.externaltools.gnu-tools-for-stm32.10.3-2021.10.win32_1.0.0.202111181127/tools/bin/../lib/gcc/arm-none-eabi/10.3.1/../../../../arm-none-eabi/lib/thumb/v7e-m+dp/hard\libnosys.a
END GROUP
START GROUP
LOAD c:/st/stm32cubeide_1.8.0/stm32cubeide/plugins/com.st.stm32cube.ide.mcu.externaltools.gnu-tools-for-stm32.10.3-2021.10.win32_1.0.0.202111181127/tools/bin/../lib/gcc/arm-none-eabi/10.3.1/thumb/v7e-m+dp/hard\libgcc.a
LOAD c:/st/stm32cubeide_1.8.0/stm32cubeide/plugins/com.st.stm32cube.ide.mcu.externaltools.gnu-tools-for-stm32.10.3-2021.10.win32_1.0.0.202111181127/tools/bin/../lib/gcc/arm-none-eabi/10.3.1/../../../../arm-none-eabi/lib/thumb/v7e-m+dp/hard\libc_nano.a
LOAD c:/st/stm32cubeide_1.8.0/stm32cubeide/plugins/com.st.stm32cube.ide.mcu.externaltools.gnu-tools-for-stm32.10.3-2021.10.win32_1.0.0.202111181127/tools/bin/../lib/gcc/arm-none-eabi/10.3.1/../../../../arm-none-eabi/lib/thumb/v7e-m+dp/hard\libnosys.a
END GROUP
LOAD c:/st/stm32cubeide_1.8.0/stm32cubeide/plugins/com.st.stm32cube.ide.mcu.externaltools.gnu-tools-for-stm32.10.3-2021.10.win32_1.0.0.202111181127/tools/bin/../lib/gcc/arm-none-eabi/10.3.1/thumb/v7e-m+dp/hard/crtend.o
LOAD c:/st/stm32cubeide_1.8.0/stm32cubeide/plugins/com.st.stm32cube.ide.mcu.externaltools.gnu-tools-for-stm32.10.3-2021.10.win32_1.0.0.202111181127/tools/bin/../lib/gcc/arm-none-eabi/10.3.1/thumb/v7e-m+dp/hard/crtn.o
                0x0000000020080000                _estack = (ORIGIN (RAM) + LENGTH (RAM))
                0x0000000000000200                _Min_Heap_Size = 0x200
                0x0000000000000400                _Min_Stack_Size = 0x400

.isr_vector     0x0000000008000000      0x1f8
                0x0000000008000000                . = ALIGN (0x4)
 *(.isr_vector)
 .isr_vector    0x0000000008000000      0x1f8 ./Core/Startup/startup_stm32f767zitx.o
                0x0000000008000000                g_pfnVectors
                0x00000000080001f8                . = ALIGN (0x4)

.text           0x0000000008000200    0x34458
                0x0000000008000200                . = ALIGN (0x4)
 *(.text)
 .text          0x0000000008000200       0x40 c:/st/stm32cubeide_1.8.0/stm32cubeide/plugins/com.st.stm32cube.ide.mcu.externaltools.gnu-tools-for-stm32.10.3-2021.10.win32_1.0.0.202111181127/tools/bin/../lib/gcc/arm-none-eabi/10.3.1/thumb/v7e-m+dp/hard/crtbegin.o
 .text          0x0000000008000240       0x14 c:/st/stm32cubeide_1.8.0/stm32cubeide/plugins/com.st.stm32cube.ide.mcu.externaltools.gnu-tools-for-stm32.10.3-2021.10.win32_1.0.0.202111181127/tools/bin/../lib/gcc/arm-none-eabi/10.3.1/../../../../arm-none-eabi/lib/thumb/v7e-m+dp/hard\libc_nano.a(lib_a-strcmp.o)
                0x0000000008000240                strcmp
 .text          0x0000000008000254       0x10 c:/st/stm32cubeide_1.8.0/stm32cubeide/plugins/com.st.stm32cube.ide.mcu.externaltools.gnu-tools-for-stm32.10.3-2021.10.win32_1.0.0.202111181127/tools/bin/../lib/gcc/arm-none-eabi/10.3.1/../../../../arm-none-eabi/lib/thumb/v7e-m+dp/hard\libc_nano.a(lib_a-strlen.o)
                0x0000000008000254                strlen
 *fill*         0x0000000008000264        0xc 
 .text          0x0000000008000270       0xa0 c:/st/stm32cubeide_1.8.0/stm32cubeide/plugins/com.st.stm32cube.ide.mcu.externaltools.gnu-tools-for-stm32.10.3-2021.10.win32_1.0.0.202111181127/tools/bin/../lib/gcc/arm-none-eabi/10.3.1/../../../../arm-none-eabi/lib/thumb/v7e-m+dp/hard\libc_nano.a(lib_a-memchr.o)
                0x0000000008000270                memchr
 .text          0x0000000008000310      0x378 c:/st/stm32cubeide_1.8.0/stm32cubeide/plugins/com.st.stm32cube.ide.mcu.externaltools.gnu-tools-for-stm32.10.3-2021.10.win32_1.0.0.202111181127/tools/bin/../lib/gcc/arm-none-eabi/10.3.1/thumb/v7e-m+dp/hard\libgcc.a(_arm_addsubdf3.o)
                0x0000000008000310                __aeabi_drsub
                0x0000000008000318                __aeabi_dsub
                0x0000000008000318                __subdf3
                0x000000000800031c                __aeabi_dadd
                0x000000000800031c                __adddf3
                0x0000000008000594                __floatunsidf
                0x0000000008000594                __aeabi_ui2d
                0x00000000080005b4                __floatsidf
                0x00000000080005b4                __aeabi_i2d
                0x00000000080005d8                __aeabi_f2d
                0x00000000080005d8                __extendsfdf2
                0x000000000800061c                __floatundidf
                0x000000000800061c                __aeabi_ul2d
                0x000000000800062c                __floatdidf
                0x000000000800062c                __aeabi_l2d
 .text          0x0000000008000688       0xa0 c:/st/stm32cubeide_1.8.0/stm32cubeide/plugins/com.st.stm32cube.ide.mcu.externaltools.gnu-tools-for-stm32.10.3-2021.10.win32_1.0.0.202111181127/tools/bin/../lib/gcc/arm-none-eabi/10.3.1/thumb/v7e-m+dp/hard\libgcc.a(_aeabi_ldivmod.o)
                0x0000000008000688                __aeabi_ldivmod
 .text          0x0000000008000728       0x30 c:/st/stm32cubeide_1.8.0/stm32cubeide/plugins/com.st.stm32cube.ide.mcu.externaltools.gnu-tools-for-stm32.10.3-2021.10.win32_1.0.0.202111181127/tools/bin/../lib/gcc/arm-none-eabi/10.3.1/thumb/v7e-m+dp/hard\libgcc.a(_aeabi_uldivmod.o)
                0x0000000008000728                __aeabi_uldivmod
 .text          0x0000000008000758       0x30 c:/st/stm32cubeide_1.8.0/stm32cubeide/plugins/com.st.stm32cube.ide.mcu.externaltools.gnu-tools-for-stm32.10.3-2021.10.win32_1.0.0.202111181127/tools/bin/../lib/gcc/arm-none-eabi/10.3.1/thumb/v7e-m+dp/hard\libgcc.a(_fixdfdi.o)
                0x0000000008000758                __fixdfdi
                0x0000000008000758                __aeabi_d2lz
 .text          0x0000000008000788       0x40 c:/st/stm32cubeide_1.8.0/stm32cubeide/plugins/com.st.stm32cube.ide.mcu.externaltools.gnu-tools-for-stm32.10.3-2021.10.win32_1.0.0.202111181127/tools/bin/../lib/gcc/arm-none-eabi/10.3.1/thumb/v7e-m+dp/hard\libgcc.a(_fixunsdfdi.o)
                0x0000000008000788                __fixunsdfdi
                0x0000000008000788                __aeabi_d2ulz
 .text          0x00000000080007c8      0x2d0 c:/st/stm32cubeide_1.8.0/stm32cubeide/plugins/com.st.stm32cube.ide.mcu.externaltools.gnu-tools-for-stm32.10.3-2021.10.win32_1.0.0.202111181127/tools/bin/../lib/gcc/arm-none-eabi/10.3.1/thumb/v7e-m+dp/hard\libgcc.a(_udivmoddi4.o)
                0x00000000080007c8                __udivmoddi4
 .text          0x0000000008000a98        0x4 c:/st/stm32cubeide_1.8.0/stm32cubeide/plugins/com.st.stm32cube.ide.mcu.externaltools.gnu-tools-for-stm32.10.3-2021.10.win32_1.0.0.202111181127/tools/bin/../lib/gcc/arm-none-eabi/10.3.1/thumb/v7e-m+dp/hard\libgcc.a(_dvmd_tls.o)
                0x0000000008000a98                __aeabi_idiv0
                0x0000000008000a98                __aeabi_ldiv0
 *(.text*)
 .text.write_SSL_and_get_response.constprop.0.isra.0
                0x0000000008000a9c       0xdc ./Core/Src/SSL_email.o
 .text.write_SLL_data.constprop.0.isra.0
                0x0000000008000b78       0x44 ./Core/Src/SSL_email.o
 .text.send_SSL_email_data
                0x0000000008000bbc      0x18c ./Core/Src/SSL_email.o
 .text.SSL_email_init
                0x0000000008000d48       0x6c ./Core/Src/SSL_email.o
                0x0000000008000d48                SSL_email_init
 .text.send_SSL_email
                0x0000000008000db4      0x2bc ./Core/Src/SSL_email.o
                0x0000000008000db4                send_SSL_email
 .text.send_SSL_email_thread
                0x0000000008001070       0x34 ./Core/Src/SSL_email.o
 .text.MX_ADC1_Init
                0x00000000080010a4       0x68 ./Core/Src/adc.o
                0x00000000080010a4                MX_ADC1_Init
 .text.MX_ADC2_Init
                0x000000000800110c       0x68 ./Core/Src/adc.o
                0x000000000800110c                MX_ADC2_Init
 .text.MX_ADC3_Init
                0x0000000008001174       0x68 ./Core/Src/adc.o
                0x0000000008001174                MX_ADC3_Init
 .text.HAL_ADC_MspInit
                0x00000000080011dc       0xe4 ./Core/Src/adc.o
                0x00000000080011dc                HAL_ADC_MspInit
 .text.osTimerCallback
                0x00000000080012c0       0x38 ./Core/Src/application_core.o
 .text.ExecuteWatchdogActions.part.0
                0x00000000080012f8      0x298 ./Core/Src/application_core.o
 .text.ExecuteWatchdogActions
                0x0000000008001590       0x14 ./Core/Src/application_core.o
 *fill*         0x00000000080015a4        0x4 
 .text.application_core_task
                0x00000000080015a8      0xe70 ./Core/Src/application_core.o
                0x00000000080015a8                application_core_task
 .text.app_core_init
                0x0000000008002418       0x2c ./Core/Src/application_core.o
                0x0000000008002418                app_core_init
 .text.EXTI9_5_IRQHandler
                0x0000000008002444      0x108 ./Core/Src/application_core.o
                0x0000000008002444                EXTI9_5_IRQHandler
 .text.GUI_UART_Task
                0x000000000800254c      0x100 ./Core/Src/development_aid.o
                0x000000000800254c                GUI_UART_Task
 .text.DiagnosticToolsInit
                0x000000000800264c       0x2c ./Core/Src/development_aid.o
                0x000000000800264c                DiagnosticToolsInit
 .text._write_r
                0x0000000008002678       0x1c ./Core/Src/development_aid.o
                0x0000000008002678                _write_r
 .text.vApplicationStackOverflowHook
                0x0000000008002694       0x34 ./Core/Src/development_aid.o
                0x0000000008002694                vApplicationStackOverflowHook
 .text.StartDefaultTask
                0x00000000080026c8       0x80 ./Core/Src/freertos.o
                0x00000000080026c8                StartDefaultTask
 .text.vApplicationIdleHook
                0x0000000008002748        0x2 ./Core/Src/freertos.o
                0x0000000008002748                vApplicationIdleHook
 *fill*         0x000000000800274a        0x2 
 .text.vApplicationGetIdleTaskMemory
                0x000000000800274c       0x18 ./Core/Src/freertos.o
                0x000000000800274c                vApplicationGetIdleTaskMemory
 .text.vApplicationGetTimerTaskMemory
                0x0000000008002764       0x18 ./Core/Src/freertos.o
                0x0000000008002764                vApplicationGetTimerTaskMemory
 .text.MX_FREERTOS_Init
                0x000000000800277c       0x2c ./Core/Src/freertos.o
                0x000000000800277c                MX_FREERTOS_Init
 .text.MX_GPIO_Init
                0x00000000080027a8      0x19c ./Core/Src/gpio.o
                0x00000000080027a8                MX_GPIO_Init
 .text.SystemClock_Config
                0x0000000008002944       0xa8 ./Core/Src/main.o
                0x0000000008002944                SystemClock_Config
 .text.startup.main
                0x00000000080029ec       0x3c ./Core/Src/main.o
                0x00000000080029ec                main
 .text.HAL_TIM_PeriodElapsedCallback
                0x0000000008002a28        0xe ./Core/Src/main.o
                0x0000000008002a28                HAL_TIM_PeriodElapsedCallback
 .text.Error_Handler
                0x0000000008002a36        0x4 ./Core/Src/main.o
                0x0000000008002a36                Error_Handler
 *fill*         0x0000000008002a3a        0x2 
 .text.MX_RNG_Init
                0x0000000008002a3c       0x20 ./Core/Src/rng.o
                0x0000000008002a3c                MX_RNG_Init
 .text.HAL_RNG_MspInit
                0x0000000008002a5c       0x4c ./Core/Src/rng.o
                0x0000000008002a5c                HAL_RNG_MspInit
 .text.MX_SPI3_Init
                0x0000000008002aa8       0x54 ./Core/Src/spi.o
                0x0000000008002aa8                MX_SPI3_Init
 .text.MX_SPI4_Init
                0x0000000008002afc       0x54 ./Core/Src/spi.o
                0x0000000008002afc                MX_SPI4_Init
 .text.HAL_SPI_MspInit
                0x0000000008002b50       0xb4 ./Core/Src/spi.o
                0x0000000008002b50                HAL_SPI_MspInit
 .text.HAL_MspInit
                0x0000000008002c04       0x3c ./Core/Src/stm32f7xx_hal_msp.o
                0x0000000008002c04                HAL_MspInit
 .text.HAL_InitTick
                0x0000000008002c40       0x78 ./Core/Src/stm32f7xx_hal_timebase_tim.o
                0x0000000008002c40                HAL_InitTick
 .text.NMI_Handler
                0x0000000008002cb8        0x2 ./Core/Src/stm32f7xx_it.o
                0x0000000008002cb8                NMI_Handler
 .text.HardFault_Handler
                0x0000000008002cba        0x2 ./Core/Src/stm32f7xx_it.o
                0x0000000008002cba                HardFault_Handler
 .text.MemManage_Handler
                0x0000000008002cbc        0x2 ./Core/Src/stm32f7xx_it.o
                0x0000000008002cbc                MemManage_Handler
 .text.BusFault_Handler
                0x0000000008002cbe        0x2 ./Core/Src/stm32f7xx_it.o
                0x0000000008002cbe                BusFault_Handler
 .text.UsageFault_Handler
                0x0000000008002cc0        0x2 ./Core/Src/stm32f7xx_it.o
                0x0000000008002cc0                UsageFault_Handler
 .text.DebugMon_Handler
                0x0000000008002cc2        0x2 ./Core/Src/stm32f7xx_it.o
                0x0000000008002cc2                DebugMon_Handler
 .text.TIM2_IRQHandler
                0x0000000008002cc4        0xc ./Core/Src/stm32f7xx_it.o
                0x0000000008002cc4                TIM2_IRQHandler
 .text.ETH_IRQHandler
                0x0000000008002cd0        0xc ./Core/Src/stm32f7xx_it.o
                0x0000000008002cd0                ETH_IRQHandler
 .text._getpid  0x0000000008002cdc        0x4 ./Core/Src/syscalls.o
                0x0000000008002cdc                _getpid
 .text._kill    0x0000000008002ce0       0x10 ./Core/Src/syscalls.o
                0x0000000008002ce0                _kill
 .text._exit    0x0000000008002cf0        0xc ./Core/Src/syscalls.o
                0x0000000008002cf0                _exit
 .text._read    0x0000000008002cfc       0x1c ./Core/Src/syscalls.o
                0x0000000008002cfc                _read
 .text._close   0x0000000008002d18        0x6 ./Core/Src/syscalls.o
                0x0000000008002d18                _close
 .text._fstat   0x0000000008002d1e        0xa ./Core/Src/syscalls.o
                0x0000000008002d1e                _fstat
 .text._isatty  0x0000000008002d28        0x4 ./Core/Src/syscalls.o
                0x0000000008002d28                _isatty
 .text._lseek   0x0000000008002d2c        0x4 ./Core/Src/syscalls.o
                0x0000000008002d2c                _lseek
 .text._sbrk    0x0000000008002d30       0x40 ./Core/Src/sysmem.o
                0x0000000008002d30                _sbrk
 .text.SystemInit
                0x0000000008002d70       0x14 ./Core/Src/system_stm32f7xx.o
                0x0000000008002d70                SystemInit
 .text.MX_TIM9_Init
                0x0000000008002d84       0x50 ./Core/Src/tim.o
                0x0000000008002d84                MX_TIM9_Init
 .text.HAL_TIM_Base_MspInit
                0x0000000008002dd4       0x28 ./Core/Src/tim.o
                0x0000000008002dd4                HAL_TIM_Base_MspInit
 .text.MX_USART3_UART_Init
                0x0000000008002dfc       0x3c ./Core/Src/usart.o
                0x0000000008002dfc                MX_USART3_UART_Init
 .text.HAL_UART_MspInit
                0x0000000008002e38       0x88 ./Core/Src/usart.o
                0x0000000008002e38                HAL_UART_MspInit
 .text.WebServerInit
                0x0000000008002ec0       0x20 ./Core/Src/web_server.o
                0x0000000008002ec0                WebServerInit
 .text.Integer_to_IP
                0x0000000008002ee0       0x2c ./Core/Src/web_server.o
                0x0000000008002ee0                Integer_to_IP
 .text.http_server_serve
                0x0000000008002f0c      0x39c ./Core/Src/web_server.o
 .text.web_server_task
                0x00000000080032a8       0x50 ./Core/Src/web_server.o
 .text.Reset_Handler
                0x00000000080032f8       0x50 ./Core/Startup/startup_stm32f767zitx.o
                0x00000000080032f8                Reset_Handler
 .text.Default_Handler
                0x0000000008003348        0x2 ./Core/Startup/startup_stm32f767zitx.o
                0x0000000008003348                RTC_Alarm_IRQHandler
                0x0000000008003348                EXTI2_IRQHandler
                0x0000000008003348                TIM8_CC_IRQHandler
                0x0000000008003348                UART8_IRQHandler
                0x0000000008003348                SPI4_IRQHandler
                0x0000000008003348                TIM1_CC_IRQHandler
                0x0000000008003348                DMA2_Stream5_IRQHandler
                0x0000000008003348                JPEG_IRQHandler
                0x0000000008003348                DMA1_Stream5_IRQHandler
                0x0000000008003348                CAN3_RX1_IRQHandler
                0x0000000008003348                PVD_IRQHandler
                0x0000000008003348                TAMP_STAMP_IRQHandler
                0x0000000008003348                CAN2_RX1_IRQHandler
                0x0000000008003348                EXTI3_IRQHandler
                0x0000000008003348                TIM8_TRG_COM_TIM14_IRQHandler
                0x0000000008003348                DFSDM1_FLT1_IRQHandler
                0x0000000008003348                TIM1_UP_TIM10_IRQHandler
                0x0000000008003348                TIM8_UP_TIM13_IRQHandler
                0x0000000008003348                I2C3_ER_IRQHandler
                0x0000000008003348                DFSDM1_FLT2_IRQHandler
                0x0000000008003348                EXTI0_IRQHandler
                0x0000000008003348                I2C2_EV_IRQHandler
                0x0000000008003348                DMA1_Stream2_IRQHandler
                0x0000000008003348                CAN1_RX0_IRQHandler
                0x0000000008003348                FPU_IRQHandler
                0x0000000008003348                OTG_HS_WKUP_IRQHandler
                0x0000000008003348                CAN3_SCE_IRQHandler
                0x0000000008003348                LTDC_ER_IRQHandler
                0x0000000008003348                CAN2_SCE_IRQHandler
                0x0000000008003348                DMA2_Stream2_IRQHandler
                0x0000000008003348                SPI1_IRQHandler
                0x0000000008003348                TIM6_DAC_IRQHandler
                0x0000000008003348                TIM1_BRK_TIM9_IRQHandler
                0x0000000008003348                DCMI_IRQHandler
                0x0000000008003348                CAN2_RX0_IRQHandler
                0x0000000008003348                DMA2_Stream3_IRQHandler
                0x0000000008003348                SAI2_IRQHandler
                0x0000000008003348                DFSDM1_FLT3_IRQHandler
                0x0000000008003348                USART6_IRQHandler
                0x0000000008003348                CAN3_RX0_IRQHandler
                0x0000000008003348                USART3_IRQHandler
                0x0000000008003348                CAN1_RX1_IRQHandler
                0x0000000008003348                UART5_IRQHandler
                0x0000000008003348                DMA2_Stream0_IRQHandler
                0x0000000008003348                TIM4_IRQHandler
                0x0000000008003348                QUADSPI_IRQHandler
                0x0000000008003348                I2C1_EV_IRQHandler
                0x0000000008003348                DMA1_Stream6_IRQHandler
                0x0000000008003348                DMA1_Stream1_IRQHandler
                0x0000000008003348                UART4_IRQHandler
                0x0000000008003348                TIM3_IRQHandler
                0x0000000008003348                RCC_IRQHandler
                0x0000000008003348                TIM8_BRK_TIM12_IRQHandler
                0x0000000008003348                Default_Handler
                0x0000000008003348                CEC_IRQHandler
                0x0000000008003348                EXTI15_10_IRQHandler
                0x0000000008003348                ADC_IRQHandler
                0x0000000008003348                DMA1_Stream7_IRQHandler
                0x0000000008003348                SPI5_IRQHandler
                0x0000000008003348                TIM7_IRQHandler
                0x0000000008003348                SDMMC1_IRQHandler
                0x0000000008003348                CAN2_TX_IRQHandler
                0x0000000008003348                TIM5_IRQHandler
                0x0000000008003348                DMA2_Stream7_IRQHandler
                0x0000000008003348                I2C3_EV_IRQHandler
                0x0000000008003348                RTC_WKUP_IRQHandler
                0x0000000008003348                LTDC_IRQHandler
                0x0000000008003348                ETH_WKUP_IRQHandler
                0x0000000008003348                SPDIF_RX_IRQHandler
                0x0000000008003348                SPI2_IRQHandler
                0x0000000008003348                OTG_HS_EP1_IN_IRQHandler
                0x0000000008003348                DMA1_Stream0_IRQHandler
                0x0000000008003348                CAN1_TX_IRQHandler
                0x0000000008003348                EXTI4_IRQHandler
                0x0000000008003348                RNG_IRQHandler
                0x0000000008003348                OTG_HS_EP1_OUT_IRQHandler
                0x0000000008003348                WWDG_IRQHandler
                0x0000000008003348                SPI6_IRQHandler
                0x0000000008003348                MDIOS_IRQHandler
                0x0000000008003348                I2C4_EV_IRQHandler
                0x0000000008003348                CAN3_TX_IRQHandler
                0x0000000008003348                OTG_FS_WKUP_IRQHandler
                0x0000000008003348                TIM1_TRG_COM_TIM11_IRQHandler
                0x0000000008003348                OTG_HS_IRQHandler
                0x0000000008003348                DMA2D_IRQHandler
                0x0000000008003348                EXTI1_IRQHandler
                0x0000000008003348                SDMMC2_IRQHandler
                0x0000000008003348                UART7_IRQHandler
                0x0000000008003348                USART2_IRQHandler
                0x0000000008003348                DFSDM1_FLT0_IRQHandler
                0x0000000008003348                I2C2_ER_IRQHandler
                0x0000000008003348                DMA2_Stream1_IRQHandler
                0x0000000008003348                CAN1_SCE_IRQHandler
                0x0000000008003348                FLASH_IRQHandler
                0x0000000008003348                DMA2_Stream4_IRQHandler
                0x0000000008003348                USART1_IRQHandler
                0x0000000008003348                OTG_FS_IRQHandler
                0x0000000008003348                SPI3_IRQHandler
                0x0000000008003348                DMA1_Stream4_IRQHandler
                0x0000000008003348                I2C1_ER_IRQHandler
                0x0000000008003348                FMC_IRQHandler
                0x0000000008003348                LPTIM1_IRQHandler
                0x0000000008003348                I2C4_ER_IRQHandler
                0x0000000008003348                DMA2_Stream6_IRQHandler
                0x0000000008003348                SAI1_IRQHandler
                0x0000000008003348                DMA1_Stream3_IRQHandler
 .text.HAL_Init
                0x000000000800334a       0x16 ./Drivers/STM32F7xx_HAL_Driver/Src/stm32f7xx_hal.o
                0x000000000800334a                HAL_Init
 .text.HAL_IncTick
                0x0000000008003360       0x18 ./Drivers/STM32F7xx_HAL_Driver/Src/stm32f7xx_hal.o
                0x0000000008003360                HAL_IncTick
 .text.HAL_GetTick
                0x0000000008003378        0xc ./Drivers/STM32F7xx_HAL_Driver/Src/stm32f7xx_hal.o
                0x0000000008003378                HAL_GetTick
 .text.HAL_Delay
                0x0000000008003384       0x24 ./Drivers/STM32F7xx_HAL_Driver/Src/stm32f7xx_hal.o
                0x0000000008003384                HAL_Delay
 .text.HAL_ADC_Init
                0x00000000080033a8      0x14c ./Drivers/STM32F7xx_HAL_Driver/Src/stm32f7xx_hal_adc.o
                0x00000000080033a8                HAL_ADC_Init
 .text.HAL_ADC_Start
                0x00000000080034f4       0xf4 ./Drivers/STM32F7xx_HAL_Driver/Src/stm32f7xx_hal_adc.o
                0x00000000080034f4                HAL_ADC_Start
 .text.HAL_ADC_PollForConversion
                0x00000000080035e8       0xa8 ./Drivers/STM32F7xx_HAL_Driver/Src/stm32f7xx_hal_adc.o
                0x00000000080035e8                HAL_ADC_PollForConversion
 .text.HAL_ADC_GetValue
                0x0000000008003690        0x6 ./Drivers/STM32F7xx_HAL_Driver/Src/stm32f7xx_hal_adc.o
                0x0000000008003690                HAL_ADC_GetValue
 *fill*         0x0000000008003696        0x2 
 .text.HAL_ADC_ConfigChannel
                0x0000000008003698      0x14c ./Drivers/STM32F7xx_HAL_Driver/Src/stm32f7xx_hal_adc.o
                0x0000000008003698                HAL_ADC_ConfigChannel
 .text.HAL_NVIC_SetPriorityGrouping
                0x00000000080037e4       0x24 ./Drivers/STM32F7xx_HAL_Driver/Src/stm32f7xx_hal_cortex.o
                0x00000000080037e4                HAL_NVIC_SetPriorityGrouping
 .text.HAL_NVIC_SetPriority
                0x0000000008003808       0x64 ./Drivers/STM32F7xx_HAL_Driver/Src/stm32f7xx_hal_cortex.o
                0x0000000008003808                HAL_NVIC_SetPriority
 .text.HAL_NVIC_EnableIRQ
                0x000000000800386c       0x1c ./Drivers/STM32F7xx_HAL_Driver/Src/stm32f7xx_hal_cortex.o
                0x000000000800386c                HAL_NVIC_EnableIRQ
 .text.HAL_NVIC_DisableIRQ
                0x0000000008003888       0x28 ./Drivers/STM32F7xx_HAL_Driver/Src/stm32f7xx_hal_cortex.o
                0x0000000008003888                HAL_NVIC_DisableIRQ
 .text.ETH_FlushTransmitFIFO
                0x00000000080038b0       0x2e ./Drivers/STM32F7xx_HAL_Driver/Src/stm32f7xx_hal_eth.o
 *fill*         0x00000000080038de        0x2 
 .text.ETH_MACDMAConfig
                0x00000000080038e0       0xec ./Drivers/STM32F7xx_HAL_Driver/Src/stm32f7xx_hal_eth.o
 .text.HAL_ETH_DMATxDescListInit
                0x00000000080039cc       0x7a ./Drivers/STM32F7xx_HAL_Driver/Src/stm32f7xx_hal_eth.o
                0x00000000080039cc                HAL_ETH_DMATxDescListInit
 .text.HAL_ETH_DMARxDescListInit
                0x0000000008003a46       0x76 ./Drivers/STM32F7xx_HAL_Driver/Src/stm32f7xx_hal_eth.o
                0x0000000008003a46                HAL_ETH_DMARxDescListInit
 .text.HAL_ETH_TransmitFrame
                0x0000000008003abc       0xe0 ./Drivers/STM32F7xx_HAL_Driver/Src/stm32f7xx_hal_eth.o
                0x0000000008003abc                HAL_ETH_TransmitFrame
 .text.HAL_ETH_GetReceivedFrame_IT
                0x0000000008003b9c       0x88 ./Drivers/STM32F7xx_HAL_Driver/Src/stm32f7xx_hal_eth.o
                0x0000000008003b9c                HAL_ETH_GetReceivedFrame_IT
 .text.HAL_ETH_TxCpltCallback
                0x0000000008003c24        0x2 ./Drivers/STM32F7xx_HAL_Driver/Src/stm32f7xx_hal_eth.o
                0x0000000008003c24                HAL_ETH_TxCpltCallback
 .text.HAL_ETH_ErrorCallback
                0x0000000008003c26        0x2 ./Drivers/STM32F7xx_HAL_Driver/Src/stm32f7xx_hal_eth.o
                0x0000000008003c26                HAL_ETH_ErrorCallback
 .text.HAL_ETH_IRQHandler
                0x0000000008003c28       0x7c ./Drivers/STM32F7xx_HAL_Driver/Src/stm32f7xx_hal_eth.o
                0x0000000008003c28                HAL_ETH_IRQHandler
 .text.HAL_ETH_ReadPHYRegister
                0x0000000008003ca4       0x76 ./Drivers/STM32F7xx_HAL_Driver/Src/stm32f7xx_hal_eth.o
                0x0000000008003ca4                HAL_ETH_ReadPHYRegister
 .text.HAL_ETH_WritePHYRegister
                0x0000000008003d1a       0x70 ./Drivers/STM32F7xx_HAL_Driver/Src/stm32f7xx_hal_eth.o
                0x0000000008003d1a                HAL_ETH_WritePHYRegister
 *fill*         0x0000000008003d8a        0x2 
 .text.HAL_ETH_Init
                0x0000000008003d8c      0x1f4 ./Drivers/STM32F7xx_HAL_Driver/Src/stm32f7xx_hal_eth.o
                0x0000000008003d8c                HAL_ETH_Init
 .text.HAL_ETH_Start
                0x0000000008003f80       0x7a ./Drivers/STM32F7xx_HAL_Driver/Src/stm32f7xx_hal_eth.o
                0x0000000008003f80                HAL_ETH_Start
 .text.HAL_ETH_Stop
                0x0000000008003ffa       0x7a ./Drivers/STM32F7xx_HAL_Driver/Src/stm32f7xx_hal_eth.o
                0x0000000008003ffa                HAL_ETH_Stop
 .text.HAL_ETH_ConfigMAC
                0x0000000008004074      0x118 ./Drivers/STM32F7xx_HAL_Driver/Src/stm32f7xx_hal_eth.o
                0x0000000008004074                HAL_ETH_ConfigMAC
 .text.HAL_GPIO_Init
                0x000000000800418c      0x1c8 ./Drivers/STM32F7xx_HAL_Driver/Src/stm32f7xx_hal_gpio.o
                0x000000000800418c                HAL_GPIO_Init
 .text.HAL_GPIO_ReadPin
                0x0000000008004354        0xc ./Drivers/STM32F7xx_HAL_Driver/Src/stm32f7xx_hal_gpio.o
                0x0000000008004354                HAL_GPIO_ReadPin
 .text.HAL_GPIO_WritePin
                0x0000000008004360        0xa ./Drivers/STM32F7xx_HAL_Driver/Src/stm32f7xx_hal_gpio.o
                0x0000000008004360                HAL_GPIO_WritePin
 .text.HAL_GPIO_TogglePin
                0x000000000800436a       0x12 ./Drivers/STM32F7xx_HAL_Driver/Src/stm32f7xx_hal_gpio.o
                0x000000000800436a                HAL_GPIO_TogglePin
 .text.HAL_PWREx_EnableOverDrive
                0x000000000800437c       0x70 ./Drivers/STM32F7xx_HAL_Driver/Src/stm32f7xx_hal_pwr_ex.o
                0x000000000800437c                HAL_PWREx_EnableOverDrive
 .text.HAL_RCC_OscConfig
                0x00000000080043ec      0x38c ./Drivers/STM32F7xx_HAL_Driver/Src/stm32f7xx_hal_rcc.o
                0x00000000080043ec                HAL_RCC_OscConfig
 .text.HAL_RCC_GetSysClockFreq
                0x0000000008004778       0x5c ./Drivers/STM32F7xx_HAL_Driver/Src/stm32f7xx_hal_rcc.o
                0x0000000008004778                HAL_RCC_GetSysClockFreq
 .text.HAL_RCC_ClockConfig
                0x00000000080047d4      0x140 ./Drivers/STM32F7xx_HAL_Driver/Src/stm32f7xx_hal_rcc.o
                0x00000000080047d4                HAL_RCC_ClockConfig
 .text.HAL_RCC_GetHCLKFreq
                0x0000000008004914        0xc ./Drivers/STM32F7xx_HAL_Driver/Src/stm32f7xx_hal_rcc.o
                0x0000000008004914                HAL_RCC_GetHCLKFreq
 .text.HAL_RCC_GetPCLK1Freq
                0x0000000008004920       0x20 ./Drivers/STM32F7xx_HAL_Driver/Src/stm32f7xx_hal_rcc.o
                0x0000000008004920                HAL_RCC_GetPCLK1Freq
 .text.HAL_RCC_GetPCLK2Freq
                0x0000000008004940       0x20 ./Drivers/STM32F7xx_HAL_Driver/Src/stm32f7xx_hal_rcc.o
                0x0000000008004940                HAL_RCC_GetPCLK2Freq
 .text.HAL_RCC_GetClockConfig
                0x0000000008004960       0x3c ./Drivers/STM32F7xx_HAL_Driver/Src/stm32f7xx_hal_rcc.o
                0x0000000008004960                HAL_RCC_GetClockConfig
 .text.HAL_RCCEx_PeriphCLKConfig
                0x000000000800499c      0x558 ./Drivers/STM32F7xx_HAL_Driver/Src/stm32f7xx_hal_rcc_ex.o
                0x000000000800499c                HAL_RCCEx_PeriphCLKConfig
 .text.HAL_RNG_Init
                0x0000000008004ef4       0x30 ./Drivers/STM32F7xx_HAL_Driver/Src/stm32f7xx_hal_rng.o
                0x0000000008004ef4                HAL_RNG_Init
 .text.HAL_RNG_GenerateRandomNumber
                0x0000000008004f24       0x68 ./Drivers/STM32F7xx_HAL_Driver/Src/stm32f7xx_hal_rng.o
                0x0000000008004f24                HAL_RNG_GenerateRandomNumber
 .text.SPI_WaitFifoStateUntilTimeout.constprop.0
                0x0000000008004f8c       0xbc ./Drivers/STM32F7xx_HAL_Driver/Src/stm32f7xx_hal_spi.o
 .text.SPI_WaitFlagStateUntilTimeout.constprop.0
                0x0000000008005048       0xa4 ./Drivers/STM32F7xx_HAL_Driver/Src/stm32f7xx_hal_spi.o
 .text.SPI_EndRxTransaction
                0x00000000080050ec       0x72 ./Drivers/STM32F7xx_HAL_Driver/Src/stm32f7xx_hal_spi.o
 .text.SPI_EndRxTxTransaction
                0x000000000800515e       0x4a ./Drivers/STM32F7xx_HAL_Driver/Src/stm32f7xx_hal_spi.o
 .text.HAL_SPI_Init
                0x00000000080051a8       0xdc ./Drivers/STM32F7xx_HAL_Driver/Src/stm32f7xx_hal_spi.o
                0x00000000080051a8                HAL_SPI_Init
 .text.HAL_SPI_TransmitReceive
                0x0000000008005284      0x258 ./Drivers/STM32F7xx_HAL_Driver/Src/stm32f7xx_hal_spi.o
                0x0000000008005284                HAL_SPI_TransmitReceive
 .text.HAL_SPI_Receive
                0x00000000080054dc      0x170 ./Drivers/STM32F7xx_HAL_Driver/Src/stm32f7xx_hal_spi.o
                0x00000000080054dc                HAL_SPI_Receive
 .text.HAL_TIM_Base_Start
                0x000000000800564c       0x74 ./Drivers/STM32F7xx_HAL_Driver/Src/stm32f7xx_hal_tim.o
                0x000000000800564c                HAL_TIM_Base_Start
 .text.HAL_TIM_Base_Start_IT
                0x00000000080056c0       0x7c ./Drivers/STM32F7xx_HAL_Driver/Src/stm32f7xx_hal_tim.o
                0x00000000080056c0                HAL_TIM_Base_Start_IT
 .text.HAL_TIM_OC_DelayElapsedCallback
                0x000000000800573c        0x2 ./Drivers/STM32F7xx_HAL_Driver/Src/stm32f7xx_hal_tim.o
                0x000000000800573c                HAL_TIM_OC_DelayElapsedCallback
 .text.HAL_TIM_IC_CaptureCallback
                0x000000000800573e        0x2 ./Drivers/STM32F7xx_HAL_Driver/Src/stm32f7xx_hal_tim.o
                0x000000000800573e                HAL_TIM_IC_CaptureCallback
 .text.HAL_TIM_PWM_PulseFinishedCallback
                0x0000000008005740        0x2 ./Drivers/STM32F7xx_HAL_Driver/Src/stm32f7xx_hal_tim.o
                0x0000000008005740                HAL_TIM_PWM_PulseFinishedCallback
 .text.HAL_TIM_TriggerCallback
                0x0000000008005742        0x2 ./Drivers/STM32F7xx_HAL_Driver/Src/stm32f7xx_hal_tim.o
                0x0000000008005742                HAL_TIM_TriggerCallback
 .text.HAL_TIM_IRQHandler
                0x0000000008005744      0x160 ./Drivers/STM32F7xx_HAL_Driver/Src/stm32f7xx_hal_tim.o
                0x0000000008005744                HAL_TIM_IRQHandler
 .text.TIM_Base_SetConfig
                0x00000000080058a4       0xcc ./Drivers/STM32F7xx_HAL_Driver/Src/stm32f7xx_hal_tim.o
                0x00000000080058a4                TIM_Base_SetConfig
 .text.HAL_TIM_Base_Init
                0x0000000008005970       0x60 ./Drivers/STM32F7xx_HAL_Driver/Src/stm32f7xx_hal_tim.o
                0x0000000008005970                HAL_TIM_Base_Init
 .text.TIM_ETR_SetConfig
                0x00000000080059d0       0x14 ./Drivers/STM32F7xx_HAL_Driver/Src/stm32f7xx_hal_tim.o
                0x00000000080059d0                TIM_ETR_SetConfig
 .text.HAL_TIM_ConfigClockSource
                0x00000000080059e4      0x128 ./Drivers/STM32F7xx_HAL_Driver/Src/stm32f7xx_hal_tim.o
                0x00000000080059e4                HAL_TIM_ConfigClockSource
 .text.HAL_TIMEx_CommutCallback
                0x0000000008005b0c        0x2 ./Drivers/STM32F7xx_HAL_Driver/Src/stm32f7xx_hal_tim_ex.o
                0x0000000008005b0c                HAL_TIMEx_CommutCallback
 .text.HAL_TIMEx_BreakCallback
                0x0000000008005b0e        0x2 ./Drivers/STM32F7xx_HAL_Driver/Src/stm32f7xx_hal_tim_ex.o
                0x0000000008005b0e                HAL_TIMEx_BreakCallback
 .text.HAL_TIMEx_Break2Callback
                0x0000000008005b10        0x2 ./Drivers/STM32F7xx_HAL_Driver/Src/stm32f7xx_hal_tim_ex.o
                0x0000000008005b10                HAL_TIMEx_Break2Callback
 *fill*         0x0000000008005b12        0x2 
 .text.UART_SetConfig
                0x0000000008005b14      0x290 ./Drivers/STM32F7xx_HAL_Driver/Src/stm32f7xx_hal_uart.o
                0x0000000008005b14                UART_SetConfig
 .text.UART_AdvFeatureConfig
                0x0000000008005da4       0xaa ./Drivers/STM32F7xx_HAL_Driver/Src/stm32f7xx_hal_uart.o
                0x0000000008005da4                UART_AdvFeatureConfig
 .text.UART_WaitOnFlagUntilTimeout
                0x0000000008005e4e       0x8c ./Drivers/STM32F7xx_HAL_Driver/Src/stm32f7xx_hal_uart.o
                0x0000000008005e4e                UART_WaitOnFlagUntilTimeout
 .text.HAL_UART_Transmit
                0x0000000008005eda       0xb4 ./Drivers/STM32F7xx_HAL_Driver/Src/stm32f7xx_hal_uart.o
                0x0000000008005eda                HAL_UART_Transmit
 .text.UART_CheckIdleState
                0x0000000008005f8e       0x66 ./Drivers/STM32F7xx_HAL_Driver/Src/stm32f7xx_hal_uart.o
                0x0000000008005f8e                UART_CheckIdleState
 .text.HAL_UART_Init
                0x0000000008005ff4       0x5c ./Drivers/STM32F7xx_HAL_Driver/Src/stm32f7xx_hal_uart.o
                0x0000000008005ff4                HAL_UART_Init
 .text.MX_LWIP_Init
                0x0000000008006050       0xb0 ./LWIP/App/lwip.o
                0x0000000008006050                MX_LWIP_Init
 .text.netbiosns_recv
                0x0000000008006100      0x168 ./LWIP/App/netbiosns.o
 .text.netbiosns_init
                0x0000000008006268       0x3c ./LWIP/App/netbiosns.o
                0x0000000008006268                netbiosns_init
 .text.netbiosns_set_name
                0x00000000080062a4       0x60 ./LWIP/App/netbiosns.o
                0x00000000080062a4                netbiosns_set_name
 .text.low_level_output
                0x0000000008006304       0x9c ./LWIP/Target/ethernetif.o
 .text.ethernetif_input
                0x00000000080063a0       0xf8 ./LWIP/Target/ethernetif.o
                0x00000000080063a0                ethernetif_input
 .text.HAL_ETH_MspInit
                0x0000000008006498      0x11c ./LWIP/Target/ethernetif.o
                0x0000000008006498                HAL_ETH_MspInit
 .text.HAL_ETH_RxCpltCallback
                0x00000000080065b4        0xc ./LWIP/Target/ethernetif.o
                0x00000000080065b4                HAL_ETH_RxCpltCallback
 .text.ethernetif_init
                0x00000000080065c0      0x174 ./LWIP/Target/ethernetif.o
                0x00000000080065c0                ethernetif_init
 .text.sys_now  0x0000000008006734        0x4 ./LWIP/Target/ethernetif.o
                0x0000000008006734                sys_now
 .text.ethernetif_set_link
                0x0000000008006738       0x48 ./LWIP/Target/ethernetif.o
                0x0000000008006738                ethernetif_set_link
 .text.ethernetif_notify_conn_changed
                0x0000000008006780        0x2 ./LWIP/Target/ethernetif.o
                0x0000000008006780                ethernetif_notify_conn_changed
 *fill*         0x0000000008006782        0x2 
 .text.ethernetif_update_config
                0x0000000008006784       0xa8 ./LWIP/Target/ethernetif.o
                0x0000000008006784                ethernetif_update_config
 .text.MX_MBEDTLS_Init
                0x000000000800682c       0x38 ./MBEDTLS/App/mbedtls.o
                0x000000000800682c                MX_MBEDTLS_Init
 .text.net_would_block.isra.0
                0x0000000008006864       0x28 ./MBEDTLS/App/net_sockets.o
 .text.mbedtls_net_connect
                0x000000000800688c       0x82 ./MBEDTLS/App/net_sockets.o
                0x000000000800688c                mbedtls_net_connect
 *fill*         0x000000000800690e        0x2 
 .text.mbedtls_net_recv
                0x0000000008006910       0x4c ./MBEDTLS/App/net_sockets.o
                0x0000000008006910                mbedtls_net_recv
 .text.mbedtls_net_recv_timeout
                0x000000000800695c       0x98 ./MBEDTLS/App/net_sockets.o
                0x000000000800695c                mbedtls_net_recv_timeout
 .text.mbedtls_net_send
                0x00000000080069f4       0x4c ./MBEDTLS/App/net_sockets.o
                0x00000000080069f4                mbedtls_net_send
 .text.mbedtls_net_free
                0x0000000008006a40       0x1e ./MBEDTLS/App/net_sockets.o
                0x0000000008006a40                mbedtls_net_free
 *fill*         0x0000000008006a5e        0x2 
 .text.mbedtls_hardware_poll
                0x0000000008006a60       0x40 ./MBEDTLS/Target/hardware_rng.o
                0x0000000008006a60                mbedtls_hardware_poll
 .text.osKernelStart
                0x0000000008006aa0        0xa ./Middlewares/Third_Party/FreeRTOS/Source/CMSIS_RTOS/cmsis_os.o
                0x0000000008006aa0                osKernelStart
 .text.osKernelSysTick
                0x0000000008006aaa        0xe ./Middlewares/Third_Party/FreeRTOS/Source/CMSIS_RTOS/cmsis_os.o
                0x0000000008006aaa                osKernelSysTick
 .text.osThreadCreate
                0x0000000008006ab8       0x50 ./Middlewares/Third_Party/FreeRTOS/Source/CMSIS_RTOS/cmsis_os.o
                0x0000000008006ab8                osThreadCreate
 .text.osDelay  0x0000000008006b08       0x10 ./Middlewares/Third_Party/FreeRTOS/Source/CMSIS_RTOS/cmsis_os.o
                0x0000000008006b08                osDelay
 .text.osTimerCreate
                0x0000000008006b18       0x30 ./Middlewares/Third_Party/FreeRTOS/Source/CMSIS_RTOS/cmsis_os.o
                0x0000000008006b18                osTimerCreate
 .text.osTimerStart
                0x0000000008006b48       0x54 ./Middlewares/Third_Party/FreeRTOS/Source/CMSIS_RTOS/cmsis_os.o
                0x0000000008006b48                osTimerStart
 .text.osSignalSet
                0x0000000008006b9c       0x52 ./Middlewares/Third_Party/FreeRTOS/Source/CMSIS_RTOS/cmsis_os.o
                0x0000000008006b9c                osSignalSet
 .text.osSignalWait
                0x0000000008006bee       0x48 ./Middlewares/Third_Party/FreeRTOS/Source/CMSIS_RTOS/cmsis_os.o
                0x0000000008006bee                osSignalWait
 .text.osMutexCreate
                0x0000000008006c36        0xe ./Middlewares/Third_Party/FreeRTOS/Source/CMSIS_RTOS/cmsis_os.o
                0x0000000008006c36                osMutexCreate
 .text.osMutexWait
                0x0000000008006c44       0x4a ./Middlewares/Third_Party/FreeRTOS/Source/CMSIS_RTOS/cmsis_os.o
                0x0000000008006c44                osMutexWait
 .text.osMutexRelease
                0x0000000008006c8e       0x46 ./Middlewares/Third_Party/FreeRTOS/Source/CMSIS_RTOS/cmsis_os.o
                0x0000000008006c8e                osMutexRelease
 .text.osMutexDelete
                0x0000000008006cd4       0x14 ./Middlewares/Third_Party/FreeRTOS/Source/CMSIS_RTOS/cmsis_os.o
                0x0000000008006cd4                osMutexDelete
 .text.osSemaphoreCreate
                0x0000000008006ce8       0x48 ./Middlewares/Third_Party/FreeRTOS/Source/CMSIS_RTOS/cmsis_os.o
                0x0000000008006ce8                osSemaphoreCreate
 .text.osSemaphoreWait
                0x0000000008006d30       0x4a ./Middlewares/Third_Party/FreeRTOS/Source/CMSIS_RTOS/cmsis_os.o
                0x0000000008006d30                osSemaphoreWait
 .text.osSemaphoreRelease
                0x0000000008006d7a        0x4 ./Middlewares/Third_Party/FreeRTOS/Source/CMSIS_RTOS/cmsis_os.o
                0x0000000008006d7a                osSemaphoreRelease
 .text.osSemaphoreDelete
                0x0000000008006d7e        0x4 ./Middlewares/Third_Party/FreeRTOS/Source/CMSIS_RTOS/cmsis_os.o
                0x0000000008006d7e                osSemaphoreDelete
 .text.osPoolCreate
                0x0000000008006d82       0x6c ./Middlewares/Third_Party/FreeRTOS/Source/CMSIS_RTOS/cmsis_os.o
                0x0000000008006d82                osPoolCreate
 .text.osPoolAlloc
                0x0000000008006dee       0x70 ./Middlewares/Third_Party/FreeRTOS/Source/CMSIS_RTOS/cmsis_os.o
                0x0000000008006dee                osPoolAlloc
 .text.osPoolFree
                0x0000000008006e5e       0x2a ./Middlewares/Third_Party/FreeRTOS/Source/CMSIS_RTOS/cmsis_os.o
                0x0000000008006e5e                osPoolFree
 .text.osMessageCreate
                0x0000000008006e88       0x24 ./Middlewares/Third_Party/FreeRTOS/Source/CMSIS_RTOS/cmsis_os.o
                0x0000000008006e88                osMessageCreate
 .text.osMessagePut
                0x0000000008006eac       0x50 ./Middlewares/Third_Party/FreeRTOS/Source/CMSIS_RTOS/cmsis_os.o
                0x0000000008006eac                osMessagePut
 .text.osMessageGet
                0x0000000008006efc       0x70 ./Middlewares/Third_Party/FreeRTOS/Source/CMSIS_RTOS/cmsis_os.o
                0x0000000008006efc                osMessageGet
 .text.osMailCreate
                0x0000000008006f6c       0x5e ./Middlewares/Third_Party/FreeRTOS/Source/CMSIS_RTOS/cmsis_os.o
                0x0000000008006f6c                osMailCreate
 .text.osMailAlloc
                0x0000000008006fca        0xa ./Middlewares/Third_Party/FreeRTOS/Source/CMSIS_RTOS/cmsis_os.o
                0x0000000008006fca                osMailAlloc
 .text.osMailCAlloc
                0x0000000008006fd4       0x20 ./Middlewares/Third_Party/FreeRTOS/Source/CMSIS_RTOS/cmsis_os.o
                0x0000000008006fd4                osMailCAlloc
 .text.osMailPut
                0x0000000008006ff4       0x54 ./Middlewares/Third_Party/FreeRTOS/Source/CMSIS_RTOS/cmsis_os.o
                0x0000000008006ff4                osMailPut
 .text.osMailGet
                0x0000000008007048       0x6e ./Middlewares/Third_Party/FreeRTOS/Source/CMSIS_RTOS/cmsis_os.o
                0x0000000008007048                osMailGet
 .text.osMailFree
                0x00000000080070b6        0xc ./Middlewares/Third_Party/FreeRTOS/Source/CMSIS_RTOS/cmsis_os.o
                0x00000000080070b6                osMailFree
 .text.osThreadList
                0x00000000080070c2        0xa ./Middlewares/Third_Party/FreeRTOS/Source/CMSIS_RTOS/cmsis_os.o
                0x00000000080070c2                osThreadList
 .text.osMessageWaiting
                0x00000000080070cc        0xe ./Middlewares/Third_Party/FreeRTOS/Source/CMSIS_RTOS/cmsis_os.o
                0x00000000080070cc                osMessageWaiting
 .text.osMessageDelete
                0x00000000080070da        0x4 ./Middlewares/Third_Party/FreeRTOS/Source/CMSIS_RTOS/cmsis_os.o
                0x00000000080070da                osMessageDelete
 .text.vListInitialise
                0x00000000080070de       0x16 ./Middlewares/Third_Party/FreeRTOS/Source/list.o
                0x00000000080070de                vListInitialise
 .text.vListInitialiseItem
                0x00000000080070f4        0x6 ./Middlewares/Third_Party/FreeRTOS/Source/list.o
                0x00000000080070f4                vListInitialiseItem
 .text.vListInsertEnd
                0x00000000080070fa       0x18 ./Middlewares/Third_Party/FreeRTOS/Source/list.o
                0x00000000080070fa                vListInsertEnd
 .text.vListInsert
                0x0000000008007112       0x2e ./Middlewares/Third_Party/FreeRTOS/Source/list.o
                0x0000000008007112                vListInsert
 .text.uxListRemove
                0x0000000008007140       0x20 ./Middlewares/Third_Party/FreeRTOS/Source/list.o
                0x0000000008007140                uxListRemove
 .text.prvIsQueueEmpty
                0x0000000008007160       0x16 ./Middlewares/Third_Party/FreeRTOS/Source/queue.o
 .text.prvCopyDataToQueue
                0x0000000008007176       0x6a ./Middlewares/Third_Party/FreeRTOS/Source/queue.o
 .text.prvCopyDataFromQueue
                0x00000000080071e0       0x2a ./Middlewares/Third_Party/FreeRTOS/Source/queue.o
 .text.prvUnlockQueue
                0x000000000800720a       0x70 ./Middlewares/Third_Party/FreeRTOS/Source/queue.o
 .text.xQueueGenericReset
                0x000000000800727a       0x82 ./Middlewares/Third_Party/FreeRTOS/Source/queue.o
                0x000000000800727a                xQueueGenericReset
 .text.xQueueGenericCreateStatic.part.0
                0x00000000080072fc       0x98 ./Middlewares/Third_Party/FreeRTOS/Source/queue.o
 .text.xQueueGenericCreateStatic
                0x0000000008007394       0x28 ./Middlewares/Third_Party/FreeRTOS/Source/queue.o
                0x0000000008007394                xQueueGenericCreateStatic
 .text.xQueueGenericCreate
                0x00000000080073bc       0x52 ./Middlewares/Third_Party/FreeRTOS/Source/queue.o
                0x00000000080073bc                xQueueGenericCreate
 .text.xQueueGenericSend
                0x000000000800740e      0x176 ./Middlewares/Third_Party/FreeRTOS/Source/queue.o
                0x000000000800740e                xQueueGenericSend
 .text.xQueueCreateMutexStatic
                0x0000000008007584       0x2a ./Middlewares/Third_Party/FreeRTOS/Source/queue.o
                0x0000000008007584                xQueueCreateMutexStatic
 .text.xQueueCreateMutex
                0x00000000080075ae       0x3a ./Middlewares/Third_Party/FreeRTOS/Source/queue.o
                0x00000000080075ae                xQueueCreateMutex
 .text.xQueueGenericSendFromISR
                0x00000000080075e8       0xd2 ./Middlewares/Third_Party/FreeRTOS/Source/queue.o
                0x00000000080075e8                xQueueGenericSendFromISR
 .text.xQueueGiveFromISR
                0x00000000080076ba       0xb8 ./Middlewares/Third_Party/FreeRTOS/Source/queue.o
                0x00000000080076ba                xQueueGiveFromISR
 .text.xQueueReceive
                0x0000000008007772      0x14a ./Middlewares/Third_Party/FreeRTOS/Source/queue.o
                0x0000000008007772                xQueueReceive
 .text.xQueueSemaphoreTake
                0x00000000080078bc      0x196 ./Middlewares/Third_Party/FreeRTOS/Source/queue.o
                0x00000000080078bc                xQueueSemaphoreTake
 .text.xQueueReceiveFromISR
                0x0000000008007a52       0xaa ./Middlewares/Third_Party/FreeRTOS/Source/queue.o
                0x0000000008007a52                xQueueReceiveFromISR
 .text.uxQueueMessagesWaiting
                0x0000000008007afc       0x2e ./Middlewares/Third_Party/FreeRTOS/Source/queue.o
                0x0000000008007afc                uxQueueMessagesWaiting
 .text.uxQueueMessagesWaitingFromISR
                0x0000000008007b2a       0x1c ./Middlewares/Third_Party/FreeRTOS/Source/queue.o
                0x0000000008007b2a                uxQueueMessagesWaitingFromISR
 *fill*         0x0000000008007b46        0x2 
 .text.vQueueAddToRegistry
                0x0000000008007b48       0x24 ./Middlewares/Third_Party/FreeRTOS/Source/queue.o
                0x0000000008007b48                vQueueAddToRegistry
 .text.vQueueUnregisterQueue
                0x0000000008007b6c       0x28 ./Middlewares/Third_Party/FreeRTOS/Source/queue.o
                0x0000000008007b6c                vQueueUnregisterQueue
 .text.vQueueDelete
                0x0000000008007b94       0x32 ./Middlewares/Third_Party/FreeRTOS/Source/queue.o
                0x0000000008007b94                vQueueDelete
 .text.vQueueWaitForMessageRestricted
                0x0000000008007bc6       0x46 ./Middlewares/Third_Party/FreeRTOS/Source/queue.o
                0x0000000008007bc6                vQueueWaitForMessageRestricted
 .text.prvAddNewTaskToReadyList
                0x0000000008007c0c      0x100 ./Middlewares/Third_Party/FreeRTOS/Source/tasks.o
 .text.prvAddCurrentTaskToDelayedList
                0x0000000008007d0c       0x88 ./Middlewares/Third_Party/FreeRTOS/Source/tasks.o
 .text.prvResetNextTaskUnblockTime
                0x0000000008007d94       0x24 ./Middlewares/Third_Party/FreeRTOS/Source/tasks.o
 .text.prvDeleteTCB
                0x0000000008007db8       0x40 ./Middlewares/Third_Party/FreeRTOS/Source/tasks.o
 .text.prvIdleTask
                0x0000000008007df8       0x64 ./Middlewares/Third_Party/FreeRTOS/Source/tasks.o
 .text.prvInitialiseNewTask.constprop.0
                0x0000000008007e5c       0xc0 ./Middlewares/Third_Party/FreeRTOS/Source/tasks.o
 .text.xTaskCreateStatic
                0x0000000008007f1c       0x7c ./Middlewares/Third_Party/FreeRTOS/Source/tasks.o
                0x0000000008007f1c                xTaskCreateStatic
 .text.xTaskCreate
                0x0000000008007f98       0x5a ./Middlewares/Third_Party/FreeRTOS/Source/tasks.o
                0x0000000008007f98                xTaskCreate
 *fill*         0x0000000008007ff2        0x2 
 .text.eTaskGetState
                0x0000000008007ff4       0x88 ./Middlewares/Third_Party/FreeRTOS/Source/tasks.o
                0x0000000008007ff4                eTaskGetState
 .text.vTaskStartScheduler
                0x000000000800807c       0xa8 ./Middlewares/Third_Party/FreeRTOS/Source/tasks.o
                0x000000000800807c                vTaskStartScheduler
 .text.vTaskSuspendAll
                0x0000000008008124       0x10 ./Middlewares/Third_Party/FreeRTOS/Source/tasks.o
                0x0000000008008124                vTaskSuspendAll
 .text.xTaskGetTickCount
                0x0000000008008134        0xc ./Middlewares/Third_Party/FreeRTOS/Source/tasks.o
                0x0000000008008134                xTaskGetTickCount
 .text.xTaskGetTickCountFromISR
                0x0000000008008140       0x10 ./Middlewares/Third_Party/FreeRTOS/Source/tasks.o
                0x0000000008008140                xTaskGetTickCountFromISR
 .text.xTaskIncrementTick
                0x0000000008008150      0x130 ./Middlewares/Third_Party/FreeRTOS/Source/tasks.o
                0x0000000008008150                xTaskIncrementTick
 .text.xTaskResumeAll
                0x0000000008008280       0xf4 ./Middlewares/Third_Party/FreeRTOS/Source/tasks.o
                0x0000000008008280                xTaskResumeAll
 .text.vTaskDelay
                0x0000000008008374       0x4c ./Middlewares/Third_Party/FreeRTOS/Source/tasks.o
                0x0000000008008374                vTaskDelay
 .text.vTaskSwitchContext
                0x00000000080083c0       0xb4 ./Middlewares/Third_Party/FreeRTOS/Source/tasks.o
                0x00000000080083c0                vTaskSwitchContext
 .text.vTaskPlaceOnEventList
                0x0000000008008474       0x38 ./Middlewares/Third_Party/FreeRTOS/Source/tasks.o
                0x0000000008008474                vTaskPlaceOnEventList
 .text.vTaskPlaceOnEventListRestricted
                0x00000000080084ac       0x40 ./Middlewares/Third_Party/FreeRTOS/Source/tasks.o
                0x00000000080084ac                vTaskPlaceOnEventListRestricted
 .text.xTaskRemoveFromEventList
                0x00000000080084ec       0x90 ./Middlewares/Third_Party/FreeRTOS/Source/tasks.o
                0x00000000080084ec                xTaskRemoveFromEventList
 .text.vTaskInternalSetTimeOutState
                0x000000000800857c       0x18 ./Middlewares/Third_Party/FreeRTOS/Source/tasks.o
                0x000000000800857c                vTaskInternalSetTimeOutState
 .text.xTaskCheckForTimeOut
                0x0000000008008594       0x80 ./Middlewares/Third_Party/FreeRTOS/Source/tasks.o
                0x0000000008008594                xTaskCheckForTimeOut
 .text.vTaskMissedYield
                0x0000000008008614        0xc ./Middlewares/Third_Party/FreeRTOS/Source/tasks.o
                0x0000000008008614                vTaskMissedYield
 .text.vTaskGetInfo
                0x0000000008008620       0x7c ./Middlewares/Third_Party/FreeRTOS/Source/tasks.o
                0x0000000008008620                vTaskGetInfo
 .text.prvListTasksWithinSingleList
                0x000000000800869c       0x5c ./Middlewares/Third_Party/FreeRTOS/Source/tasks.o
 .text.uxTaskGetSystemState
                0x00000000080086f8       0xa0 ./Middlewares/Third_Party/FreeRTOS/Source/tasks.o
                0x00000000080086f8                uxTaskGetSystemState
 .text.xTaskGetSchedulerState
                0x0000000008008798       0x20 ./Middlewares/Third_Party/FreeRTOS/Source/tasks.o
                0x0000000008008798                xTaskGetSchedulerState
 .text.xTaskPriorityInherit
                0x00000000080087b8       0xa4 ./Middlewares/Third_Party/FreeRTOS/Source/tasks.o
                0x00000000080087b8                xTaskPriorityInherit
 .text.xTaskPriorityDisinherit
                0x000000000800885c       0xac ./Middlewares/Third_Party/FreeRTOS/Source/tasks.o
                0x000000000800885c                xTaskPriorityDisinherit
 .text.vTaskPriorityDisinheritAfterTimeout
                0x0000000008008908       0xbc ./Middlewares/Third_Party/FreeRTOS/Source/tasks.o
                0x0000000008008908                vTaskPriorityDisinheritAfterTimeout
 .text.vTaskList
                0x00000000080089c4       0xc4 ./Middlewares/Third_Party/FreeRTOS/Source/tasks.o
                0x00000000080089c4                vTaskList
 .text.pvTaskIncrementMutexHeldCount
                0x0000000008008a88       0x18 ./Middlewares/Third_Party/FreeRTOS/Source/tasks.o
                0x0000000008008a88                pvTaskIncrementMutexHeldCount
 .text.xTaskNotifyWait
                0x0000000008008aa0       0x94 ./Middlewares/Third_Party/FreeRTOS/Source/tasks.o
                0x0000000008008aa0                xTaskNotifyWait
 .text.xTaskGenericNotify
                0x0000000008008b34      0x104 ./Middlewares/Third_Party/FreeRTOS/Source/tasks.o
                0x0000000008008b34                xTaskGenericNotify
 .text.xTaskGenericNotifyFromISR
                0x0000000008008c38      0x134 ./Middlewares/Third_Party/FreeRTOS/Source/tasks.o
                0x0000000008008c38                xTaskGenericNotifyFromISR
 .text.prvCheckForValidListAndQueue
                0x0000000008008d6c       0x68 ./Middlewares/Third_Party/FreeRTOS/Source/timers.o
 .text.prvInsertTimerInActiveList
                0x0000000008008dd4       0x3c ./Middlewares/Third_Party/FreeRTOS/Source/timers.o
 .text.prvInitialiseNewTimer
                0x0000000008008e10       0x50 ./Middlewares/Third_Party/FreeRTOS/Source/timers.o
 .text.xTimerCreateTimerTask
                0x0000000008008e60       0x68 ./Middlewares/Third_Party/FreeRTOS/Source/timers.o
                0x0000000008008e60                xTimerCreateTimerTask
 .text.xTimerCreate
                0x0000000008008ec8       0x34 ./Middlewares/Third_Party/FreeRTOS/Source/timers.o
                0x0000000008008ec8                xTimerCreate
 .text.xTimerCreateStatic
                0x0000000008008efc       0x56 ./Middlewares/Third_Party/FreeRTOS/Source/timers.o
                0x0000000008008efc                xTimerCreateStatic
 *fill*         0x0000000008008f52        0x2 
 .text.xTimerGenericCommand
                0x0000000008008f54       0x58 ./Middlewares/Third_Party/FreeRTOS/Source/timers.o
                0x0000000008008f54                xTimerGenericCommand
 .text.prvSampleTimeNow
                0x0000000008008fac       0xb0 ./Middlewares/Third_Party/FreeRTOS/Source/timers.o
 .text.prvTimerTask
                0x000000000800905c      0x1c4 ./Middlewares/Third_Party/FreeRTOS/Source/timers.o
 .text.prvPortStartFirstTask
                0x0000000008009220       0x28 ./Middlewares/Third_Party/FreeRTOS/Source/portable/GCC/ARM_CM7/r0p1/port.o
 .text.vPortEnableVFP
                0x0000000008009248       0x14 ./Middlewares/Third_Party/FreeRTOS/Source/portable/GCC/ARM_CM7/r0p1/port.o
 .text.prvTaskExitError
                0x000000000800925c       0x48 ./Middlewares/Third_Party/FreeRTOS/Source/portable/GCC/ARM_CM7/r0p1/port.o
 .text.pxPortInitialiseStack
                0x00000000080092a4       0x24 ./Middlewares/Third_Party/FreeRTOS/Source/portable/GCC/ARM_CM7/r0p1/port.o
                0x00000000080092a4                pxPortInitialiseStack
 *fill*         0x00000000080092c8        0x8 
 .text.SVC_Handler
                0x00000000080092d0       0x24 ./Middlewares/Third_Party/FreeRTOS/Source/portable/GCC/ARM_CM7/r0p1/port.o
                0x00000000080092d0                SVC_Handler
 .text.vPortEnterCritical
                0x00000000080092f4       0x48 ./Middlewares/Third_Party/FreeRTOS/Source/portable/GCC/ARM_CM7/r0p1/port.o
                0x00000000080092f4                vPortEnterCritical
 .text.vPortExitCritical
                0x000000000800933c       0x2c ./Middlewares/Third_Party/FreeRTOS/Source/portable/GCC/ARM_CM7/r0p1/port.o
                0x000000000800933c                vPortExitCritical
 *fill*         0x0000000008009368        0x8 
 .text.PendSV_Handler
                0x0000000008009370       0x64 ./Middlewares/Third_Party/FreeRTOS/Source/portable/GCC/ARM_CM7/r0p1/port.o
                0x0000000008009370                PendSV_Handler
 .text.SysTick_Handler
                0x00000000080093d4       0x30 ./Middlewares/Third_Party/FreeRTOS/Source/portable/GCC/ARM_CM7/r0p1/port.o
                0x00000000080093d4                SysTick_Handler
 .text.vPortSetupTimerInterrupt
                0x0000000008009404       0x24 ./Middlewares/Third_Party/FreeRTOS/Source/portable/GCC/ARM_CM7/r0p1/port.o
                0x0000000008009404                vPortSetupTimerInterrupt
 .text.xPortStartScheduler
                0x0000000008009428       0xcc ./Middlewares/Third_Party/FreeRTOS/Source/portable/GCC/ARM_CM7/r0p1/port.o
                0x0000000008009428                xPortStartScheduler
 .text.vPortValidateInterruptPriority
                0x00000000080094f4       0x64 ./Middlewares/Third_Party/FreeRTOS/Source/portable/GCC/ARM_CM7/r0p1/port.o
                0x00000000080094f4                vPortValidateInterruptPriority
 .text.prvInsertBlockIntoFreeList
                0x0000000008009558       0x48 ./Middlewares/Third_Party/FreeRTOS/Source/portable/MemMang/heap_4.o
 .text.pvPortMalloc
                0x00000000080095a0      0x12c ./Middlewares/Third_Party/FreeRTOS/Source/portable/MemMang/heap_4.o
                0x00000000080095a0                pvPortMalloc
 .text.vPortFree
                0x00000000080096cc       0x78 ./Middlewares/Third_Party/FreeRTOS/Source/portable/MemMang/heap_4.o
                0x00000000080096cc                vPortFree
 .text.xPortGetFreeHeapSize
                0x0000000008009744        0xc ./Middlewares/Third_Party/FreeRTOS/Source/portable/MemMang/heap_4.o
                0x0000000008009744                xPortGetFreeHeapSize
 .text.xPortGetMinimumEverFreeHeapSize
                0x0000000008009750        0xc ./Middlewares/Third_Party/FreeRTOS/Source/portable/MemMang/heap_4.o
                0x0000000008009750                xPortGetMinimumEverFreeHeapSize
 .text.netconn_apimsg
                0x000000000800975c       0x18 ./Middlewares/Third_Party/LwIP/src/api/api_lib.o
 .text.netconn_tcp_recvd_msg
                0x0000000008009774       0x44 ./Middlewares/Third_Party/LwIP/src/api/api_lib.o
 .text.netconn_close_shutdown
                0x00000000080097b8       0x44 ./Middlewares/Third_Party/LwIP/src/api/api_lib.o
 .text.netconn_new_with_proto_and_callback
                0x00000000080097fc       0xb4 ./Middlewares/Third_Party/LwIP/src/api/api_lib.o
                0x00000000080097fc                netconn_new_with_proto_and_callback
 .text.netconn_prepare_delete
                0x00000000080098b0       0x20 ./Middlewares/Third_Party/LwIP/src/api/api_lib.o
                0x00000000080098b0                netconn_prepare_delete
 .text.netconn_delete
                0x00000000080098d0       0x1c ./Middlewares/Third_Party/LwIP/src/api/api_lib.o
                0x00000000080098d0                netconn_delete
 .text.netconn_getaddr
                0x00000000080098ec       0x64 ./Middlewares/Third_Party/LwIP/src/api/api_lib.o
                0x00000000080098ec                netconn_getaddr
 .text.netconn_bind
                0x0000000008009950       0x4c ./Middlewares/Third_Party/LwIP/src/api/api_lib.o
                0x0000000008009950                netconn_bind
 .text.netconn_connect
                0x000000000800999c       0x4c ./Middlewares/Third_Party/LwIP/src/api/api_lib.o
                0x000000000800999c                netconn_connect
 .text.netconn_disconnect
                0x00000000080099e8       0x3c ./Middlewares/Third_Party/LwIP/src/api/api_lib.o
                0x00000000080099e8                netconn_disconnect
 .text.netconn_listen_with_backlog
                0x0000000008009a24       0x3c ./Middlewares/Third_Party/LwIP/src/api/api_lib.o
                0x0000000008009a24                netconn_listen_with_backlog
 .text.netconn_tcp_recvd
                0x0000000008009a60       0x3c ./Middlewares/Third_Party/LwIP/src/api/api_lib.o
                0x0000000008009a60                netconn_tcp_recvd
 .text.netconn_send
                0x0000000008009a9c       0x3c ./Middlewares/Third_Party/LwIP/src/api/api_lib.o
                0x0000000008009a9c                netconn_send
 .text.netconn_write_vectors_partly
                0x0000000008009ad8       0xd8 ./Middlewares/Third_Party/LwIP/src/api/api_lib.o
                0x0000000008009ad8                netconn_write_vectors_partly
 .text.netconn_write_partly
                0x0000000008009bb0       0x18 ./Middlewares/Third_Party/LwIP/src/api/api_lib.o
                0x0000000008009bb0                netconn_write_partly
 .text.netconn_close
                0x0000000008009bc8        0x6 ./Middlewares/Third_Party/LwIP/src/api/api_lib.o
                0x0000000008009bc8                netconn_close
 .text.netconn_err
                0x0000000008009bce       0x1e ./Middlewares/Third_Party/LwIP/src/api/api_lib.o
                0x0000000008009bce                netconn_err
 .text.netconn_accept
                0x0000000008009bec       0xb0 ./Middlewares/Third_Party/LwIP/src/api/api_lib.o
                0x0000000008009bec                netconn_accept
 .text.netconn_recv_data
                0x0000000008009c9c       0xec ./Middlewares/Third_Party/LwIP/src/api/api_lib.o
 .text.netconn_recv_udp_raw_netbuf_flags
                0x0000000008009d88       0x38 ./Middlewares/Third_Party/LwIP/src/api/api_lib.o
                0x0000000008009d88                netconn_recv_udp_raw_netbuf_flags
 .text.netconn_recv_data_tcp
                0x0000000008009dc0       0x94 ./Middlewares/Third_Party/LwIP/src/api/api_lib.o
 .text.netconn_recv_tcp_pbuf_flags
                0x0000000008009e54       0x38 ./Middlewares/Third_Party/LwIP/src/api/api_lib.o
                0x0000000008009e54                netconn_recv_tcp_pbuf_flags
 .text.netconn_recv
                0x0000000008009e8c       0xa8 ./Middlewares/Third_Party/LwIP/src/api/api_lib.o
                0x0000000008009e8c                netconn_recv
 .text.netconn_shutdown
                0x0000000008009f34       0x16 ./Middlewares/Third_Party/LwIP/src/api/api_lib.o
                0x0000000008009f34                netconn_shutdown
 *fill*         0x0000000008009f4a        0x2 
 .text.netconn_gethostbyname
                0x0000000008009f4c       0x7c ./Middlewares/Third_Party/LwIP/src/api/api_lib.o
                0x0000000008009f4c                netconn_gethostbyname
 .text.recv_udp
                0x0000000008009fc8       0xbc ./Middlewares/Third_Party/LwIP/src/api/api_msg.o
 .text.setup_tcp
                0x000000000800a084       0x44 ./Middlewares/Third_Party/LwIP/src/api/api_msg.o
 .text.lwip_netconn_do_connected
                0x000000000800a0c8       0xac ./Middlewares/Third_Party/LwIP/src/api/api_msg.o
 .text.lwip_netconn_do_dns_found
                0x000000000800a174       0x1a ./Middlewares/Third_Party/LwIP/src/api/api_msg.o
 *fill*         0x000000000800a18e        0x2 
 .text.lwip_netconn_do_writemore
                0x000000000800a190      0x250 ./Middlewares/Third_Party/LwIP/src/api/api_msg.o
 .text.lwip_netconn_do_close_internal
                0x000000000800a3e0      0x1e8 ./Middlewares/Third_Party/LwIP/src/api/api_msg.o
 .text.poll_tcp
                0x000000000800a5c8       0x78 ./Middlewares/Third_Party/LwIP/src/api/api_msg.o
 .text.sent_tcp
                0x000000000800a640       0x6c ./Middlewares/Third_Party/LwIP/src/api/api_msg.o
 .text.recv_tcp
                0x000000000800a6ac       0xd0 ./Middlewares/Third_Party/LwIP/src/api/api_msg.o
 .text.err_tcp  0x000000000800a77c      0x13c ./Middlewares/Third_Party/LwIP/src/api/api_msg.o
 .text.lwip_netconn_is_err_msg
                0x000000000800a8b8       0x54 ./Middlewares/Third_Party/LwIP/src/api/api_msg.o
                0x000000000800a8b8                lwip_netconn_is_err_msg
 .text.lwip_netconn_do_newconn
                0x000000000800a90c       0x60 ./Middlewares/Third_Party/LwIP/src/api/api_msg.o
                0x000000000800a90c                lwip_netconn_do_newconn
 .text.netconn_alloc
                0x000000000800a96c       0x8c ./Middlewares/Third_Party/LwIP/src/api/api_msg.o
                0x000000000800a96c                netconn_alloc
 .text.netconn_free
                0x000000000800a9f8       0x78 ./Middlewares/Third_Party/LwIP/src/api/api_msg.o
                0x000000000800a9f8                netconn_free
 .text.netconn_drain
                0x000000000800aa70       0x9e ./Middlewares/Third_Party/LwIP/src/api/api_msg.o
 *fill*         0x000000000800ab0e        0x2 
 .text.accept_function
                0x000000000800ab10       0xf4 ./Middlewares/Third_Party/LwIP/src/api/api_msg.o
 .text.lwip_netconn_do_delconn
                0x000000000800ac04      0x10c ./Middlewares/Third_Party/LwIP/src/api/api_msg.o
                0x000000000800ac04                lwip_netconn_do_delconn
 .text.lwip_netconn_do_bind
                0x000000000800ad10       0x34 ./Middlewares/Third_Party/LwIP/src/api/api_msg.o
                0x000000000800ad10                lwip_netconn_do_bind
 .text.lwip_netconn_do_connect
                0x000000000800ad44       0xe0 ./Middlewares/Third_Party/LwIP/src/api/api_msg.o
                0x000000000800ad44                lwip_netconn_do_connect
 .text.lwip_netconn_do_disconnect
                0x000000000800ae24       0x20 ./Middlewares/Third_Party/LwIP/src/api/api_msg.o
                0x000000000800ae24                lwip_netconn_do_disconnect
 .text.lwip_netconn_do_listen
                0x000000000800ae44       0xb8 ./Middlewares/Third_Party/LwIP/src/api/api_msg.o
                0x000000000800ae44                lwip_netconn_do_listen
 .text.lwip_netconn_do_send
                0x000000000800aefc       0x3c ./Middlewares/Third_Party/LwIP/src/api/api_msg.o
                0x000000000800aefc                lwip_netconn_do_send
 .text.lwip_netconn_do_recv
                0x000000000800af38       0x36 ./Middlewares/Third_Party/LwIP/src/api/api_msg.o
                0x000000000800af38                lwip_netconn_do_recv
 *fill*         0x000000000800af6e        0x2 
 .text.lwip_netconn_do_write
                0x000000000800af70       0xcc ./Middlewares/Third_Party/LwIP/src/api/api_msg.o
                0x000000000800af70                lwip_netconn_do_write
 .text.lwip_netconn_do_getaddr
                0x000000000800b03c       0x74 ./Middlewares/Third_Party/LwIP/src/api/api_msg.o
                0x000000000800b03c                lwip_netconn_do_getaddr
 .text.lwip_netconn_do_close
                0x000000000800b0b0       0xbc ./Middlewares/Third_Party/LwIP/src/api/api_msg.o
                0x000000000800b0b0                lwip_netconn_do_close
 .text.lwip_netconn_do_gethostbyname
                0x000000000800b16c       0x6c ./Middlewares/Third_Party/LwIP/src/api/api_msg.o
                0x000000000800b16c                lwip_netconn_do_gethostbyname
 .text.err_to_errno
                0x000000000800b1d8       0x1c ./Middlewares/Third_Party/LwIP/src/api/err.o
                0x000000000800b1d8                err_to_errno
 .text.netbuf_delete
                0x000000000800b1f4       0x22 ./Middlewares/Third_Party/LwIP/src/api/netbuf.o
                0x000000000800b1f4                netbuf_delete
 *fill*         0x000000000800b216        0x2 
 .text.netbuf_free
                0x000000000800b218       0x34 ./Middlewares/Third_Party/LwIP/src/api/netbuf.o
                0x000000000800b218                netbuf_free
 .text.netbuf_ref
                0x000000000800b24c       0x54 ./Middlewares/Third_Party/LwIP/src/api/netbuf.o
                0x000000000800b24c                netbuf_ref
 .text.netbuf_data
                0x000000000800b2a0       0x58 ./Middlewares/Third_Party/LwIP/src/api/netbuf.o
                0x000000000800b2a0                netbuf_data
 .text.lwip_freeaddrinfo
                0x000000000800b2f8       0x14 ./Middlewares/Third_Party/LwIP/src/api/netdb.o
                0x000000000800b2f8                lwip_freeaddrinfo
 .text.lwip_getaddrinfo
                0x000000000800b30c      0x11c ./Middlewares/Third_Party/LwIP/src/api/netdb.o
                0x000000000800b30c                lwip_getaddrinfo
 .text.get_socket
                0x000000000800b428       0x24 ./Middlewares/Third_Party/LwIP/src/api/sockets.o
 .text.alloc_socket
                0x000000000800b44c       0x80 ./Middlewares/Third_Party/LwIP/src/api/sockets.o
 .text.lwip_selscan
                0x000000000800b4cc      0x124 ./Middlewares/Third_Party/LwIP/src/api/sockets.o
 .text.lwip_link_select_cb
                0x000000000800b5f0       0x28 ./Middlewares/Third_Party/LwIP/src/api/sockets.o
 .text.lwip_unlink_select_cb
                0x000000000800b618       0x6c ./Middlewares/Third_Party/LwIP/src/api/sockets.o
 .text.lwip_recv_tcp
                0x000000000800b684      0x158 ./Middlewares/Third_Party/LwIP/src/api/sockets.o
 .text.event_callback
                0x000000000800b7dc      0x188 ./Middlewares/Third_Party/LwIP/src/api/sockets.o
 .text.lwip_sock_make_addr.constprop.0.isra.0
                0x000000000800b964       0x70 ./Middlewares/Third_Party/LwIP/src/api/sockets.o
 .text.lwip_recvfrom_udp_raw.constprop.0
                0x000000000800b9d4       0xf0 ./Middlewares/Third_Party/LwIP/src/api/sockets.o
 .text.free_socket
                0x000000000800bac4       0x36 ./Middlewares/Third_Party/LwIP/src/api/sockets.o
 *fill*         0x000000000800bafa        0x2 
 .text.lwip_close
                0x000000000800bafc       0x70 ./Middlewares/Third_Party/LwIP/src/api/sockets.o
                0x000000000800bafc                lwip_close
 .text.lwip_connect
                0x000000000800bb6c       0x74 ./Middlewares/Third_Party/LwIP/src/api/sockets.o
                0x000000000800bb6c                lwip_connect
 .text.lwip_recvfrom
                0x000000000800bbe0       0xb8 ./Middlewares/Third_Party/LwIP/src/api/sockets.o
                0x000000000800bbe0                lwip_recvfrom
 .text.lwip_read
                0x000000000800bc98       0x12 ./Middlewares/Third_Party/LwIP/src/api/sockets.o
                0x000000000800bc98                lwip_read
 *fill*         0x000000000800bcaa        0x2 
 .text.lwip_sendto
                0x000000000800bcac       0xe8 ./Middlewares/Third_Party/LwIP/src/api/sockets.o
                0x000000000800bcac                lwip_sendto
 .text.lwip_send
                0x000000000800bd94       0x70 ./Middlewares/Third_Party/LwIP/src/api/sockets.o
                0x000000000800bd94                lwip_send
 .text.lwip_socket
                0x000000000800be04       0x70 ./Middlewares/Third_Party/LwIP/src/api/sockets.o
                0x000000000800be04                lwip_socket
 .text.lwip_write
                0x000000000800be74        0x6 ./Middlewares/Third_Party/LwIP/src/api/sockets.o
                0x000000000800be74                lwip_write
 *fill*         0x000000000800be7a        0x2 
 .text.lwip_select
                0x000000000800be7c      0x284 ./Middlewares/Third_Party/LwIP/src/api/sockets.o
                0x000000000800be7c                lwip_select
 .text.lwip_shutdown
                0x000000000800c100       0x68 ./Middlewares/Third_Party/LwIP/src/api/sockets.o
                0x000000000800c100                lwip_shutdown
 .text.lwip_fcntl
                0x000000000800c168       0x84 ./Middlewares/Third_Party/LwIP/src/api/sockets.o
                0x000000000800c168                lwip_fcntl
 .text.tcpip_thread
                0x000000000800c1ec       0xd0 ./Middlewares/Third_Party/LwIP/src/api/tcpip.o
 .text.tcpip_inpkt
                0x000000000800c2bc       0x58 ./Middlewares/Third_Party/LwIP/src/api/tcpip.o
                0x000000000800c2bc                tcpip_inpkt
 .text.tcpip_input
                0x000000000800c314       0x1c ./Middlewares/Third_Party/LwIP/src/api/tcpip.o
                0x000000000800c314                tcpip_input
 .text.tcpip_try_callback
                0x000000000800c330       0x58 ./Middlewares/Third_Party/LwIP/src/api/tcpip.o
                0x000000000800c330                tcpip_try_callback
 .text.tcpip_send_msg_wait_sem
                0x000000000800c388       0x20 ./Middlewares/Third_Party/LwIP/src/api/tcpip.o
                0x000000000800c388                tcpip_send_msg_wait_sem
 .text.tcpip_init
                0x000000000800c3a8       0x7c ./Middlewares/Third_Party/LwIP/src/api/tcpip.o
                0x000000000800c3a8                tcpip_init
 .text.fs_open  0x000000000800c424       0x40 ./Middlewares/Third_Party/LwIP/src/apps/http/fs.o
                0x000000000800c424                fs_open
 .text.fs_close
                0x000000000800c464        0x2 ./Middlewares/Third_Party/LwIP/src/apps/http/fs.o
                0x000000000800c464                fs_close
 .text.lwip_htons
                0x000000000800c466        0x6 ./Middlewares/Third_Party/LwIP/src/core/def.o
                0x000000000800c466                lwip_htons
 .text.lwip_htonl
                0x000000000800c46c        0x4 ./Middlewares/Third_Party/LwIP/src/core/def.o
                0x000000000800c46c                lwip_htonl
 .text.lwip_strnicmp
                0x000000000800c470       0x3a ./Middlewares/Third_Party/LwIP/src/core/def.o
                0x000000000800c470                lwip_strnicmp
 *fill*         0x000000000800c4aa        0x2 
 .text.dns_call_found
                0x000000000800c4ac       0xa0 ./Middlewares/Third_Party/LwIP/src/core/dns.o
 .text.dns_send.isra.0
                0x000000000800c54c      0x148 ./Middlewares/Third_Party/LwIP/src/core/dns.o
 .text.dns_check_entry
                0x000000000800c694       0xf0 ./Middlewares/Third_Party/LwIP/src/core/dns.o
 .text.dns_recv
                0x000000000800c784      0x2fc ./Middlewares/Third_Party/LwIP/src/core/dns.o
 .text.dns_init
                0x000000000800ca80        0x2 ./Middlewares/Third_Party/LwIP/src/core/dns.o
                0x000000000800ca80                dns_init
 *fill*         0x000000000800ca82        0x2 
 .text.dns_setserver
                0x000000000800ca84       0x20 ./Middlewares/Third_Party/LwIP/src/core/dns.o
                0x000000000800ca84                dns_setserver
 .text.dns_tmr  0x000000000800caa4       0x1e ./Middlewares/Third_Party/LwIP/src/core/dns.o
                0x000000000800caa4                dns_tmr
 *fill*         0x000000000800cac2        0x2 
 .text.dns_gethostbyname_addrtype
                0x000000000800cac4      0x268 ./Middlewares/Third_Party/LwIP/src/core/dns.o
                0x000000000800cac4                dns_gethostbyname_addrtype
 .text.lwip_init
                0x000000000800cd2c       0x26 ./Middlewares/Third_Party/LwIP/src/core/init.o
                0x000000000800cd2c                lwip_init
 *fill*         0x000000000800cd52        0x2 
 .text.mem_init
                0x000000000800cd54       0x70 ./Middlewares/Third_Party/LwIP/src/core/mem.o
                0x000000000800cd54                mem_init
 .text.mem_free
                0x000000000800cdc4      0x1bc ./Middlewares/Third_Party/LwIP/src/core/mem.o
                0x000000000800cdc4                mem_free
 .text.mem_trim
                0x000000000800cf80      0x178 ./Middlewares/Third_Party/LwIP/src/core/mem.o
                0x000000000800cf80                mem_trim
 .text.mem_malloc
                0x000000000800d0f8      0x164 ./Middlewares/Third_Party/LwIP/src/core/mem.o
                0x000000000800d0f8                mem_malloc
 .text.do_memp_malloc_pool
                0x000000000800d25c       0x3c ./Middlewares/Third_Party/LwIP/src/core/memp.o
 .text.do_memp_free_pool