Archive member included to satisfy reference by file (symbol)

c:/st/stm32cubeide_1.8.0/stm32cubeide/plugins/com.st.stm32cube.ide.mcu.externaltools.gnu-tools-for-stm32.9-2020-q2-update.win32_2.0.0.202105311346/tools/bin/../lib/gcc/arm-none-eabi/9.3.1/../../../../arm-none-eabi/lib/thumb/v7e-m+dp/hard\libc_nano.a(lib_a-atoi.o)
                              ./Core/Src/SSL_email.o (atoi)
c:/st/stm32cubeide_1.8.0/stm32cubeide/plugins/com.st.stm32cube.ide.mcu.externaltools.gnu-tools-for-stm32.9-2020-q2-update.win32_2.0.0.202105311346/tools/bin/../lib/gcc/arm-none-eabi/9.3.1/../../../../arm-none-eabi/lib/thumb/v7e-m+dp/hard\libc_nano.a(lib_a-calloc.o)
                              ./Middlewares/Third_Party/mbedTLS/library/asn1parse.o (calloc)
c:/st/stm32cubeide_1.8.0/stm32cubeide/plugins/com.st.stm32cube.ide.mcu.externaltools.gnu-tools-for-stm32.9-2020-q2-update.win32_2.0.0.202105311346/tools/bin/../lib/gcc/arm-none-eabi/9.3.1/../../../../arm-none-eabi/lib/thumb/v7e-m+dp/hard\libc_nano.a(lib_a-ctype_.o)
                              ./LWIP/App/netbiosns.o (_ctype_)
c:/st/stm32cubeide_1.8.0/stm32cubeide/plugins/com.st.stm32cube.ide.mcu.externaltools.gnu-tools-for-stm32.9-2020-q2-update.win32_2.0.0.202105311346/tools/bin/../lib/gcc/arm-none-eabi/9.3.1/../../../../arm-none-eabi/lib/thumb/v7e-m+dp/hard\libc_nano.a(lib_a-exit.o)
                              c:/st/stm32cubeide_1.8.0/stm32cubeide/plugins/com.st.stm32cube.ide.mcu.externaltools.gnu-tools-for-stm32.9-2020-q2-update.win32_2.0.0.202105311346/tools/bin/../lib/gcc/arm-none-eabi/9.3.1/../../../../arm-none-eabi/lib/thumb/v7e-m+dp/hard/crt0.o (exit)
c:/st/stm32cubeide_1.8.0/stm32cubeide/plugins/com.st.stm32cube.ide.mcu.externaltools.gnu-tools-for-stm32.9-2020-q2-update.win32_2.0.0.202105311346/tools/bin/../lib/gcc/arm-none-eabi/9.3.1/../../../../arm-none-eabi/lib/thumb/v7e-m+dp/hard\libc_nano.a(lib_a-findfp.o)
                              ./Middlewares/Third_Party/FreeRTOS/Source/tasks.o (__sf_fake_stderr)
c:/st/stm32cubeide_1.8.0/stm32cubeide/plugins/com.st.stm32cube.ide.mcu.externaltools.gnu-tools-for-stm32.9-2020-q2-update.win32_2.0.0.202105311346/tools/bin/../lib/gcc/arm-none-eabi/9.3.1/../../../../arm-none-eabi/lib/thumb/v7e-m+dp/hard\libc_nano.a(lib_a-fwalk.o)
                              c:/st/stm32cubeide_1.8.0/stm32cubeide/plugins/com.st.stm32cube.ide.mcu.externaltools.gnu-tools-for-stm32.9-2020-q2-update.win32_2.0.0.202105311346/tools/bin/../lib/gcc/arm-none-eabi/9.3.1/../../../../arm-none-eabi/lib/thumb/v7e-m+dp/hard\libc_nano.a(lib_a-findfp.o) (_fwalk)
c:/st/stm32cubeide_1.8.0/stm32cubeide/plugins/com.st.stm32cube.ide.mcu.externaltools.gnu-tools-for-stm32.9-2020-q2-update.win32_2.0.0.202105311346/tools/bin/../lib/gcc/arm-none-eabi/9.3.1/../../../../arm-none-eabi/lib/thumb/v7e-m+dp/hard\libc_nano.a(lib_a-gmtime.o)
                              ./Middlewares/Third_Party/mbedTLS/library/platform_util.o (gmtime)
c:/st/stm32cubeide_1.8.0/stm32cubeide/plugins/com.st.stm32cube.ide.mcu.externaltools.gnu-tools-for-stm32.9-2020-q2-update.win32_2.0.0.202105311346/tools/bin/../lib/gcc/arm-none-eabi/9.3.1/../../../../arm-none-eabi/lib/thumb/v7e-m+dp/hard\libc_nano.a(lib_a-gmtime_r.o)
                              c:/st/stm32cubeide_1.8.0/stm32cubeide/plugins/com.st.stm32cube.ide.mcu.externaltools.gnu-tools-for-stm32.9-2020-q2-update.win32_2.0.0.202105311346/tools/bin/../lib/gcc/arm-none-eabi/9.3.1/../../../../arm-none-eabi/lib/thumb/v7e-m+dp/hard\libc_nano.a(lib_a-gmtime.o) (gmtime_r)
c:/st/stm32cubeide_1.8.0/stm32cubeide/plugins/com.st.stm32cube.ide.mcu.externaltools.gnu-tools-for-stm32.9-2020-q2-update.win32_2.0.0.202105311346/tools/bin/../lib/gcc/arm-none-eabi/9.3.1/../../../../arm-none-eabi/lib/thumb/v7e-m+dp/hard\libc_nano.a(lib_a-impure.o)
                              c:/st/stm32cubeide_1.8.0/stm32cubeide/plugins/com.st.stm32cube.ide.mcu.externaltools.gnu-tools-for-stm32.9-2020-q2-update.win32_2.0.0.202105311346/tools/bin/../lib/gcc/arm-none-eabi/9.3.1/../../../../arm-none-eabi/lib/thumb/v7e-m+dp/hard\libc_nano.a(lib_a-exit.o) (_global_impure_ptr)
c:/st/stm32cubeide_1.8.0/stm32cubeide/plugins/com.st.stm32cube.ide.mcu.externaltools.gnu-tools-for-stm32.9-2020-q2-update.win32_2.0.0.202105311346/tools/bin/../lib/gcc/arm-none-eabi/9.3.1/../../../../arm-none-eabi/lib/thumb/v7e-m+dp/hard\libc_nano.a(lib_a-init.o)
                              c:/st/stm32cubeide_1.8.0/stm32cubeide/plugins/com.st.stm32cube.ide.mcu.externaltools.gnu-tools-for-stm32.9-2020-q2-update.win32_2.0.0.202105311346/tools/bin/../lib/gcc/arm-none-eabi/9.3.1/../../../../arm-none-eabi/lib/thumb/v7e-m+dp/hard/crt0.o (__libc_init_array)
c:/st/stm32cubeide_1.8.0/stm32cubeide/plugins/com.st.stm32cube.ide.mcu.externaltools.gnu-tools-for-stm32.9-2020-q2-update.win32_2.0.0.202105311346/tools/bin/../lib/gcc/arm-none-eabi/9.3.1/../../../../arm-none-eabi/lib/thumb/v7e-m+dp/hard\libc_nano.a(lib_a-lock.o)
[...]
Memory Configuration

Name             Origin             Length             Attributes
RAM              0x0000000020000000 0x0000000000080000 xrw
FLASH            0x0000000008000000 0x0000000000200000 xr
*default*        0x0000000000000000 0xffffffffffffffff

Linker script and memory map

LOAD c:/st/stm32cubeide_1.8.0/stm32cubeide/plugins/com.st.stm32cube.ide.mcu.externaltools.gnu-tools-for-stm32.9-2020-q2-update.win32_2.0.0.202105311346/tools/bin/../lib/gcc/arm-none-eabi/9.3.1/thumb/v7e-m+dp/hard/crti.o
LOAD c:/st/stm32cubeide_1.8.0/stm32cubeide/plugins/com.st.stm32cube.ide.mcu.externaltools.gnu-tools-for-stm32.9-2020-q2-update.win32_2.0.0.202105311346/tools/bin/../lib/gcc/arm-none-eabi/9.3.1/thumb/v7e-m+dp/hard/crtbegin.o
LOAD c:/st/stm32cubeide_1.8.0/stm32cubeide/plugins/com.st.stm32cube.ide.mcu.externaltools.gnu-tools-for-stm32.9-2020-q2-update.win32_2.0.0.202105311346/tools/bin/../lib/gcc/arm-none-eabi/9.3.1/../../../../arm-none-eabi/lib/thumb/v7e-m+dp/hard/crt0.o
LOAD ./Core/Src/SSL_email.o
LOAD ./Core/Src/adc.o
LOAD ./Core/Src/application_core.o
LOAD ./Core/Src/development_aid.o
LOAD ./Core/Src/freertos.o
LOAD ./Core/Src/gpio.o
LOAD ./Core/Src/main.o
LOAD ./Core/Src/rng.o
LOAD ./Core/Src/stm32f7xx_hal_msp.o
LOAD ./Core/Src/stm32f7xx_hal_timebase_tim.o
LOAD ./Core/Src/stm32f7xx_it.o
LOAD ./Core/Src/syscalls.o
LOAD ./Core/Src/sysmem.o
LOAD ./Core/Src/system_stm32f7xx.o
LOAD ./Core/Src/usart.o
LOAD ./Core/Src/web_server.o
LOAD ./Core/Startup/startup_stm32f767zitx.o
LOAD ./Drivers/STM32F7xx_HAL_Driver/Src/stm32f7xx_hal.o
LOAD ./Drivers/STM32F7xx_HAL_Driver/Src/stm32f7xx_hal_adc.o
LOAD ./Drivers/STM32F7xx_HAL_Driver/Src/stm32f7xx_hal_adc_ex.o
LOAD ./Drivers/STM32F7xx_HAL_Driver/Src/stm32f7xx_hal_cortex.o
LOAD ./Drivers/STM32F7xx_HAL_Driver/Src/stm32f7xx_hal_dma.o
LOAD ./Drivers/STM32F7xx_HAL_Driver/Src/stm32f7xx_hal_dma_ex.o
LOAD ./Drivers/STM32F7xx_HAL_Driver/Src/stm32f7xx_hal_eth.o
LOAD ./Drivers/STM32F7xx_HAL_Driver/Src/stm32f7xx_hal_exti.o
LOAD ./Drivers/STM32F7xx_HAL_Driver/Src/stm32f7xx_hal_flash.o
LOAD ./Drivers/STM32F7xx_HAL_Driver/Src/stm32f7xx_hal_flash_ex.o
LOAD ./Drivers/STM32F7xx_HAL_Driver/Src/stm32f7xx_hal_gpio.o
LOAD ./Drivers/STM32F7xx_HAL_Driver/Src/stm32f7xx_hal_i2c.o
LOAD ./Drivers/STM32F7xx_HAL_Driver/Src/stm32f7xx_hal_i2c_ex.o
LOAD ./Drivers/STM32F7xx_HAL_Driver/Src/stm32f7xx_hal_pwr.o
LOAD ./Drivers/STM32F7xx_HAL_Driver/Src/stm32f7xx_hal_pwr_ex.o
LOAD ./Drivers/STM32F7xx_HAL_Driver/Src/stm32f7xx_hal_rcc.o
LOAD ./Drivers/STM32F7xx_HAL_Driver/Src/stm32f7xx_hal_rcc_ex.o
LOAD ./Drivers/STM32F7xx_HAL_Driver/Src/stm32f7xx_hal_rng.o
LOAD ./Drivers/STM32F7xx_HAL_Driver/Src/stm32f7xx_hal_tim.o
LOAD ./Drivers/STM32F7xx_HAL_Driver/Src/stm32f7xx_hal_tim_ex.o
LOAD ./Drivers/STM32F7xx_HAL_Driver/Src/stm32f7xx_hal_uart.o
LOAD ./Drivers/STM32F7xx_HAL_Driver/Src/stm32f7xx_hal_uart_ex.o
LOAD ./LWIP/App/lwip.o
LOAD ./LWIP/App/netbiosns.o
LOAD ./LWIP/Target/ethernetif.o
LOAD ./MBEDTLS/App/mbedtls.o
LOAD ./MBEDTLS/App/net_sockets.o
LOAD ./MBEDTLS/Target/hardware_rng.o
LOAD ./Middlewares/Third_Party/FreeRTOS/Source/CMSIS_RTOS/cmsis_os.o
LOAD ./Middlewares/Third_Party/FreeRTOS/Source/croutine.o
LOAD ./Middlewares/Third_Party/FreeRTOS/Source/event_groups.o
LOAD ./Middlewares/Third_Party/FreeRTOS/Source/list.o
LOAD ./Middlewares/Third_Party/FreeRTOS/Source/queue.o
LOAD ./Middlewares/Third_Party/FreeRTOS/Source/stream_buffer.o
LOAD ./Middlewares/Third_Party/FreeRTOS/Source/tasks.o
LOAD ./Middlewares/Third_Party/FreeRTOS/Source/timers.o
LOAD ./Middlewares/Third_Party/FreeRTOS/Source/portable/GCC/ARM_CM7/r0p1/port.o
LOAD ./Middlewares/Third_Party/FreeRTOS/Source/portable/MemMang/heap_4.o
LOAD ./Middlewares/Third_Party/LwIP/src/api/api_lib.o
LOAD ./Middlewares/Third_Party/LwIP/src/api/api_msg.o
LOAD ./Middlewares/Third_Party/LwIP/src/api/err.o
LOAD ./Middlewares/Third_Party/LwIP/src/api/if_api.o
LOAD ./Middlewares/Third_Party/LwIP/src/api/netbuf.o
LOAD ./Middlewares/Third_Party/LwIP/src/api/netdb.o
LOAD ./Middlewares/Third_Party/LwIP/src/api/netifapi.o
LOAD ./Middlewares/Third_Party/LwIP/src/api/sockets.o
LOAD ./Middlewares/Third_Party/LwIP/src/api/tcpip.o
LOAD ./Middlewares/Third_Party/LwIP/src/apps/http/fs.o
LOAD ./Middlewares/Third_Party/LwIP/src/apps/http/httpd.o
LOAD ./Middlewares/Third_Party/LwIP/src/apps/mqtt/mqtt.o
LOAD ./Middlewares/Third_Party/LwIP/src/core/altcp.o
LOAD ./Middlewares/Third_Party/LwIP/src/core/altcp_alloc.o
LOAD ./Middlewares/Third_Party/LwIP/src/core/altcp_tcp.o
LOAD ./Middlewares/Third_Party/LwIP/src/core/def.o
LOAD ./Middlewares/Third_Party/LwIP/src/core/dns.o
LOAD ./Middlewares/Third_Party/LwIP/src/core/inet_chksum.o
LOAD ./Middlewares/Third_Party/LwIP/src/core/init.o
LOAD ./Middlewares/Third_Party/LwIP/src/core/ip.o
LOAD ./Middlewares/Third_Party/LwIP/src/core/mem.o
LOAD ./Middlewares/Third_Party/LwIP/src/core/memp.o
LOAD ./Middlewares/Third_Party/LwIP/src/core/netif.o
LOAD ./Middlewares/Third_Party/LwIP/src/core/pbuf.o
LOAD ./Middlewares/Third_Party/LwIP/src/core/raw.o
LOAD ./Middlewares/Third_Party/LwIP/src/core/stats.o
LOAD ./Middlewares/Third_Party/LwIP/src/core/sys.o
LOAD ./Middlewares/Third_Party/LwIP/src/core/tcp.o
LOAD ./Middlewares/Third_Party/LwIP/src/core/tcp_in.o
LOAD ./Middlewares/Third_Party/LwIP/src/core/tcp_out.o
LOAD ./Middlewares/Third_Party/LwIP/src/core/timeouts.o
LOAD ./Middlewares/Third_Party/LwIP/src/core/udp.o
LOAD ./Middlewares/Third_Party/LwIP/src/core/ipv4/autoip.o
LOAD ./Middlewares/Third_Party/LwIP/src/core/ipv4/dhcp.o
LOAD ./Middlewares/Third_Party/LwIP/src/core/ipv4/etharp.o
LOAD ./Middlewares/Third_Party/LwIP/src/core/ipv4/icmp.o
LOAD ./Middlewares/Third_Party/LwIP/src/core/ipv4/igmp.o
LOAD ./Middlewares/Third_Party/LwIP/src/core/ipv4/ip4.o
LOAD ./Middlewares/Third_Party/LwIP/src/core/ipv4/ip4_addr.o
LOAD ./Middlewares/Third_Party/LwIP/src/core/ipv4/ip4_frag.o
LOAD ./Middlewares/Third_Party/LwIP/src/core/ipv6/dhcp6.o
LOAD ./Middlewares/Third_Party/LwIP/src/core/ipv6/ethip6.o
LOAD ./Middlewares/Third_Party/LwIP/src/core/ipv6/icmp6.o
LOAD ./Middlewares/Third_Party/LwIP/src/core/ipv6/inet6.o
LOAD ./Middlewares/Third_Party/LwIP/src/core/ipv6/ip6.o
LOAD ./Middlewares/Third_Party/LwIP/src/core/ipv6/ip6_addr.o
LOAD ./Middlewares/Third_Party/LwIP/src/core/ipv6/ip6_frag.o
LOAD ./Middlewares/Third_Party/LwIP/src/core/ipv6/mld6.o
LOAD ./Middlewares/Third_Party/LwIP/src/core/ipv6/nd6.o
LOAD ./Middlewares/Third_Party/LwIP/src/netif/bridgeif.o
LOAD ./Middlewares/Third_Party/LwIP/src/netif/bridgeif_fdb.o
LOAD ./Middlewares/Third_Party/LwIP/src/netif/ethernet.o
LOAD ./Middlewares/Third_Party/LwIP/src/netif/lowpan6.o
LOAD ./Middlewares/Third_Party/LwIP/src/netif/lowpan6_ble.o
LOAD ./Middlewares/Third_Party/LwIP/src/netif/lowpan6_common.o
LOAD ./Middlewares/Third_Party/LwIP/src/netif/slipif.o
LOAD ./Middlewares/Third_Party/LwIP/src/netif/zepif.o
LOAD ./Middlewares/Third_Party/LwIP/src/netif/ppp/auth.o
LOAD ./Middlewares/Third_Party/LwIP/src/netif/ppp/ccp.o
LOAD ./Middlewares/Third_Party/LwIP/src/netif/ppp/chap-md5.o
LOAD ./Middlewares/Third_Party/LwIP/src/netif/ppp/chap-new.o
LOAD ./Middlewares/Third_Party/LwIP/src/netif/ppp/chap_ms.o
LOAD ./Middlewares/Third_Party/LwIP/src/netif/ppp/demand.o
LOAD ./Middlewares/Third_Party/LwIP/src/netif/ppp/eap.o
LOAD ./Middlewares/Third_Party/LwIP/src/netif/ppp/eui64.o
LOAD ./Middlewares/Third_Party/LwIP/src/netif/ppp/fsm.o
LOAD ./Middlewares/Third_Party/LwIP/src/netif/ppp/ipcp.o
LOAD ./Middlewares/Third_Party/LwIP/src/netif/ppp/ipv6cp.o
LOAD ./Middlewares/Third_Party/LwIP/src/netif/ppp/lcp.o
LOAD ./Middlewares/Third_Party/LwIP/src/netif/ppp/magic.o
LOAD ./Middlewares/Third_Party/LwIP/src/netif/ppp/mppe.o
LOAD ./Middlewares/Third_Party/LwIP/src/netif/ppp/multilink.o
LOAD ./Middlewares/Third_Party/LwIP/src/netif/ppp/ppp.o
LOAD ./Middlewares/Third_Party/LwIP/src/netif/ppp/pppapi.o
LOAD ./Middlewares/Third_Party/LwIP/src/netif/ppp/pppcrypt.o
LOAD ./Middlewares/Third_Party/LwIP/src/netif/ppp/pppoe.o
LOAD ./Middlewares/Third_Party/LwIP/src/netif/ppp/pppol2tp.o
LOAD ./Middlewares/Third_Party/LwIP/src/netif/ppp/pppos.o
LOAD ./Middlewares/Third_Party/LwIP/src/netif/ppp/upap.o
LOAD ./Middlewares/Third_Party/LwIP/src/netif/ppp/utils.o
LOAD ./Middlewares/Third_Party/LwIP/src/netif/ppp/vj.o
LOAD ./Middlewares/Third_Party/LwIP/system/OS/sys_arch.o
LOAD ./Middlewares/Third_Party/mbedTLS/library/aes.o
LOAD ./Middlewares/Third_Party/mbedTLS/library/aesni.o
LOAD ./Middlewares/Third_Party/mbedTLS/library/arc4.o
LOAD ./Middlewares/Third_Party/mbedTLS/library/asn1parse.o
LOAD ./Middlewares/Third_Party/mbedTLS/library/asn1write.o
LOAD ./Middlewares/Third_Party/mbedTLS/library/base64.o
LOAD ./Middlewares/Third_Party/mbedTLS/library/bignum.o
LOAD ./Middlewares/Third_Party/mbedTLS/library/blowfish.o
LOAD ./Middlewares/Third_Party/mbedTLS/library/camellia.o
LOAD ./Middlewares/Third_Party/mbedTLS/library/ccm.o
LOAD ./Middlewares/Third_Party/mbedTLS/library/certs.o
LOAD ./Middlewares/Third_Party/mbedTLS/library/chacha20.o
LOAD ./Middlewares/Third_Party/mbedTLS/library/chachapoly.o
LOAD ./Middlewares/Third_Party/mbedTLS/library/cipher.o
LOAD ./Middlewares/Third_Party/mbedTLS/library/cipher_wrap.o
LOAD ./Middlewares/Third_Party/mbedTLS/library/ctr_drbg.o
LOAD ./Middlewares/Third_Party/mbedTLS/library/des.o
LOAD ./Middlewares/Third_Party/mbedTLS/library/dhm.o
LOAD ./Middlewares/Third_Party/mbedTLS/library/ecdh.o
LOAD ./Middlewares/Third_Party/mbedTLS/library/ecdsa.o
LOAD ./Middlewares/Third_Party/mbedTLS/library/ecp.o
LOAD ./Middlewares/Third_Party/mbedTLS/library/ecp_curves.o
LOAD ./Middlewares/Third_Party/mbedTLS/library/entropy.o
LOAD ./Middlewares/Third_Party/mbedTLS/library/entropy_poll.o
LOAD ./Middlewares/Third_Party/mbedTLS/library/error.o
LOAD ./Middlewares/Third_Party/mbedTLS/library/gcm.o
LOAD ./Middlewares/Third_Party/mbedTLS/library/hkdf.o
LOAD ./Middlewares/Third_Party/mbedTLS/library/hmac_drbg.o
LOAD ./Middlewares/Third_Party/mbedTLS/library/md.o
LOAD ./Middlewares/Third_Party/mbedTLS/library/md5.o
LOAD ./Middlewares/Third_Party/mbedTLS/library/md_wrap.o
LOAD ./Middlewares/Third_Party/mbedTLS/library/memory_buffer_alloc.o
LOAD ./Middlewares/Third_Party/mbedTLS/library/oid.o
LOAD ./Middlewares/Third_Party/mbedTLS/library/padlock.o
LOAD ./Middlewares/Third_Party/mbedTLS/library/pem.o
LOAD ./Middlewares/Third_Party/mbedTLS/library/pk.o
LOAD ./Middlewares/Third_Party/mbedTLS/library/pk_wrap.o
LOAD ./Middlewares/Third_Party/mbedTLS/library/pkcs12.o
LOAD ./Middlewares/Third_Party/mbedTLS/library/pkcs5.o
LOAD ./Middlewares/Third_Party/mbedTLS/library/pkparse.o
LOAD ./Middlewares/Third_Party/mbedTLS/library/pkwrite.o
LOAD ./Middlewares/Third_Party/mbedTLS/library/platform.o
LOAD ./Middlewares/Third_Party/mbedTLS/library/platform_util.o
LOAD ./Middlewares/Third_Party/mbedTLS/library/poly1305.o
LOAD ./Middlewares/Third_Party/mbedTLS/library/ripemd160.o
LOAD ./Middlewares/Third_Party/mbedTLS/library/rsa.o
LOAD ./Middlewares/Third_Party/mbedTLS/library/rsa_internal.o
LOAD ./Middlewares/Third_Party/mbedTLS/library/sha1.o
LOAD ./Middlewares/Third_Party/mbedTLS/library/sha256.o
LOAD ./Middlewares/Third_Party/mbedTLS/library/sha512.o
LOAD ./Middlewares/Third_Party/mbedTLS/library/ssl_cache.o
LOAD ./Middlewares/Third_Party/mbedTLS/library/ssl_ciphersuites.o
LOAD ./Middlewares/Third_Party/mbedTLS/library/ssl_cli.o
LOAD ./Middlewares/Third_Party/mbedTLS/library/ssl_cookie.o
LOAD ./Middlewares/Third_Party/mbedTLS/library/ssl_srv.o
LOAD ./Middlewares/Third_Party/mbedTLS/library/ssl_ticket.o
LOAD ./Middlewares/Third_Party/mbedTLS/library/ssl_tls.o
LOAD ./Middlewares/Third_Party/mbedTLS/library/version.o
LOAD ./Middlewares/Third_Party/mbedTLS/library/version_features.o
LOAD ./Middlewares/Third_Party/mbedTLS/library/x509.o
LOAD ./Middlewares/Third_Party/mbedTLS/library/x509_create.o
LOAD ./Middlewares/Third_Party/mbedTLS/library/x509_crl.o
LOAD ./Middlewares/Third_Party/mbedTLS/library/x509_crt.o
LOAD ./Middlewares/Third_Party/mbedTLS/library/x509_csr.o
LOAD ./Middlewares/Third_Party/mbedTLS/library/x509write_crt.o
LOAD ./Middlewares/Third_Party/mbedTLS/library/x509write_csr.o
LOAD ./Middlewares/Third_Party/mbedTLS/library/xtea.o
START GROUP
LOAD c:/st/stm32cubeide_1.8.0/stm32cubeide/plugins/com.st.stm32cube.ide.mcu.externaltools.gnu-tools-for-stm32.9-2020-q2-update.win32_2.0.0.202105311346/tools/bin/../lib/gcc/arm-none-eabi/9.3.1/../../../../arm-none-eabi/lib/thumb/v7e-m+dp/hard\libc_nano.a
LOAD c:/st/stm32cubeide_1.8.0/stm32cubeide/plugins/com.st.stm32cube.ide.mcu.externaltools.gnu-tools-for-stm32.9-2020-q2-update.win32_2.0.0.202105311346/tools/bin/../lib/gcc/arm-none-eabi/9.3.1/../../../../arm-none-eabi/lib/thumb/v7e-m+dp/hard\libm.a
END GROUP
START GROUP
LOAD c:/st/stm32cubeide_1.8.0/stm32cubeide/plugins/com.st.stm32cube.ide.mcu.externaltools.gnu-tools-for-stm32.9-2020-q2-update.win32_2.0.0.202105311346/tools/bin/../lib/gcc/arm-none-eabi/9.3.1/thumb/v7e-m+dp/hard\libgcc.a
LOAD c:/st/stm32cubeide_1.8.0/stm32cubeide/plugins/com.st.stm32cube.ide.mcu.externaltools.gnu-tools-for-stm32.9-2020-q2-update.win32_2.0.0.202105311346/tools/bin/../lib/gcc/arm-none-eabi/9.3.1/../../../../arm-none-eabi/lib/thumb/v7e-m+dp/hard\libc_nano.a
END GROUP
START GROUP
LOAD c:/st/stm32cubeide_1.8.0/stm32cubeide/plugins/com.st.stm32cube.ide.mcu.externaltools.gnu-tools-for-stm32.9-2020-q2-update.win32_2.0.0.202105311346/tools/bin/../lib/gcc/arm-none-eabi/9.3.1/thumb/v7e-m+dp/hard\libgcc.a
LOAD c:/st/stm32cubeide_1.8.0/stm32cubeide/plugins/com.st.stm32cube.ide.mcu.externaltools.gnu-tools-for-stm32.9-2020-q2-update.win32_2.0.0.202105311346/tools/bin/../lib/gcc/arm-none-eabi/9.3.1/../../../../arm-none-eabi/lib/thumb/v7e-m+dp/hard\libc_nano.a
LOAD c:/st/stm32cubeide_1.8.0/stm32cubeide/plugins/com.st.stm32cube.ide.mcu.externaltools.gnu-tools-for-stm32.9-2020-q2-update.win32_2.0.0.202105311346/tools/bin/../lib/gcc/arm-none-eabi/9.3.1/../../../../arm-none-eabi/lib/thumb/v7e-m+dp/hard\libnosys.a
END GROUP
START GROUP
LOAD c:/st/stm32cubeide_1.8.0/stm32cubeide/plugins/com.st.stm32cube.ide.mcu.externaltools.gnu-tools-for-stm32.9-2020-q2-update.win32_2.0.0.202105311346/tools/bin/../lib/gcc/arm-none-eabi/9.3.1/thumb/v7e-m+dp/hard\libgcc.a
LOAD c:/st/stm32cubeide_1.8.0/stm32cubeide/plugins/com.st.stm32cube.ide.mcu.externaltools.gnu-tools-for-stm32.9-2020-q2-update.win32_2.0.0.202105311346/tools/bin/../lib/gcc/arm-none-eabi/9.3.1/../../../../arm-none-eabi/lib/thumb/v7e-m+dp/hard\libc_nano.a
LOAD c:/st/stm32cubeide_1.8.0/stm32cubeide/plugins/com.st.stm32cube.ide.mcu.externaltools.gnu-tools-for-stm32.9-2020-q2-update.win32_2.0.0.202105311346/tools/bin/../lib/gcc/arm-none-eabi/9.3.1/../../../../arm-none-eabi/lib/thumb/v7e-m+dp/hard\libnosys.a
END GROUP
LOAD c:/st/stm32cubeide_1.8.0/stm32cubeide/plugins/com.st.stm32cube.ide.mcu.externaltools.gnu-tools-for-stm32.9-2020-q2-update.win32_2.0.0.202105311346/tools/bin/../lib/gcc/arm-none-eabi/9.3.1/thumb/v7e-m+dp/hard/crtend.o
LOAD c:/st/stm32cubeide_1.8.0/stm32cubeide/plugins/com.st.stm32cube.ide.mcu.externaltools.gnu-tools-for-stm32.9-2020-q2-update.win32_2.0.0.202105311346/tools/bin/../lib/gcc/arm-none-eabi/9.3.1/thumb/v7e-m+dp/hard/crtn.o
                0x0000000020080000                _estack = (ORIGIN (RAM) + LENGTH (RAM))
                0x0000000000000200                _Min_Heap_Size = 0x200
                0x0000000000000400                _Min_Stack_Size = 0x400

.isr_vector     0x0000000008000000      0x1f8
                0x0000000008000000                . = ALIGN (0x4)
 *(.isr_vector)
 .isr_vector    0x0000000008000000      0x1f8 ./Core/Startup/startup_stm32f767zitx.o
                0x0000000008000000                g_pfnVectors
                0x00000000080001f8                . = ALIGN (0x4)

.text           0x0000000008000200    0x2edb0
                0x0000000008000200                . = ALIGN (0x4)
 *(.text)
 .text          0x0000000008000200       0x40 c:/st/stm32cubeide_1.8.0/stm32cubeide/plugins/com.st.stm32cube.ide.mcu.externaltools.gnu-tools-for-stm32.9-2020-q2-update.win32_2.0.0.202105311346/tools/bin/../lib/gcc/arm-none-eabi/9.3.1/thumb/v7e-m+dp/hard/crtbegin.o
 .text          0x0000000008000240       0x14 c:/st/stm32cubeide_1.8.0/stm32cubeide/plugins/com.st.stm32cube.ide.mcu.externaltools.gnu-tools-for-stm32.9-2020-q2-update.win32_2.0.0.202105311346/tools/bin/../lib/gcc/arm-none-eabi/9.3.1/../../../../arm-none-eabi/lib/thumb/v7e-m+dp/hard\libc_nano.a(lib_a-strcmp.o)
                0x0000000008000240                strcmp
 .text          0x0000000008000254       0x10 c:/st/stm32cubeide_1.8.0/stm32cubeide/plugins/com.st.stm32cube.ide.mcu.externaltools.gnu-tools-for-stm32.9-2020-q2-update.win32_2.0.0.202105311346/tools/bin/../lib/gcc/arm-none-eabi/9.3.1/../../../../arm-none-eabi/lib/thumb/v7e-m+dp/hard\libc_nano.a(lib_a-strlen.o)
                0x0000000008000254                strlen
 *fill*         0x0000000008000264        0xc 
 .text          0x0000000008000270       0xa0 c:/st/stm32cubeide_1.8.0/stm32cubeide/plugins/com.st.stm32cube.ide.mcu.externaltools.gnu-tools-for-stm32.9-2020-q2-update.win32_2.0.0.202105311346/tools/bin/../lib/gcc/arm-none-eabi/9.3.1/../../../../arm-none-eabi/lib/thumb/v7e-m+dp/hard\libc_nano.a(lib_a-memchr.o)
                0x0000000008000270                memchr
 .text          0x0000000008000310       0xa0 c:/st/stm32cubeide_1.8.0/stm32cubeide/plugins/com.st.stm32cube.ide.mcu.externaltools.gnu-tools-for-stm32.9-2020-q2-update.win32_2.0.0.202105311346/tools/bin/../lib/gcc/arm-none-eabi/9.3.1/thumb/v7e-m+dp/hard\libgcc.a(_aeabi_ldivmod.o)
                0x0000000008000310                __aeabi_ldivmod
 .text          0x00000000080003b0       0x30 c:/st/stm32cubeide_1.8.0/stm32cubeide/plugins/com.st.stm32cube.ide.mcu.externaltools.gnu-tools-for-stm32.9-2020-q2-update.win32_2.0.0.202105311346/tools/bin/../lib/gcc/arm-none-eabi/9.3.1/thumb/v7e-m+dp/hard\libgcc.a(_aeabi_uldivmod.o)
                0x00000000080003b0                __aeabi_uldivmod
 .text          0x00000000080003e0      0x2c4 c:/st/stm32cubeide_1.8.0/stm32cubeide/plugins/com.st.stm32cube.ide.mcu.externaltools.gnu-tools-for-stm32.9-2020-q2-update.win32_2.0.0.202105311346/tools/bin/../lib/gcc/arm-none-eabi/9.3.1/thumb/v7e-m+dp/hard\libgcc.a(_udivmoddi4.o)
                0x00000000080003e0                __udivmoddi4
 .text          0x00000000080006a4        0x4 c:/st/stm32cubeide_1.8.0/stm32cubeide/plugins/com.st.stm32cube.ide.mcu.externaltools.gnu-tools-for-stm32.9-2020-q2-update.win32_2.0.0.202105311346/tools/bin/../lib/gcc/arm-none-eabi/9.3.1/thumb/v7e-m+dp/hard\libgcc.a(_dvmd_tls.o)
                0x00000000080006a4                __aeabi_idiv0
                0x00000000080006a4                __aeabi_ldiv0
 *(.text*)
 .text.write_SLL_data.constprop.0
                0x00000000080006a8       0x48 ./Core/Src/SSL_email.o
 .text.write_SSL_and_get_response.constprop.0
                0x00000000080006f0       0xd8 ./Core/Src/SSL_email.o
 .text.send_SSL_email_data
                0x00000000080007c8      0x1ac ./Core/Src/SSL_email.o
 .text.SSL_email_init
                0x0000000008000974       0x90 ./Core/Src/SSL_email.o
                0x0000000008000974                SSL_email_init
 .text.send_SSL_email
                0x0000000008000a04      0x2cc ./Core/Src/SSL_email.o
                0x0000000008000a04                send_SSL_email
 .text.send_SSL_email_thread
                0x0000000008000cd0       0x38 ./Core/Src/SSL_email.o
 .text.MX_ADC1_Init
                0x0000000008000d08       0x68 ./Core/Src/adc.o
                0x0000000008000d08                MX_ADC1_Init
 .text.MX_ADC2_Init
                0x0000000008000d70       0x68 ./Core/Src/adc.o
                0x0000000008000d70                MX_ADC2_Init
 .text.MX_ADC3_Init
                0x0000000008000dd8       0x68 ./Core/Src/adc.o
                0x0000000008000dd8                MX_ADC3_Init
 .text.HAL_ADC_MspInit
                0x0000000008000e40      0x10c ./Core/Src/adc.o
                0x0000000008000e40                HAL_ADC_MspInit
 .text.app_core_init
                0x0000000008000f4c       0x2c ./Core/Src/application_core.o
                0x0000000008000f4c                app_core_init
 .text.monitor_data_to_string
                0x0000000008000f78      0x280 ./Core/Src/application_core.o
                0x0000000008000f78                monitor_data_to_string
 .text.application_core_task
                0x00000000080011f8      0x104 ./Core/Src/application_core.o
                0x00000000080011f8                application_core_task
 .text.GUI_UART_Task
                0x00000000080012fc      0x104 ./Core/Src/development_aid.o
                0x00000000080012fc                GUI_UART_Task
 .text.DiagnosticToolsInit
                0x0000000008001400       0x2c ./Core/Src/development_aid.o
                0x0000000008001400                DiagnosticToolsInit
 .text._write_r
                0x000000000800142c       0x1c ./Core/Src/development_aid.o
                0x000000000800142c                _write_r
 .text.vApplicationStackOverflowHook
                0x0000000008001448       0x34 ./Core/Src/development_aid.o
                0x0000000008001448                vApplicationStackOverflowHook
 .text.StartDefaultTask
                0x000000000800147c       0x40 ./Core/Src/freertos.o
                0x000000000800147c                StartDefaultTask
 .text.vApplicationGetIdleTaskMemory
                0x00000000080014bc       0x18 ./Core/Src/freertos.o
                0x00000000080014bc                vApplicationGetIdleTaskMemory
 .text.MX_FREERTOS_Init
                0x00000000080014d4       0x2c ./Core/Src/freertos.o
                0x00000000080014d4                MX_FREERTOS_Init
 .text.MX_GPIO_Init
                0x0000000008001500       0xd4 ./Core/Src/gpio.o
                0x0000000008001500                MX_GPIO_Init
 .text.SystemClock_Config
                0x00000000080015d4       0xa8 ./Core/Src/main.o
                0x00000000080015d4                SystemClock_Config
 .text.startup.main
                0x000000000800167c       0x30 ./Core/Src/main.o
                0x000000000800167c                main
 .text.HAL_TIM_PeriodElapsedCallback
                0x00000000080016ac        0xe ./Core/Src/main.o
                0x00000000080016ac                HAL_TIM_PeriodElapsedCallback
 .text.Error_Handler
                0x00000000080016ba        0x4 ./Core/Src/main.o
                0x00000000080016ba                Error_Handler
 *fill*         0x00000000080016be        0x2 
 .text.MX_RNG_Init
                0x00000000080016c0       0x20 ./Core/Src/rng.o
                0x00000000080016c0                MX_RNG_Init
 .text.HAL_RNG_MspInit
                0x00000000080016e0       0x50 ./Core/Src/rng.o
                0x00000000080016e0                HAL_RNG_MspInit
 .text.HAL_MspInit
                0x0000000008001730       0x3c ./Core/Src/stm32f7xx_hal_msp.o
                0x0000000008001730                HAL_MspInit
 .text.HAL_InitTick
                0x000000000800176c       0x78 ./Core/Src/stm32f7xx_hal_timebase_tim.o
                0x000000000800176c                HAL_InitTick
 .text.NMI_Handler
                0x00000000080017e4        0x2 ./Core/Src/stm32f7xx_it.o
                0x00000000080017e4                NMI_Handler
 .text.HardFault_Handler
                0x00000000080017e6        0x2 ./Core/Src/stm32f7xx_it.o
                0x00000000080017e6                HardFault_Handler
 .text.MemManage_Handler
                0x00000000080017e8        0x2 ./Core/Src/stm32f7xx_it.o
                0x00000000080017e8                MemManage_Handler
 .text.BusFault_Handler
                0x00000000080017ea        0x2 ./Core/Src/stm32f7xx_it.o
                0x00000000080017ea                BusFault_Handler
 .text.UsageFault_Handler
                0x00000000080017ec        0x2 ./Core/Src/stm32f7xx_it.o
                0x00000000080017ec                UsageFault_Handler
 .text.DebugMon_Handler
                0x00000000080017ee        0x2 ./Core/Src/stm32f7xx_it.o
                0x00000000080017ee                DebugMon_Handler
 .text.TIM2_IRQHandler
                0x00000000080017f0        0xc ./Core/Src/stm32f7xx_it.o
                0x00000000080017f0                TIM2_IRQHandler
 .text.ETH_IRQHandler
                0x00000000080017fc        0xc ./Core/Src/stm32f7xx_it.o
                0x00000000080017fc                ETH_IRQHandler
 .text._getpid  0x0000000008001808        0x4 ./Core/Src/syscalls.o
                0x0000000008001808                _getpid
 .text._kill    0x000000000800180c       0x10 ./Core/Src/syscalls.o
                0x000000000800180c                _kill
 .text._exit    0x000000000800181c        0xc ./Core/Src/syscalls.o
                0x000000000800181c                _exit
 .text._read    0x0000000008001828       0x1a ./Core/Src/syscalls.o
                0x0000000008001828                _read
 .text._close   0x0000000008001842        0x6 ./Core/Src/syscalls.o
                0x0000000008001842                _close
 .text._fstat   0x0000000008001848        0xa ./Core/Src/syscalls.o
                0x0000000008001848                _fstat
 .text._isatty  0x0000000008001852        0x4 ./Core/Src/syscalls.o
                0x0000000008001852                _isatty
 .text._lseek   0x0000000008001856        0x4 ./Core/Src/syscalls.o
                0x0000000008001856                _lseek
 *fill*         0x000000000800185a        0x2 
 .text._sbrk    0x000000000800185c       0x40 ./Core/Src/sysmem.o
                0x000000000800185c                _sbrk
 .text.SystemInit
                0x000000000800189c       0x14 ./Core/Src/system_stm32f7xx.o
                0x000000000800189c                SystemInit
 .text.MX_USART3_UART_Init
                0x00000000080018b0       0x3c ./Core/Src/usart.o
                0x00000000080018b0                MX_USART3_UART_Init
 .text.HAL_UART_MspInit
                0x00000000080018ec       0x8c ./Core/Src/usart.o
                0x00000000080018ec                HAL_UART_MspInit
 .text.WebServerInit
                0x0000000008001978       0x20 ./Core/Src/web_server.o
                0x0000000008001978                WebServerInit
 .text.Integer_to_IP
                0x0000000008001998       0x2c ./Core/Src/web_server.o
                0x0000000008001998                Integer_to_IP
 .text.http_server_serve
                0x00000000080019c4      0x354 ./Core/Src/web_server.o
 .text.web_server_task
                0x0000000008001d18       0x4c ./Core/Src/web_server.o
 .text.Reset_Handler
                0x0000000008001d64       0x50 ./Core/Startup/startup_stm32f767zitx.o
                0x0000000008001d64                Reset_Handler
 .text.Default_Handler
                0x0000000008001db4        0x2 ./Core/Startup/startup_stm32f767zitx.o
                0x0000000008001db4                RTC_Alarm_IRQHandler
                0x0000000008001db4                EXTI2_IRQHandler
                0x0000000008001db4                TIM8_CC_IRQHandler
                0x0000000008001db4                UART8_IRQHandler
                0x0000000008001db4                SPI4_IRQHandler
                0x0000000008001db4                TIM1_CC_IRQHandler
                0x0000000008001db4                DMA2_Stream5_IRQHandler
                0x0000000008001db4                JPEG_IRQHandler
                0x0000000008001db4                DMA1_Stream5_IRQHandler
                0x0000000008001db4                CAN3_RX1_IRQHandler
                0x0000000008001db4                PVD_IRQHandler
                0x0000000008001db4                TAMP_STAMP_IRQHandler
                0x0000000008001db4                CAN2_RX1_IRQHandler
                0x0000000008001db4                EXTI3_IRQHandler
                0x0000000008001db4                TIM8_TRG_COM_TIM14_IRQHandler
                0x0000000008001db4                DFSDM1_FLT1_IRQHandler
                0x0000000008001db4                TIM1_UP_TIM10_IRQHandler
                0x0000000008001db4                TIM8_UP_TIM13_IRQHandler
                0x0000000008001db4                I2C3_ER_IRQHandler
                0x0000000008001db4                DFSDM1_FLT2_IRQHandler
                0x0000000008001db4                EXTI0_IRQHandler
                0x0000000008001db4                I2C2_EV_IRQHandler
                0x0000000008001db4                DMA1_Stream2_IRQHandler
                0x0000000008001db4                CAN1_RX0_IRQHandler
                0x0000000008001db4                FPU_IRQHandler
                0x0000000008001db4                OTG_HS_WKUP_IRQHandler
                0x0000000008001db4                CAN3_SCE_IRQHandler
                0x0000000008001db4                LTDC_ER_IRQHandler
                0x0000000008001db4                CAN2_SCE_IRQHandler
                0x0000000008001db4                DMA2_Stream2_IRQHandler
                0x0000000008001db4                SPI1_IRQHandler
                0x0000000008001db4                TIM6_DAC_IRQHandler
                0x0000000008001db4                TIM1_BRK_TIM9_IRQHandler
                0x0000000008001db4                DCMI_IRQHandler
                0x0000000008001db4                CAN2_RX0_IRQHandler
                0x0000000008001db4                DMA2_Stream3_IRQHandler
                0x0000000008001db4                SAI2_IRQHandler
                0x0000000008001db4                DFSDM1_FLT3_IRQHandler
                0x0000000008001db4                USART6_IRQHandler
                0x0000000008001db4                CAN3_RX0_IRQHandler
                0x0000000008001db4                USART3_IRQHandler
                0x0000000008001db4                CAN1_RX1_IRQHandler
                0x0000000008001db4                UART5_IRQHandler
                0x0000000008001db4                DMA2_Stream0_IRQHandler
                0x0000000008001db4                TIM4_IRQHandler
                0x0000000008001db4                QUADSPI_IRQHandler
                0x0000000008001db4                I2C1_EV_IRQHandler
                0x0000000008001db4                DMA1_Stream6_IRQHandler
                0x0000000008001db4                DMA1_Stream1_IRQHandler
                0x0000000008001db4                UART4_IRQHandler
                0x0000000008001db4                TIM3_IRQHandler
                0x0000000008001db4                RCC_IRQHandler
                0x0000000008001db4                TIM8_BRK_TIM12_IRQHandler
                0x0000000008001db4                Default_Handler
                0x0000000008001db4                CEC_IRQHandler
                0x0000000008001db4                EXTI15_10_IRQHandler
                0x0000000008001db4                ADC_IRQHandler
                0x0000000008001db4                DMA1_Stream7_IRQHandler
                0x0000000008001db4                SPI5_IRQHandler
                0x0000000008001db4                TIM7_IRQHandler
                0x0000000008001db4                SDMMC1_IRQHandler
                0x0000000008001db4                CAN2_TX_IRQHandler
                0x0000000008001db4                TIM5_IRQHandler
                0x0000000008001db4                DMA2_Stream7_IRQHandler
                0x0000000008001db4                I2C3_EV_IRQHandler
                0x0000000008001db4                EXTI9_5_IRQHandler
                0x0000000008001db4                RTC_WKUP_IRQHandler
                0x0000000008001db4                LTDC_IRQHandler
                0x0000000008001db4                ETH_WKUP_IRQHandler
                0x0000000008001db4                SPDIF_RX_IRQHandler
                0x0000000008001db4                SPI2_IRQHandler
                0x0000000008001db4                OTG_HS_EP1_IN_IRQHandler
                0x0000000008001db4                DMA1_Stream0_IRQHandler
                0x0000000008001db4                CAN1_TX_IRQHandler
                0x0000000008001db4                EXTI4_IRQHandler
                0x0000000008001db4                RNG_IRQHandler
                0x0000000008001db4                OTG_HS_EP1_OUT_IRQHandler
                0x0000000008001db4                WWDG_IRQHandler
                0x0000000008001db4                SPI6_IRQHandler
                0x0000000008001db4                MDIOS_IRQHandler
                0x0000000008001db4                I2C4_EV_IRQHandler
                0x0000000008001db4                CAN3_TX_IRQHandler
                0x0000000008001db4                OTG_FS_WKUP_IRQHandler
                0x0000000008001db4                TIM1_TRG_COM_TIM11_IRQHandler
                0x0000000008001db4                OTG_HS_IRQHandler
                0x0000000008001db4                DMA2D_IRQHandler
                0x0000000008001db4                EXTI1_IRQHandler
                0x0000000008001db4                SDMMC2_IRQHandler
                0x0000000008001db4                UART7_IRQHandler
                0x0000000008001db4                USART2_IRQHandler
                0x0000000008001db4                DFSDM1_FLT0_IRQHandler
                0x0000000008001db4                I2C2_ER_IRQHandler
                0x0000000008001db4                DMA2_Stream1_IRQHandler
                0x0000000008001db4                CAN1_SCE_IRQHandler
                0x0000000008001db4                FLASH_IRQHandler
                0x0000000008001db4                DMA2_Stream4_IRQHandler
                0x0000000008001db4                USART1_IRQHandler
                0x0000000008001db4                OTG_FS_IRQHandler
                0x0000000008001db4                SPI3_IRQHandler
                0x0000000008001db4                DMA1_Stream4_IRQHandler
                0x0000000008001db4                I2C1_ER_IRQHandler
                0x0000000008001db4                FMC_IRQHandler
                0x0000000008001db4                LPTIM1_IRQHandler
                0x0000000008001db4                I2C4_ER_IRQHandler
                0x0000000008001db4                DMA2_Stream6_IRQHandler
                0x0000000008001db4                SAI1_IRQHandler
                0x0000000008001db4                DMA1_Stream3_IRQHandler
 .text.HAL_Init
                0x0000000008001db6       0x16 ./Drivers/STM32F7xx_HAL_Driver/Src/stm32f7xx_hal.o
                0x0000000008001db6                HAL_Init
 .text.HAL_IncTick
                0x0000000008001dcc       0x18 ./Drivers/STM32F7xx_HAL_Driver/Src/stm32f7xx_hal.o
                0x0000000008001dcc                HAL_IncTick
 .text.HAL_GetTick
                0x0000000008001de4        0xc ./Drivers/STM32F7xx_HAL_Driver/Src/stm32f7xx_hal.o
                0x0000000008001de4                HAL_GetTick
 .text.HAL_Delay
                0x0000000008001df0       0x24 ./Drivers/STM32F7xx_HAL_Driver/Src/stm32f7xx_hal.o
                0x0000000008001df0                HAL_Delay
 .text.HAL_ADC_Init
                0x0000000008001e14      0x14c ./Drivers/STM32F7xx_HAL_Driver/Src/stm32f7xx_hal_adc.o
                0x0000000008001e14                HAL_ADC_Init
 .text.HAL_ADC_ConfigChannel
                0x0000000008001f60      0x14c ./Drivers/STM32F7xx_HAL_Driver/Src/stm32f7xx_hal_adc.o
                0x0000000008001f60                HAL_ADC_ConfigChannel
 .text.HAL_NVIC_SetPriorityGrouping
                0x00000000080020ac       0x24 ./Drivers/STM32F7xx_HAL_Driver/Src/stm32f7xx_hal_cortex.o
                0x00000000080020ac                HAL_NVIC_SetPriorityGrouping
 .text.HAL_NVIC_SetPriority
                0x00000000080020d0       0x64 ./Drivers/STM32F7xx_HAL_Driver/Src/stm32f7xx_hal_cortex.o
                0x00000000080020d0                HAL_NVIC_SetPriority
 .text.HAL_NVIC_EnableIRQ
                0x0000000008002134       0x1c ./Drivers/STM32F7xx_HAL_Driver/Src/stm32f7xx_hal_cortex.o
                0x0000000008002134                HAL_NVIC_EnableIRQ
 .text.ETH_FlushTransmitFIFO
                0x0000000008002150       0x2a ./Drivers/STM32F7xx_HAL_Driver/Src/stm32f7xx_hal_eth.o
 *fill*         0x000000000800217a        0x2 
 .text.ETH_MACDMAConfig
                0x000000000800217c       0xf4 ./Drivers/STM32F7xx_HAL_Driver/Src/stm32f7xx_hal_eth.o
 .text.HAL_ETH_DMATxDescListInit
                0x0000000008002270       0x78 ./Drivers/STM32F7xx_HAL_Driver/Src/stm32f7xx_hal_eth.o
                0x0000000008002270                HAL_ETH_DMATxDescListInit
 .text.HAL_ETH_DMARxDescListInit
                0x00000000080022e8       0x74 ./Drivers/STM32F7xx_HAL_Driver/Src/stm32f7xx_hal_eth.o
                0x00000000080022e8                HAL_ETH_DMARxDescListInit
 .text.HAL_ETH_TransmitFrame
                0x000000000800235c       0xe4 ./Drivers/STM32F7xx_HAL_Driver/Src/stm32f7xx_hal_eth.o
                0x000000000800235c                HAL_ETH_TransmitFrame
 .text.HAL_ETH_GetReceivedFrame_IT
                0x0000000008002440       0x8a ./Drivers/STM32F7xx_HAL_Driver/Src/stm32f7xx_hal_eth.o
                0x0000000008002440                HAL_ETH_GetReceivedFrame_IT
 .text.HAL_ETH_TxCpltCallback
                0x00000000080024ca        0x2 ./Drivers/STM32F7xx_HAL_Driver/Src/stm32f7xx_hal_eth.o
                0x00000000080024ca                HAL_ETH_TxCpltCallback
 .text.HAL_ETH_ErrorCallback
                0x00000000080024cc        0x2 ./Drivers/STM32F7xx_HAL_Driver/Src/stm32f7xx_hal_eth.o
                0x00000000080024cc                HAL_ETH_ErrorCallback
 .text.HAL_ETH_IRQHandler
                0x00000000080024ce       0x70 ./Drivers/STM32F7xx_HAL_Driver/Src/stm32f7xx_hal_eth.o
                0x00000000080024ce                HAL_ETH_IRQHandler
 .text.HAL_ETH_ReadPHYRegister
                0x000000000800253e       0x76 ./Drivers/STM32F7xx_HAL_Driver/Src/stm32f7xx_hal_eth.o
                0x000000000800253e                HAL_ETH_ReadPHYRegister
 .text.HAL_ETH_WritePHYRegister
                0x00000000080025b4       0x70 ./Drivers/STM32F7xx_HAL_Driver/Src/stm32f7xx_hal_eth.o
                0x00000000080025b4                HAL_ETH_WritePHYRegister
 .text.HAL_ETH_Init
                0x0000000008002624      0x1f4 ./Drivers/STM32F7xx_HAL_Driver/Src/stm32f7xx_hal_eth.o
                0x0000000008002624                HAL_ETH_Init
 .text.HAL_ETH_Start
                0x0000000008002818       0x7a ./Drivers/STM32F7xx_HAL_Driver/Src/stm32f7xx_hal_eth.o
                0x0000000008002818                HAL_ETH_Start
 .text.HAL_ETH_Stop
                0x0000000008002892       0x7a ./Drivers/STM32F7xx_HAL_Driver/Src/stm32f7xx_hal_eth.o
                0x0000000008002892                HAL_ETH_Stop
 .text.HAL_ETH_ConfigMAC
                0x000000000800290c      0x118 ./Drivers/STM32F7xx_HAL_Driver/Src/stm32f7xx_hal_eth.o
                0x000000000800290c                HAL_ETH_ConfigMAC
 .text.HAL_GPIO_Init
                0x0000000008002a24      0x1cc ./Drivers/STM32F7xx_HAL_Driver/Src/stm32f7xx_hal_gpio.o
                0x0000000008002a24                HAL_GPIO_Init
 .text.HAL_GPIO_ReadPin
                0x0000000008002bf0        0xc ./Drivers/STM32F7xx_HAL_Driver/Src/stm32f7xx_hal_gpio.o
                0x0000000008002bf0                HAL_GPIO_ReadPin
 .text.HAL_GPIO_WritePin
                0x0000000008002bfc        0xa ./Drivers/STM32F7xx_HAL_Driver/Src/stm32f7xx_hal_gpio.o
                0x0000000008002bfc                HAL_GPIO_WritePin
 .text.HAL_GPIO_TogglePin
                0x0000000008002c06       0x12 ./Drivers/STM32F7xx_HAL_Driver/Src/stm32f7xx_hal_gpio.o
                0x0000000008002c06                HAL_GPIO_TogglePin
 .text.HAL_PWREx_EnableOverDrive
                0x0000000008002c18       0x70 ./Drivers/STM32F7xx_HAL_Driver/Src/stm32f7xx_hal_pwr_ex.o
                0x0000000008002c18                HAL_PWREx_EnableOverDrive
 .text.HAL_RCC_OscConfig
                0x0000000008002c88      0x38c ./Drivers/STM32F7xx_HAL_Driver/Src/stm32f7xx_hal_rcc.o
                0x0000000008002c88                HAL_RCC_OscConfig
 .text.HAL_RCC_GetSysClockFreq
                0x0000000008003014       0x5c ./Drivers/STM32F7xx_HAL_Driver/Src/stm32f7xx_hal_rcc.o
                0x0000000008003014                HAL_RCC_GetSysClockFreq
 .text.HAL_RCC_ClockConfig
                0x0000000008003070      0x140 ./Drivers/STM32F7xx_HAL_Driver/Src/stm32f7xx_hal_rcc.o
                0x0000000008003070                HAL_RCC_ClockConfig
 .text.HAL_RCC_GetHCLKFreq
                0x00000000080031b0        0xc ./Drivers/STM32F7xx_HAL_Driver/Src/stm32f7xx_hal_rcc.o
                0x00000000080031b0                HAL_RCC_GetHCLKFreq
 .text.HAL_RCC_GetPCLK1Freq
                0x00000000080031bc       0x20 ./Drivers/STM32F7xx_HAL_Driver/Src/stm32f7xx_hal_rcc.o
                0x00000000080031bc                HAL_RCC_GetPCLK1Freq
 .text.HAL_RCC_GetPCLK2Freq
                0x00000000080031dc       0x20 ./Drivers/STM32F7xx_HAL_Driver/Src/stm32f7xx_hal_rcc.o
                0x00000000080031dc                HAL_RCC_GetPCLK2Freq
 .text.HAL_RCC_GetClockConfig
                0x00000000080031fc       0x3c ./Drivers/STM32F7xx_HAL_Driver/Src/stm32f7xx_hal_rcc.o
                0x00000000080031fc                HAL_RCC_GetClockConfig
 .text.HAL_RCCEx_PeriphCLKConfig
                0x0000000008003238      0x558 ./Drivers/STM32F7xx_HAL_Driver/Src/stm32f7xx_hal_rcc_ex.o
                0x0000000008003238                HAL_RCCEx_PeriphCLKConfig
 .text.HAL_RNG_Init
                0x0000000008003790       0x30 ./Drivers/STM32F7xx_HAL_Driver/Src/stm32f7xx_hal_rng.o
                0x0000000008003790                HAL_RNG_Init
 .text.HAL_RNG_GenerateRandomNumber
                0x00000000080037c0       0x68 ./Drivers/STM32F7xx_HAL_Driver/Src/stm32f7xx_hal_rng.o
                0x00000000080037c0                HAL_RNG_GenerateRandomNumber
 .text.HAL_TIM_Base_MspInit
                0x0000000008003828        0x2 ./Drivers/STM32F7xx_HAL_Driver/Src/stm32f7xx_hal_tim.o
                0x0000000008003828                HAL_TIM_Base_MspInit
 *fill*         0x000000000800382a        0x2 
 .text.HAL_TIM_Base_Start_IT
                0x000000000800382c       0x7c ./Drivers/STM32F7xx_HAL_Driver/Src/stm32f7xx_hal_tim.o
                0x000000000800382c                HAL_TIM_Base_Start_IT
 .text.HAL_TIM_OC_DelayElapsedCallback
                0x00000000080038a8        0x2 ./Drivers/STM32F7xx_HAL_Driver/Src/stm32f7xx_hal_tim.o
                0x00000000080038a8                HAL_TIM_OC_DelayElapsedCallback
 .text.HAL_TIM_IC_CaptureCallback
                0x00000000080038aa        0x2 ./Drivers/STM32F7xx_HAL_Driver/Src/stm32f7xx_hal_tim.o
                0x00000000080038aa                HAL_TIM_IC_CaptureCallback
 .text.HAL_TIM_PWM_PulseFinishedCallback
                0x00000000080038ac        0x2 ./Drivers/STM32F7xx_HAL_Driver/Src/stm32f7xx_hal_tim.o
                0x00000000080038ac                HAL_TIM_PWM_PulseFinishedCallback
 .text.HAL_TIM_TriggerCallback
                0x00000000080038ae        0x2 ./Drivers/STM32F7xx_HAL_Driver/Src/stm32f7xx_hal_tim.o
                0x00000000080038ae                HAL_TIM_TriggerCallback
 .text.HAL_TIM_IRQHandler
                0x00000000080038b0      0x160 ./Drivers/STM32F7xx_HAL_Driver/Src/stm32f7xx_hal_tim.o
                0x00000000080038b0                HAL_TIM_IRQHandler
 .text.TIM_Base_SetConfig
                0x0000000008003a10       0xcc ./Drivers/STM32F7xx_HAL_Driver/Src/stm32f7xx_hal_tim.o
                0x0000000008003a10                TIM_Base_SetConfig
 .text.HAL_TIM_Base_Init
                0x0000000008003adc       0x60 ./Drivers/STM32F7xx_HAL_Driver/Src/stm32f7xx_hal_tim.o
                0x0000000008003adc                HAL_TIM_Base_Init
 .text.HAL_TIMEx_CommutCallback
                0x0000000008003b3c        0x2 ./Drivers/STM32F7xx_HAL_Driver/Src/stm32f7xx_hal_tim_ex.o
                0x0000000008003b3c                HAL_TIMEx_CommutCallback
 .text.HAL_TIMEx_BreakCallback
                0x0000000008003b3e        0x2 ./Drivers/STM32F7xx_HAL_Driver/Src/stm32f7xx_hal_tim_ex.o
                0x0000000008003b3e                HAL_TIMEx_BreakCallback
 .text.HAL_TIMEx_Break2Callback
                0x0000000008003b40        0x2 ./Drivers/STM32F7xx_HAL_Driver/Src/stm32f7xx_hal_tim_ex.o
                0x0000000008003b40                HAL_TIMEx_Break2Callback
 *fill*         0x0000000008003b42        0x2 
 .text.UART_SetConfig
                0x0000000008003b44      0x290 ./Drivers/STM32F7xx_HAL_Driver/Src/stm32f7xx_hal_uart.o
                0x0000000008003b44                UART_SetConfig
 .text.UART_AdvFeatureConfig
                0x0000000008003dd4       0xaa ./Drivers/STM32F7xx_HAL_Driver/Src/stm32f7xx_hal_uart.o
                0x0000000008003dd4                UART_AdvFeatureConfig
 .text.UART_WaitOnFlagUntilTimeout
                0x0000000008003e7e       0x8c ./Drivers/STM32F7xx_HAL_Driver/Src/stm32f7xx_hal_uart.o
                0x0000000008003e7e                UART_WaitOnFlagUntilTimeout
 .text.HAL_UART_Transmit
                0x0000000008003f0a       0xb4 ./Drivers/STM32F7xx_HAL_Driver/Src/stm32f7xx_hal_uart.o
                0x0000000008003f0a                HAL_UART_Transmit
 .text.UART_CheckIdleState
                0x0000000008003fbe       0x66 ./Drivers/STM32F7xx_HAL_Driver/Src/stm32f7xx_hal_uart.o
                0x0000000008003fbe                UART_CheckIdleState
 .text.HAL_UART_Init
                0x0000000008004024       0x5c ./Drivers/STM32F7xx_HAL_Driver/Src/stm32f7xx_hal_uart.o
                0x0000000008004024                HAL_UART_Init
 .text.MX_LWIP_Init
                0x0000000008004080       0xb0 ./LWIP/App/lwip.o
                0x0000000008004080                MX_LWIP_Init
 .text.low_level_output
                0x0000000008004130       0x9c ./LWIP/Target/ethernetif.o
 .text.ethernetif_input
                0x00000000080041cc       0xfc ./LWIP/Target/ethernetif.o
                0x00000000080041cc                ethernetif_input
 .text.HAL_ETH_MspInit
                0x00000000080042c8      0x120 ./LWIP/Target/ethernetif.o
                0x00000000080042c8                HAL_ETH_MspInit
 .text.HAL_ETH_RxCpltCallback
                0x00000000080043e8        0xc ./LWIP/Target/ethernetif.o
                0x00000000080043e8                HAL_ETH_RxCpltCallback
 .text.ethernetif_init
                0x00000000080043f4      0x15c ./LWIP/Target/ethernetif.o
                0x00000000080043f4                ethernetif_init
 .text.sys_now  0x0000000008004550        0x4 ./LWIP/Target/ethernetif.o
                0x0000000008004550                sys_now
 .text.ethernetif_set_link
                0x0000000008004554       0x48 ./LWIP/Target/ethernetif.o
                0x0000000008004554                ethernetif_set_link
 .text.ethernetif_notify_conn_changed
                0x000000000800459c        0x2 ./LWIP/Target/ethernetif.o
                0x000000000800459c                ethernetif_notify_conn_changed
 *fill*         0x000000000800459e        0x2 
 .text.ethernetif_update_config
                0x00000000080045a0       0xa8 ./LWIP/Target/ethernetif.o
                0x00000000080045a0                ethernetif_update_config
 .text.MX_MBEDTLS_Init
                0x0000000008004648       0x38 ./MBEDTLS/App/mbedtls.o
                0x0000000008004648                MX_MBEDTLS_Init
 .text.net_would_block.isra.0
                0x0000000008004680       0x28 ./MBEDTLS/App/net_sockets.o
 .text.mbedtls_net_connect
                0x00000000080046a8       0x82 ./MBEDTLS/App/net_sockets.o
                0x00000000080046a8                mbedtls_net_connect
 *fill*         0x000000000800472a        0x2 
 .text.mbedtls_net_recv
                0x000000000800472c       0x4c ./MBEDTLS/App/net_sockets.o
                0x000000000800472c                mbedtls_net_recv
 .text.mbedtls_net_recv_timeout
                0x0000000008004778       0xa0 ./MBEDTLS/App/net_sockets.o
                0x0000000008004778                mbedtls_net_recv_timeout
 .text.mbedtls_net_send
                0x0000000008004818       0x4c ./MBEDTLS/App/net_sockets.o
                0x0000000008004818                mbedtls_net_send
 .text.mbedtls_net_free
                0x0000000008004864       0x1e ./MBEDTLS/App/net_sockets.o
                0x0000000008004864                mbedtls_net_free
 *fill*         0x0000000008004882        0x2 
 .text.mbedtls_hardware_poll
                0x0000000008004884       0x48 ./MBEDTLS/Target/hardware_rng.o
                0x0000000008004884                mbedtls_hardware_poll
 .text.osKernelStart
                0x00000000080048cc        0xa ./Middlewares/Third_Party/FreeRTOS/Source/CMSIS_RTOS/cmsis_os.o
                0x00000000080048cc                osKernelStart
 .text.osKernelSysTick
                0x00000000080048d6        0xe ./Middlewares/Third_Party/FreeRTOS/Source/CMSIS_RTOS/cmsis_os.o
                0x00000000080048d6                osKernelSysTick
 .text.osThreadCreate
                0x00000000080048e4       0x50 ./Middlewares/Third_Party/FreeRTOS/Source/CMSIS_RTOS/cmsis_os.o
                0x00000000080048e4                osThreadCreate
 .text.osDelay  0x0000000008004934       0x10 ./Middlewares/Third_Party/FreeRTOS/Source/CMSIS_RTOS/cmsis_os.o
                0x0000000008004934                osDelay
 .text.osMutexCreate
                0x0000000008004944        0xe ./Middlewares/Third_Party/FreeRTOS/Source/CMSIS_RTOS/cmsis_os.o
                0x0000000008004944                osMutexCreate
 *fill*         0x0000000008004952        0x2 
 .text.osMutexWait
                0x0000000008004954       0x4c ./Middlewares/Third_Party/FreeRTOS/Source/CMSIS_RTOS/cmsis_os.o
                0x0000000008004954                osMutexWait
 .text.osMutexRelease
                0x00000000080049a0       0x48 ./Middlewares/Third_Party/FreeRTOS/Source/CMSIS_RTOS/cmsis_os.o
                0x00000000080049a0                osMutexRelease
 .text.osMutexDelete
                0x00000000080049e8       0x14 ./Middlewares/Third_Party/FreeRTOS/Source/CMSIS_RTOS/cmsis_os.o
                0x00000000080049e8                osMutexDelete
 .text.osSemaphoreCreate
                0x00000000080049fc       0x48 ./Middlewares/Third_Party/FreeRTOS/Source/CMSIS_RTOS/cmsis_os.o
                0x00000000080049fc                osSemaphoreCreate
 .text.osSemaphoreWait
                0x0000000008004a44       0x4c ./Middlewares/Third_Party/FreeRTOS/Source/CMSIS_RTOS/cmsis_os.o
                0x0000000008004a44                osSemaphoreWait
 .text.osSemaphoreRelease
                0x0000000008004a90        0x4 ./Middlewares/Third_Party/FreeRTOS/Source/CMSIS_RTOS/cmsis_os.o
                0x0000000008004a90                osSemaphoreRelease
 .text.osSemaphoreDelete
                0x0000000008004a94        0x4 ./Middlewares/Third_Party/FreeRTOS/Source/CMSIS_RTOS/cmsis_os.o
                0x0000000008004a94                osSemaphoreDelete
 .text.osPoolCreate
                0x0000000008004a98       0x6c ./Middlewares/Third_Party/FreeRTOS/Source/CMSIS_RTOS/cmsis_os.o
                0x0000000008004a98                osPoolCreate
 .text.osPoolAlloc
                0x0000000008004b04       0x70 ./Middlewares/Third_Party/FreeRTOS/Source/CMSIS_RTOS/cmsis_os.o
                0x0000000008004b04                osPoolAlloc
 .text.osPoolFree
                0x0000000008004b74       0x2c ./Middlewares/Third_Party/FreeRTOS/Source/CMSIS_RTOS/cmsis_os.o
                0x0000000008004b74                osPoolFree
 .text.osMessageCreate
                0x0000000008004ba0       0x24 ./Middlewares/Third_Party/FreeRTOS/Source/CMSIS_RTOS/cmsis_os.o
                0x0000000008004ba0                osMessageCreate
 .text.osMessagePut
                0x0000000008004bc4       0x50 ./Middlewares/Third_Party/FreeRTOS/Source/CMSIS_RTOS/cmsis_os.o
                0x0000000008004bc4                osMessagePut
 .text.osMessageGet
                0x0000000008004c14       0x70 ./Middlewares/Third_Party/FreeRTOS/Source/CMSIS_RTOS/cmsis_os.o
                0x0000000008004c14                osMessageGet
 .text.osMailCreate
                0x0000000008004c84       0x5e ./Middlewares/Third_Party/FreeRTOS/Source/CMSIS_RTOS/cmsis_os.o
                0x0000000008004c84                osMailCreate
 .text.osMailAlloc
                0x0000000008004ce2        0xa ./Middlewares/Third_Party/FreeRTOS/Source/CMSIS_RTOS/cmsis_os.o
                0x0000000008004ce2                osMailAlloc
 .text.osMailCAlloc
                0x0000000008004cec       0x20 ./Middlewares/Third_Party/FreeRTOS/Source/CMSIS_RTOS/cmsis_os.o
                0x0000000008004cec                osMailCAlloc
 .text.osMailPut
                0x0000000008004d0c       0x54 ./Middlewares/Third_Party/FreeRTOS/Source/CMSIS_RTOS/cmsis_os.o
                0x0000000008004d0c                osMailPut
 .text.osMailGet
                0x0000000008004d60       0x70 ./Middlewares/Third_Party/FreeRTOS/Source/CMSIS_RTOS/cmsis_os.o
                0x0000000008004d60                osMailGet
 .text.osMailFree
                0x0000000008004dd0        0xc ./Middlewares/Third_Party/FreeRTOS/Source/CMSIS_RTOS/cmsis_os.o
                0x0000000008004dd0                osMailFree
 .text.osThreadList
                0x0000000008004ddc        0xa ./Middlewares/Third_Party/FreeRTOS/Source/CMSIS_RTOS/cmsis_os.o
                0x0000000008004ddc                osThreadList
 .text.osMessageWaiting
                0x0000000008004de6        0xe ./Middlewares/Third_Party/FreeRTOS/Source/CMSIS_RTOS/cmsis_os.o
                0x0000000008004de6                osMessageWaiting
 .text.osMessageDelete
                0x0000000008004df4        0x4 ./Middlewares/Third_Party/FreeRTOS/Source/CMSIS_RTOS/cmsis_os.o
                0x0000000008004df4                osMessageDelete
 .text.vListInitialise
                0x0000000008004df8       0x16 ./Middlewares/Third_Party/FreeRTOS/Source/list.o
                0x0000000008004df8                vListInitialise
 .text.vListInitialiseItem
                0x0000000008004e0e        0x6 ./Middlewares/Third_Party/FreeRTOS/Source/list.o
                0x0000000008004e0e                vListInitialiseItem
 .text.vListInsertEnd
                0x0000000008004e14       0x18 ./Middlewares/Third_Party/FreeRTOS/Source/list.o
                0x0000000008004e14                vListInsertEnd
 .text.vListInsert
                0x0000000008004e2c       0x2e ./Middlewares/Third_Party/FreeRTOS/Source/list.o
                0x0000000008004e2c                vListInsert
 .text.uxListRemove
                0x0000000008004e5a       0x20 ./Middlewares/Third_Party/FreeRTOS/Source/list.o
                0x0000000008004e5a                uxListRemove
 .text.prvIsQueueEmpty
                0x0000000008004e7a       0x16 ./Middlewares/Third_Party/FreeRTOS/Source/queue.o
 .text.prvCopyDataToQueue
                0x0000000008004e90       0x6a ./Middlewares/Third_Party/FreeRTOS/Source/queue.o
 .text.prvCopyDataFromQueue
                0x0000000008004efa       0x2a ./Middlewares/Third_Party/FreeRTOS/Source/queue.o
 .text.prvUnlockQueue
                0x0000000008004f24       0x70 ./Middlewares/Third_Party/FreeRTOS/Source/queue.o
 .text.xQueueGenericReset
                0x0000000008004f94       0x84 ./Middlewares/Third_Party/FreeRTOS/Source/queue.o
                0x0000000008004f94                xQueueGenericReset
 .text.xQueueGenericCreateStatic
                0x0000000008005018       0xb0 ./Middlewares/Third_Party/FreeRTOS/Source/queue.o
                0x0000000008005018                xQueueGenericCreateStatic
 .text.xQueueGenericCreate
                0x00000000080050c8       0x52 ./Middlewares/Third_Party/FreeRTOS/Source/queue.o
                0x00000000080050c8                xQueueGenericCreate
 *fill*         0x000000000800511a        0x2 
 .text.xQueueGenericSend
                0x000000000800511c      0x174 ./Middlewares/Third_Party/FreeRTOS/Source/queue.o
                0x000000000800511c                xQueueGenericSend
 .text.xQueueCreateMutexStatic
                0x0000000008005290       0x2a ./Middlewares/Third_Party/FreeRTOS/Source/queue.o
                0x0000000008005290                xQueueCreateMutexStatic
 .text.xQueueCreateMutex
                0x00000000080052ba       0x3a ./Middlewares/Third_Party/FreeRTOS/Source/queue.o
                0x00000000080052ba                xQueueCreateMutex
 .text.xQueueGenericSendFromISR
                0x00000000080052f4       0xd2 ./Middlewares/Third_Party/FreeRTOS/Source/queue.o
                0x00000000080052f4                xQueueGenericSendFromISR
 .text.xQueueGiveFromISR
                0x00000000080053c6       0xb8 ./Middlewares/Third_Party/FreeRTOS/Source/queue.o
                0x00000000080053c6                xQueueGiveFromISR
 *fill*         0x000000000800547e        0x2 
 .text.xQueueReceive
                0x0000000008005480      0x14c ./Middlewares/Third_Party/FreeRTOS/Source/queue.o
                0x0000000008005480                xQueueReceive
 .text.xQueueSemaphoreTake
                0x00000000080055cc      0x198 ./Middlewares/Third_Party/FreeRTOS/Source/queue.o
                0x00000000080055cc                xQueueSemaphoreTake
 .text.xQueueReceiveFromISR
                0x0000000008005764       0xaa ./Middlewares/Third_Party/FreeRTOS/Source/queue.o
                0x0000000008005764                xQueueReceiveFromISR
 .text.uxQueueMessagesWaiting
                0x000000000800580e       0x2e ./Middlewares/Third_Party/FreeRTOS/Source/queue.o
                0x000000000800580e                uxQueueMessagesWaiting
 .text.uxQueueMessagesWaitingFromISR
                0x000000000800583c       0x1c ./Middlewares/Third_Party/FreeRTOS/Source/queue.o
                0x000000000800583c                uxQueueMessagesWaitingFromISR
 .text.vQueueUnregisterQueue
                0x0000000008005858       0x30 ./Middlewares/Third_Party/FreeRTOS/Source/queue.o
                0x0000000008005858                vQueueUnregisterQueue
 .text.vQueueDelete
                0x0000000008005888       0x2e ./Middlewares/Third_Party/FreeRTOS/Source/queue.o
                0x0000000008005888                vQueueDelete
 *fill*         0x00000000080058b6        0x2 
 .text.prvAddNewTaskToReadyList
                0x00000000080058b8      0x12c ./Middlewares/Third_Party/FreeRTOS/Source/tasks.o
 .text.prvResetNextTaskUnblockTime
                0x00000000080059e4       0x24 ./Middlewares/Third_Party/FreeRTOS/Source/tasks.o
 .text.prvInitialiseNewTask.isra.0
                0x0000000008005a08       0xc0 ./Middlewares/Third_Party/FreeRTOS/Source/tasks.o
 .text.prvDeleteTCB
                0x0000000008005ac8       0x40 ./Middlewares/Third_Party/FreeRTOS/Source/tasks.o
 .text.prvIdleTask
                0x0000000008005b08       0x64 ./Middlewares/Third_Party/FreeRTOS/Source/tasks.o
 .text.prvAddCurrentTaskToDelayedList
                0x0000000008005b6c       0x8c ./Middlewares/Third_Party/FreeRTOS/Source/tasks.o
 .text.xTaskCreateStatic
                0x0000000008005bf8       0x7c ./Middlewares/Third_Party/FreeRTOS/Source/tasks.o
                0x0000000008005bf8                xTaskCreateStatic
 .text.xTaskCreate
                0x0000000008005c74       0x5a ./Middlewares/Third_Party/FreeRTOS/Source/tasks.o
                0x0000000008005c74                xTaskCreate
 *fill*         0x0000000008005cce        0x2 
 .text.eTaskGetState
                0x0000000008005cd0       0x88 ./Middlewares/Third_Party/FreeRTOS/Source/tasks.o
                0x0000000008005cd0                eTaskGetState
 .text.vTaskStartScheduler
                0x0000000008005d58       0x80 ./Middlewares/Third_Party/FreeRTOS/Source/tasks.o
                0x0000000008005d58                vTaskStartScheduler
 .text.vTaskSuspendAll
                0x0000000008005dd8       0x10 ./Middlewares/Third_Party/FreeRTOS/Source/tasks.o
                0x0000000008005dd8                vTaskSuspendAll
 .text.xTaskGetTickCount
                0x0000000008005de8        0xc ./Middlewares/Third_Party/FreeRTOS/Source/tasks.o
                0x0000000008005de8                xTaskGetTickCount
 .text.xTaskGetTickCountFromISR
                0x0000000008005df4       0x10 ./Middlewares/Third_Party/FreeRTOS/Source/tasks.o
                0x0000000008005df4                xTaskGetTickCountFromISR
 .text.xTaskIncrementTick
                0x0000000008005e04      0x130 ./Middlewares/Third_Party/FreeRTOS/Source/tasks.o
                0x0000000008005e04                xTaskIncrementTick
 .text.xTaskResumeAll
                0x0000000008005f34       0xf4 ./Middlewares/Third_Party/FreeRTOS/Source/tasks.o
                0x0000000008005f34                xTaskResumeAll
 .text.vTaskDelay
                0x0000000008006028       0x4c ./Middlewares/Third_Party/FreeRTOS/Source/tasks.o
                0x0000000008006028                vTaskDelay
 .text.vTaskSwitchContext
                0x0000000008006074       0xb4 ./Middlewares/Third_Party/FreeRTOS/Source/tasks.o
                0x0000000008006074                vTaskSwitchContext
 .text.vTaskPlaceOnEventList
                0x0000000008006128       0x38 ./Middlewares/Third_Party/FreeRTOS/Source/tasks.o
                0x0000000008006128                vTaskPlaceOnEventList
 .text.xTaskRemoveFromEventList
                0x0000000008006160       0x90 ./Middlewares/Third_Party/FreeRTOS/Source/tasks.o
                0x0000000008006160                xTaskRemoveFromEventList
 .text.vTaskInternalSetTimeOutState
                0x00000000080061f0       0x18 ./Middlewares/Third_Party/FreeRTOS/Source/tasks.o
                0x00000000080061f0                vTaskInternalSetTimeOutState
 .text.xTaskCheckForTimeOut
                0x0000000008006208       0x80 ./Middlewares/Third_Party/FreeRTOS/Source/tasks.o
                0x0000000008006208                xTaskCheckForTimeOut
 .text.vTaskMissedYield
                0x0000000008006288        0xc ./Middlewares/Third_Party/FreeRTOS/Source/tasks.o
                0x0000000008006288                vTaskMissedYield
 .text.vTaskGetInfo
                0x0000000008006294       0x7c ./Middlewares/Third_Party/FreeRTOS/Source/tasks.o
                0x0000000008006294                vTaskGetInfo
 .text.prvListTasksWithinSingleList
                0x0000000008006310       0x5c ./Middlewares/Third_Party/FreeRTOS/Source/tasks.o
 .text.uxTaskGetSystemState
                0x000000000800636c       0xa0 ./Middlewares/Third_Party/FreeRTOS/Source/tasks.o
                0x000000000800636c                uxTaskGetSystemState
 .text.xTaskGetSchedulerState
                0x000000000800640c       0x20 ./Middlewares/Third_Party/FreeRTOS/Source/tasks.o
                0x000000000800640c                xTaskGetSchedulerState
 .text.xTaskPriorityInherit
                0x000000000800642c       0xa8 ./Middlewares/Third_Party/FreeRTOS/Source/tasks.o
                0x000000000800642c                xTaskPriorityInherit
 .text.xTaskPriorityDisinherit
                0x00000000080064d4       0xac ./Middlewares/Third_Party/FreeRTOS/Source/tasks.o
                0x00000000080064d4                xTaskPriorityDisinherit
 .text.vTaskPriorityDisinheritAfterTimeout
                0x0000000008006580       0xbc ./Middlewares/Third_Party/FreeRTOS/Source/tasks.o
                0x0000000008006580                vTaskPriorityDisinheritAfterTimeout
 .text.vTaskList
                0x000000000800663c       0xc4 ./Middlewares/Third_Party/FreeRTOS/Source/tasks.o
                0x000000000800663c                vTaskList
 .text.pvTaskIncrementMutexHeldCount
                0x0000000008006700       0x18 ./Middlewares/Third_Party/FreeRTOS/Source/tasks.o
                0x0000000008006700                pvTaskIncrementMutexHeldCount
 .text.prvPortStartFirstTask
                0x0000000008006718       0x28 ./Middlewares/Third_Party/FreeRTOS/Source/portable/GCC/ARM_CM7/r0p1/port.o
 .text.vPortEnableVFP
                0x0000000008006740       0x14 ./Middlewares/Third_Party/FreeRTOS/Source/portable/GCC/ARM_CM7/r0p1/port.o
 .text.prvTaskExitError
                0x0000000008006754       0x48 ./Middlewares/Third_Party/FreeRTOS/Source/portable/GCC/ARM_CM7/r0p1/port.o
 .text.pxPortInitialiseStack
                0x000000000800679c       0x24 ./Middlewares/Third_Party/FreeRTOS/Source/portable/GCC/ARM_CM7/r0p1/port.o
                0x000000000800679c                pxPortInitialiseStack
 .text.SVC_Handler
                0x00000000080067c0       0x24 ./Middlewares/Third_Party/FreeRTOS/Source/portable/GCC/ARM_CM7/r0p1/port.o
                0x00000000080067c0                SVC_Handler
 .text.vPortEnterCritical
                0x00000000080067e4       0x4c ./Middlewares/Third_Party/FreeRTOS/Source/portable/GCC/ARM_CM7/r0p1/port.o
                0x00000000080067e4                vPortEnterCritical
 .text.vPortExitCritical
                0x0000000008006830       0x2c ./Middlewares/Third_Party/FreeRTOS/Source/portable/GCC/ARM_CM7/r0p1/port.o
                0x0000000008006830                vPortExitCritical
 *fill*         0x000000000800685c        0x4 
 .text.PendSV_Handler
                0x0000000008006860       0x64 ./Middlewares/Third_Party/FreeRTOS/Source/portable/GCC/ARM_CM7/r0p1/port.o
                0x0000000008006860                PendSV_Handler
 .text.SysTick_Handler
                0x00000000080068c4       0x30 ./Middlewares/Third_Party/FreeRTOS/Source/portable/GCC/ARM_CM7/r0p1/port.o
                0x00000000080068c4                SysTick_Handler
 .text.vPortSetupTimerInterrupt
                0x00000000080068f4       0x34 ./Middlewares/Third_Party/FreeRTOS/Source/portable/GCC/ARM_CM7/r0p1/port.o
                0x00000000080068f4                vPortSetupTimerInterrupt
 .text.xPortStartScheduler
                0x0000000008006928       0xc8 ./Middlewares/Third_Party/FreeRTOS/Source/portable/GCC/ARM_CM7/r0p1/port.o
                0x0000000008006928                xPortStartScheduler
 .text.vPortValidateInterruptPriority
                0x00000000080069f0       0x64 ./Middlewares/Third_Party/FreeRTOS/Source/portable/GCC/ARM_CM7/r0p1/port.o
                0x00000000080069f0                vPortValidateInterruptPriority
 .text.prvInsertBlockIntoFreeList
                0x0000000008006a54       0x48 ./Middlewares/Third_Party/FreeRTOS/Source/portable/MemMang/heap_4.o
 .text.pvPortMalloc
                0x0000000008006a9c      0x11c ./Middlewares/Third_Party/FreeRTOS/Source/portable/MemMang/heap_4.o
                0x0000000008006a9c                pvPortMalloc
 .text.vPortFree
                0x0000000008006bb8       0x78 ./Middlewares/Third_Party/FreeRTOS/Source/portable/MemMang/heap_4.o
                0x0000000008006bb8                vPortFree
 .text.xPortGetFreeHeapSize
                0x0000000008006c30        0xc ./Middlewares/Third_Party/FreeRTOS/Source/portable/MemMang/heap_4.o
                0x0000000008006c30                xPortGetFreeHeapSize
 .text.xPortGetMinimumEverFreeHeapSize
                0x0000000008006c3c        0xc ./Middlewares/Third_Party/FreeRTOS/Source/portable/MemMang/heap_4.o
                0x0000000008006c3c                xPortGetMinimumEverFreeHeapSize
 .text.netconn_apimsg
                0x0000000008006c48       0x14 ./Middlewares/Third_Party/LwIP/src/api/api_lib.o
 .text.netconn_close_shutdown
                0x0000000008006c5c       0x44 ./Middlewares/Third_Party/LwIP/src/api/api_lib.o
 .text.netconn_new_with_proto_and_callback
                0x0000000008006ca0       0xb4 ./Middlewares/Third_Party/LwIP/src/api/api_lib.o
                0x0000000008006ca0                netconn_new_with_proto_and_callback
 .text.netconn_prepare_delete
                0x0000000008006d54       0x20 ./Middlewares/Third_Party/LwIP/src/api/api_lib.o
                0x0000000008006d54                netconn_prepare_delete
 .text.netconn_delete
                0x0000000008006d74       0x1c ./Middlewares/Third_Party/LwIP/src/api/api_lib.o
                0x0000000008006d74                netconn_delete
 .text.netconn_getaddr
                0x0000000008006d90       0x64 ./Middlewares/Third_Party/LwIP/src/api/api_lib.o
                0x0000000008006d90                netconn_getaddr
 .text.netconn_bind
                0x0000000008006df4       0x4c ./Middlewares/Third_Party/LwIP/src/api/api_lib.o
                0x0000000008006df4                netconn_bind
 .text.netconn_connect
                0x0000000008006e40       0x4c ./Middlewares/Third_Party/LwIP/src/api/api_lib.o
                0x0000000008006e40                netconn_connect
 .text.netconn_disconnect
                0x0000000008006e8c       0x3c ./Middlewares/Third_Party/LwIP/src/api/api_lib.o
                0x0000000008006e8c                netconn_disconnect
 .text.netconn_listen_with_backlog
                0x0000000008006ec8       0x3c ./Middlewares/Third_Party/LwIP/src/api/api_lib.o
                0x0000000008006ec8                netconn_listen_with_backlog
 .text.netconn_tcp_recvd
                0x0000000008006f04       0x48 ./Middlewares/Third_Party/LwIP/src/api/api_lib.o
                0x0000000008006f04                netconn_tcp_recvd
 .text.netconn_send
                0x0000000008006f4c       0x3c ./Middlewares/Third_Party/LwIP/src/api/api_lib.o
                0x0000000008006f4c                netconn_send
 .text.netconn_write_vectors_partly
                0x0000000008006f88       0xd8 ./Middlewares/Third_Party/LwIP/src/api/api_lib.o
                0x0000000008006f88                netconn_write_vectors_partly
 .text.netconn_write_partly
                0x0000000008007060       0x18 ./Middlewares/Third_Party/LwIP/src/api/api_lib.o
                0x0000000008007060                netconn_write_partly
 .text.netconn_close
                0x0000000008007078        0x6 ./Middlewares/Third_Party/LwIP/src/api/api_lib.o
                0x0000000008007078                netconn_close
 .text.netconn_err
                0x000000000800707e       0x1e ./Middlewares/Third_Party/LwIP/src/api/api_lib.o
                0x000000000800707e                netconn_err
 .text.netconn_accept
                0x000000000800709c       0xb0 ./Middlewares/Third_Party/LwIP/src/api/api_lib.o
                0x000000000800709c                netconn_accept
 .text.netconn_recv_data
                0x000000000800714c       0xec ./Middlewares/Third_Party/LwIP/src/api/api_lib.o
 .text.netconn_recv_udp_raw_netbuf_flags
                0x0000000008007238       0x38 ./Middlewares/Third_Party/LwIP/src/api/api_lib.o
                0x0000000008007238                netconn_recv_udp_raw_netbuf_flags
 .text.netconn_recv_data_tcp
                0x0000000008007270       0xc4 ./Middlewares/Third_Party/LwIP/src/api/api_lib.o
 .text.netconn_recv_tcp_pbuf_flags
                0x0000000008007334       0x38 ./Middlewares/Third_Party/LwIP/src/api/api_lib.o
                0x0000000008007334                netconn_recv_tcp_pbuf_flags
 .text.netconn_recv
                0x000000000800736c       0xa4 ./Middlewares/Third_Party/LwIP/src/api/api_lib.o
                0x000000000800736c                netconn_recv
 .text.netconn_shutdown
                0x0000000008007410       0x16 ./Middlewares/Third_Party/LwIP/src/api/api_lib.o
                0x0000000008007410                netconn_shutdown
 *fill*         0x0000000008007426        0x2 
 .text.netconn_gethostbyname
                0x0000000008007428       0x7c ./Middlewares/Third_Party/LwIP/src/api/api_lib.o
                0x0000000008007428                netconn_gethostbyname
 .text.recv_udp
                0x00000000080074a4       0xbc ./Middlewares/Third_Party/LwIP/src/api/api_msg.o
 .text.setup_tcp
                0x0000000008007560       0x44 ./Middlewares/Third_Party/LwIP/src/api/api_msg.o
 .text.lwip_netconn_do_connected
                0x00000000080075a4       0xac ./Middlewares/Third_Party/LwIP/src/api/api_msg.o
 .text.lwip_netconn_do_dns_found
                0x0000000008007650       0x1a ./Middlewares/Third_Party/LwIP/src/api/api_msg.o
 *fill*         0x000000000800766a        0x2 
 .text.lwip_netconn_do_writemore
                0x000000000800766c      0x254 ./Middlewares/Third_Party/LwIP/src/api/api_msg.o
 .text.lwip_netconn_do_close_internal
                0x00000000080078c0      0x1e8 ./Middlewares/Third_Party/LwIP/src/api/api_msg.o
 .text.poll_tcp
                0x0000000008007aa8       0x7c ./Middlewares/Third_Party/LwIP/src/api/api_msg.o
 .text.recv_tcp
                0x0000000008007b24       0xd0 ./Middlewares/Third_Party/LwIP/src/api/api_msg.o
 .text.err_tcp  0x0000000008007bf4      0x13c ./Middlewares/Third_Party/LwIP/src/api/api_msg.o
 .text.sent_tcp
                0x0000000008007d30       0x70 ./Middlewares/Third_Party/LwIP/src/api/api_msg.o
 .text.lwip_netconn_is_err_msg
                0x0000000008007da0       0x54 ./Middlewares/Third_Party/LwIP/src/api/api_msg.o
                0x0000000008007da0                lwip_netconn_is_err_msg
 .text.lwip_netconn_do_newconn
                0x0000000008007df4       0x60 ./Middlewares/Third_Party/LwIP/src/api/api_msg.o
                0x0000000008007df4                lwip_netconn_do_newconn
 .text.netconn_alloc
                0x0000000008007e54       0x8c ./Middlewares/Third_Party/LwIP/src/api/api_msg.o
                0x0000000008007e54                netconn_alloc
 .text.netconn_free
                0x0000000008007ee0       0x78 ./Middlewares/Third_Party/LwIP/src/api/api_msg.o
                0x0000000008007ee0                netconn_free
 .text.netconn_drain
                0x0000000008007f58       0x9e ./Middlewares/Third_Party/LwIP/src/api/api_msg.o
 *fill*         0x0000000008007ff6        0x2 
 .text.accept_function
                0x0000000008007ff8       0xf4 ./Middlewares/Third_Party/LwIP/src/api/api_msg.o
 .text.lwip_netconn_do_delconn
                0x00000000080080ec      0x10c ./Middlewares/Third_Party/LwIP/src/api/api_msg.o
                0x00000000080080ec                lwip_netconn_do_delconn
 .text.lwip_netconn_do_bind
                0x00000000080081f8       0x34 ./Middlewares/Third_Party/LwIP/src/api/api_msg.o
                0x00000000080081f8                lwip_netconn_do_bind
 .text.lwip_netconn_do_connect
                0x000000000800822c       0xe0 ./Middlewares/Third_Party/LwIP/src/api/api_msg.o
                0x000000000800822c                lwip_netconn_do_connect
 .text.lwip_netconn_do_disconnect
                0x000000000800830c       0x20 ./Middlewares/Third_Party/LwIP/src/api/api_msg.o
                0x000000000800830c                lwip_netconn_do_disconnect
 .text.lwip_netconn_do_listen
                0x000000000800832c       0xb8 ./Middlewares/Third_Party/LwIP/src/api/api_msg.o
                0x000000000800832c                lwip_netconn_do_listen
 .text.lwip_netconn_do_send
                0x00000000080083e4       0x3c ./Middlewares/Third_Party/LwIP/src/api/api_msg.o
                0x00000000080083e4                lwip_netconn_do_send
 .text.lwip_netconn_do_recv
                0x0000000008008420       0x36 ./Middlewares/Third_Party/LwIP/src/api/api_msg.o
                0x0000000008008420                lwip_netconn_do_recv
 *fill*         0x0000000008008456        0x2 
 .text.lwip_netconn_do_write
                0x0000000008008458       0xcc ./Middlewares/Third_Party/LwIP/src/api/api_msg.o
                0x0000000008008458                lwip_netconn_do_write
 .text.lwip_netconn_do_getaddr
                0x0000000008008524       0x74 ./Middlewares/Third_Party/LwIP/src/api/api_msg.o
                0x0000000008008524                lwip_netconn_do_getaddr
 .text.lwip_netconn_do_close
                0x0000000008008598       0xbc ./Middlewares/Third_Party/LwIP/src/api/api_msg.o
                0x0000000008008598                lwip_netconn_do_close
 .text.lwip_netconn_do_gethostbyname
                0x0000000008008654       0x6c ./Middlewares/Third_Party/LwIP/src/api/api_msg.o
                0x0000000008008654                lwip_netconn_do_gethostbyname
 .text.err_to_errno
                0x00000000080086c0       0x1c ./Middlewares/Third_Party/LwIP/src/api/err.o
                0x00000000080086c0                err_to_errno
 .text.netbuf_delete
                0x00000000080086dc       0x22 ./Middlewares/Third_Party/LwIP/src/api/netbuf.o
                0x00000000080086dc                netbuf_delete
 *fill*         0x00000000080086fe        0x2 
 .text.netbuf_free
                0x0000000008008700       0x34 ./Middlewares/Third_Party/LwIP/src/api/netbuf.o
                0x0000000008008700                netbuf_free
 .text.netbuf_ref
                0x0000000008008734       0x54 ./Middlewares/Third_Party/LwIP/src/api/netbuf.o
                0x0000000008008734                netbuf_ref
 .text.netbuf_data
                0x0000000008008788       0x58 ./Middlewares/Third_Party/LwIP/src/api/netbuf.o
                0x0000000008008788                netbuf_data
 .text.lwip_freeaddrinfo
                0x00000000080087e0       0x14 ./Middlewares/Third_Party/LwIP/src/api/netdb.o
                0x00000000080087e0                lwip_freeaddrinfo
 .text.lwip_getaddrinfo
                0x00000000080087f4      0x11c ./Middlewares/Third_Party/LwIP/src/api/netdb.o
                0x00000000080087f4                lwip_getaddrinfo
 .text.alloc_socket
                0x0000000008008910       0x80 ./Middlewares/Third_Party/LwIP/src/api/sockets.o
 .text.lwip_selscan
                0x0000000008008990      0x148 ./Middlewares/Third_Party/LwIP/src/api/sockets.o
 .text.lwip_link_select_cb
                0x0000000008008ad8       0x28 ./Middlewares/Third_Party/LwIP/src/api/sockets.o
 .text.lwip_unlink_select_cb
                0x0000000008008b00       0x6c ./Middlewares/Third_Party/LwIP/src/api/sockets.o
 .text.lwip_recv_tcp
                0x0000000008008b6c      0x158 ./Middlewares/Third_Party/LwIP/src/api/sockets.o
 .text.lwip_sock_make_addr.isra.0
                0x0000000008008cc4       0x90 ./Middlewares/Third_Party/LwIP/src/api/sockets.o
 .text.free_socket
                0x0000000008008d54       0x36 ./Middlewares/Third_Party/LwIP/src/api/sockets.o
 *fill*         0x0000000008008d8a        0x2 
 .text.lwip_recvfrom_udp_raw.isra.0
                0x0000000008008d8c       0xf0 ./Middlewares/Third_Party/LwIP/src/api/sockets.o
 .text.get_socket
                0x0000000008008e7c       0x24 ./Middlewares/Third_Party/LwIP/src/api/sockets.o
 .text.event_callback
                0x0000000008008ea0      0x164 ./Middlewares/Third_Party/LwIP/src/api/sockets.o
 .text.lwip_close
                0x0000000008009004       0x70 ./Middlewares/Third_Party/LwIP/src/api/sockets.o
                0x0000000008009004                lwip_close
 .text.lwip_connect
                0x0000000008009074       0x74 ./Middlewares/Third_Party/LwIP/src/api/sockets.o
                0x0000000008009074                lwip_connect
 .text.lwip_recvfrom
                0x00000000080090e8       0xb8 ./Middlewares/Third_Party/LwIP/src/api/sockets.o
                0x00000000080090e8                lwip_recvfrom
 .text.lwip_read
                0x00000000080091a0       0x12 ./Middlewares/Third_Party/LwIP/src/api/sockets.o
                0x00000000080091a0                lwip_read
 *fill*         0x00000000080091b2        0x2 
 .text.lwip_sendto
                0x00000000080091b4       0xe8 ./Middlewares/Third_Party/LwIP/src/api/sockets.o
                0x00000000080091b4                lwip_sendto
 .text.lwip_send
                0x000000000800929c       0x70 ./Middlewares/Third_Party/LwIP/src/api/sockets.o
                0x000000000800929c                lwip_send
 .text.lwip_socket
                0x000000000800930c       0x70 ./Middlewares/Third_Party/LwIP/src/api/sockets.o
                0x000000000800930c                lwip_socket
 .text.lwip_write
                0x000000000800937c        0x6 ./Middlewares/Third_Party/LwIP/src/api/sockets.o
                0x000000000800937c                lwip_write
 *fill*         0x0000000008009382        0x2 
 .text.lwip_select
                0x0000000008009384      0x288 ./Middlewares/Third_Party/LwIP/src/api/sockets.o
                0x0000000008009384                lwip_select
 .text.lwip_shutdown
                0x000000000800960c       0x68 ./Middlewares/Third_Party/LwIP/src/api/sockets.o
                0x000000000800960c                lwip_shutdown
 .text.lwip_fcntl
                0x0000000008009674       0x84 ./Middlewares/Third_Party/LwIP/src/api/sockets.o
                0x0000000008009674                lwip_fcntl
 .text.tcpip_thread
                0x00000000080096f8       0xd0 ./Middlewares/Third_Party/LwIP/src/api/tcpip.o
 .text.tcpip_inpkt
                0x00000000080097c8       0x58 ./Middlewares/Third_Party/LwIP/src/api/tcpip.o
                0x00000000080097c8                tcpip_inpkt
 .text.tcpip_input
                0x0000000008009820       0x1c ./Middlewares/Third_Party/LwIP/src/api/tcpip.o
                0x0000000008009820                tcpip_input
 .text.tcpip_try_callback
                0x000000000800983c       0x58 ./Middlewares/Third_Party/LwIP/src/api/tcpip.o
                0x000000000800983c                tcpip_try_callback
 .text.tcpip_send_msg_wait_sem
                0x0000000008009894       0x20 ./Middlewares/Third_Party/LwIP/src/api/tcpip.o
                0x0000000008009894                tcpip_send_msg_wait_sem
 .text.tcpip_init
                0x00000000080098b4       0x7c ./Middlewares/Third_Party/LwIP/src/api/tcpip.o
                0x00000000080098b4                tcpip_init
 .text.fs_open  0x0000000008009930       0x40 ./Middlewares/Third_Party/LwIP/src/apps/http/fs.o
                0x0000000008009930                fs_open
 .text.fs_close
                0x0000000008009970        0x2 ./Middlewares/Third_Party/LwIP/src/apps/http/fs.o
                0x0000000008009970                fs_close
 .text.lwip_htons
                0x0000000008009972        0x6 ./Middlewares/Third_Party/LwIP/src/core/def.o
                0x0000000008009972                lwip_htons
 .text.lwip_htonl
                0x0000000008009978        0x4 ./Middlewares/Third_Party/LwIP/src/core/def.o
                0x0000000008009978                lwip_htonl
 .text.lwip_strnicmp
                0x000000000800997c       0x3a ./Middlewares/Third_Party/LwIP/src/core/def.o
                0x000000000800997c                lwip_strnicmp
 *fill*         0x00000000080099b6        0x2 
 .text.dns_call_found
                0x00000000080099b8       0xa0 ./Middlewares/Third_Party/LwIP/src/core/dns.o
 .text.dns_send
                0x0000000008009a58      0x160 ./Middlewares/Third_Party/LwIP/src/core/dns.o
 .text.dns_check_entry
                0x0000000008009bb8       0xf0 ./Middlewares/Third_Party/LwIP/src/core/dns.o
 .text.dns_recv
                0x0000000008009ca8      0x2fc ./Middlewares/Third_Party/LwIP/src/core/dns.o
 .text.dns_init
                0x0000000008009fa4        0x2 ./Middlewares/Third_Party/LwIP/src/core/dns.o
                0x0000000008009fa4                dns_init
 *fill*         0x0000000008009fa6        0x2 
 .text.dns_setserver
                0x0000000008009fa8       0x20 ./Middlewares/Third_Party/LwIP/src/core/dns.o
                0x0000000008009fa8                dns_setserver
 .text.dns_tmr  0x0000000008009fc8       0x1e ./Middlewares/Third_Party/LwIP/src/core/dns.o
                0x0000000008009fc8                dns_tmr
 *fill*         0x0000000008009fe6        0x2 
 .text.dns_gethostbyname_addrtype
                0x0000000008009fe8      0x268 ./Middlewares/Third_Party/LwIP/src/core/dns.o
                0x0000000008009fe8                dns_gethostbyname_addrtype
 .text.lwip_init
                0x000000000800a250       0x26 ./Middlewares/Third_Party/LwIP/src/core/init.o
                0x000000000800a250                lwip_init
 *fill*         0x000000000800a276        0x2 
 .text.mem_init
                0x000000000800a278       0x68 ./Middlewares/Third_Party/LwIP/src/core/mem.o
                0x000000000800a278                mem_init
 .text.mem_free
                0x000000000800a2e0      0x1bc ./Middlewares/Third_Party/LwIP/src/core/mem.o
                0x000000000800a2e0                mem_free
 .text.mem_trim
                0x000000000800a49c      0x174 ./Middlewares/Third_Party/LwIP/src/core/mem.o
                0x000000000800a49c                mem_trim
 .text.mem_malloc
                0x000000000800a610      0x160 ./Middlewares/Third_Party/LwIP/src/core/mem.o
                0x000000000800a610                mem_malloc
 .text.do_memp_malloc_pool.isra.0
                0x000000000800a770       0x3c ./Middlewares/Third_Party/LwIP/src/core/memp.o
 .text.do_memp_free_pool.isra.0
                0x000000000800a7ac       0x38 ./Middlewares/Third_Party/LwIP/src/core/memp.o
 .text.memp_init_pool
                0x000000000800a7e4       0x26 ./Middlewares/Third_Party/LwIP/src/core/memp.o
                0x000000000800a7e4                memp_init_pool
 *fill*         0x000000000800a80a        0x2 
 .text.memp_init
                0x000000000800a80c       0x1c ./Middlewares/Third_Party/LwIP/src/core/memp.o
                0x000000000800a80c                memp_init
 .text.memp_malloc
                0x000000000800a828       0x38 ./Middlewares/Third_Party/LwIP/src/core/memp.o
                0x000000000800a828                memp_malloc
 .text.memp_free
                0x000000000800a860       0x34 ./Middlewares/Third_Party/LwIP/src/core/memp.o
                0x000000000800a860                memp_free
 .text.netif_null_output_ip4
                0x000000000800a894        0x6 ./Middlewares/Third_Party/LwIP/src/core/netif.o
 *fill*         0x000000000800a89a        0x2 
 .text.netif_issue_reports
                0x000000000800a89c       0x48 ./Middlewares/Third_Party/LwIP/src/core/netif.o
 .text.netif_do_set_ipaddr
                0x000000000800a8e4       0x58 ./Middlewares/Third_Party/LwIP/src/core/netif.o
 .text.netif_init
                0x000000000800a93c        0x2 ./Middlewares/Third_Party/LwIP/src/core/netif.o
                0x000000000800a93c                netif_init
 *fill*         0x000000000800a93e        0x2 
 .text.netif_set_addr
                0x000000000800a940       0x58 ./Middlewares/Third_Party/LwIP/src/core/netif.o
                0x000000000800a940                netif_set_addr
 .text.netif_add
                0x000000000800a998      0x130 ./Middlewares/Third_Party/LwIP/src/core/netif.o
                0x000000000800a998                netif_add
 .text.netif_set_default
                0x000000000800aac8        0xc ./Middlewares/Third_Party/LwIP/src/core/netif.o
                0x000000000800aac8                netif_set_default
 .text.netif_set_up
                0x000000000800aad4       0x34 ./Middlewares/Third_Party/LwIP/src/core/netif.o
                0x000000000800aad4                netif_set_up
 .text.netif_set_down
                0x000000000800ab08       0x38 ./Middlewares/Third_Party/LwIP/src/core/netif.o
                0x000000000800ab08                netif_set_down
 .text.netif_set_link_up
                0x000000000800ab40       0x50 ./Middlewares/Third_Party/LwIP/src/core/netif.o
                0x000000000800ab40                netif_set_link_up
 .text.netif_set_link_down
                0x000000000800ab90       0x34 ./Middlewares/Third_Party/LwIP/src/core/netif.o
                0x000000000800ab90                netif_set_link_down
 .text.netif_set_link_callback
                0x000000000800abc4        0x6 ./Middlewares/Third_Party/LwIP/src/core/netif.o
                0x000000000800abc4                netif_set_link_callback
 *fill*         0x000000000800abca        0x2 
 .text.netif_get_by_index
                0x000000000800abcc       0x24 ./Middlewares/Third_Party/LwIP/src/core/netif.o
                0x000000000800abcc                netif_get_by_index
 .text.pbuf_skip_const
                0x000000000800abf0       0x16 ./Middlewares/Third_Party/LwIP/src/core/pbuf.o
 *fill*         0x000000000800ac06        0x2 
 .text.pbuf_free_ooseq_callback
                0x000000000800ac08       0x30 ./Middlewares/Third_Party/LwIP/src/core/pbuf.o
 .text.pbuf_add_header_impl
                0x000000000800ac38       0x64 ./Middlewares/Third_Party/LwIP/src/core/pbuf.o
 .text.pbuf_alloc_reference
                0x000000000800ac9c       0x48 ./Middlewares/Third_Party/LwIP/src/core/pbuf.o
                0x000000000800ac9c                pbuf_alloc_reference
 .text.pbuf_alloced_custom
                0x000000000800ace4       0x34 ./Middlewares/Third_Party/LwIP/src/core/pbuf.o
                0x000000000800ace4                pbuf_alloced_custom
 .text.pbuf_add_header
                0x000000000800ad18        0x6 ./Middlewares/Third_Party/LwIP/src/core/pbuf.o
                0x000000000800ad18                pbuf_add_header
 *fill*         0x000000000800ad1e        0x2 
 .text.pbuf_remove_header
                0x000000000800ad20       0x58 ./Middlewares/Third_Party/LwIP/src/core/pbuf.o
                0x000000000800ad20                pbuf_remove_header
 .text.pbuf_header_force
                0x000000000800ad78       0x10 ./Middlewares/Third_Party/LwIP/src/core/pbuf.o
                0x000000000800ad78                pbuf_header_force
 .text.pbuf_free
                0x000000000800ad88       0xd0 ./Middlewares/Third_Party/LwIP/src/core/pbuf.o
                0x000000000800ad88                pbuf_free
 .text.pbuf_alloc
                0x000000000800ae58      0x128 ./Middlewares/Third_Party/LwIP/src/core/pbuf.o
                0x000000000800ae58                pbuf_alloc
 .text.pbuf_realloc
                0x000000000800af80       0xb0 ./Middlewares/Third_Party/LwIP/src/core/pbuf.o
                0x000000000800af80                pbuf_realloc
 .text.pbuf_free_header
                0x000000000800b030       0x30 ./Middlewares/Third_Party/LwIP/src/core/pbuf.o
                0x000000000800b030                pbuf_free_header
 .text.pbuf_clen
                0x000000000800b060       0x10 ./Middlewares/Third_Party/LwIP/src/core/pbuf.o
                0x000000000800b060                pbuf_clen
 .text.pbuf_ref
                0x000000000800b070       0x38 ./Middlewares/Third_Party/LwIP/src/core/pbuf.o
                0x000000000800b070                pbuf_ref
 .text.pbuf_cat
                0x000000000800b0a8       0x74 ./Middlewares/Third_Party/LwIP/src/core/pbuf.o
                0x000000000800b0a8                pbuf_cat
 .text.pbuf_chain
                0x000000000800b11c       0x12 ./Middlewares/Third_Party/LwIP/src/core/pbuf.o
                0x000000000800b11c                pbuf_chain
 *fill*         0x000000000800b12e        0x2 
 .text.pbuf_copy
                0x000000000800b130      0x104 ./Middlewares/Third_Party/LwIP/src/core/pbuf.o
                0x000000000800b130                pbuf_copy
 .text.pbuf_copy_partial
                0x000000000800b234       0x8c ./Middlewares/Third_Party/LwIP/src/core/pbuf.o
                0x000000000800b234                pbuf_copy_partial
 .text.pbuf_take
                0x000000000800b2c0       0xbc ./Middlewares/Third_Party/LwIP/src/core/pbuf.o
                0x000000000800b2c0                pbuf_take
 .text.pbuf_take_at
                0x000000000800b37c       0x78 ./Middlewares/Third_Party/LwIP/src/core/pbuf.o
                0x000000000800b37c                pbuf_take_at
 .text.pbuf_clone
                0x000000000800b3f4       0x38 ./Middlewares/Third_Party/LwIP/src/core/pbuf.o
                0x000000000800b3f4                pbuf_clone
 .text.pbuf_try_get_at
                0x000000000800b42c       0x26 ./Middlewares/Third_Party/LwIP/src/core/pbuf.o
                0x000000000800b42c                pbuf_try_get_at
 .text.pbuf_put_at
                0x000000000800b452       0x20 ./Middlewares/Third_Party/LwIP/src/core/pbuf.o
                0x000000000800b452                pbuf_put_at
 *fill*         0x000000000800b472        0x2 
 .text.tcp_new_port
                0x000000000800b474       0x54 ./Middlewares/Third_Party/LwIP/src/core/tcp.o
 .text.tcp_close_shutdown_fin
                0x000000000800b4c8       0x60 ./Middlewares/Third_Party/LwIP/src/core/tcp.o
 .text.tcp_init
                0x000000000800b528       0x18 ./Middlewares/Third_Party/LwIP/src/core/tcp.o
                0x000000000800b528                tcp_init
 .text.tcp_free
                0x000000000800b540       0x30 ./Middlewares/Third_Party/LwIP/src/core/tcp.o
                0x000000000800b540                tcp_free
 .text.tcp_bind
                0x000000000800b570       0xac ./Middlewares/Third_Party/LwIP/src/core/tcp.o
                0x000000000800b570                tcp_bind
 .text.tcp_listen_with_backlog_and_err
                0x000000000800b61c       0xcc ./Middlewares/Third_Party/LwIP/src/core/tcp.o
                0x000000000800b61c                tcp_listen_with_backlog_and_err
 .text.tcp_update_rcv_ann_wnd
                0x000000000800b6e8       0x6c ./Middlewares/Third_Party/LwIP/src/core/tcp.o
                0x000000000800b6e8                tcp_update_rcv_ann_wnd
 .text.tcp_recved
                0x000000000800b754       0x7c ./Middlewares/Third_Party/LwIP/src/core/tcp.o
                0x000000000800b754                tcp_recved
 .text.tcp_seg_free
                0x000000000800b7d0       0x1c ./Middlewares/Third_Party/LwIP/src/core/tcp.o
                0x000000000800b7d0                tcp_seg_free
 .text.tcp_segs_free
                0x000000000800b7ec       0x10 ./Middlewares/Third_Party/LwIP/src/core/tcp.o
                0x000000000800b7ec                tcp_segs_free
 .text.tcp_seg_copy
                0x000000000800b7fc       0x48 ./Middlewares/Third_Party/LwIP/src/core/tcp.o
                0x000000000800b7fc                tcp_seg_copy
 .text.tcp_arg  0x000000000800b844        0x6 ./Middlewares/Third_Party/LwIP/src/core/tcp.o
                0x000000000800b844                tcp_arg
 *fill*         0x000000000800b84a        0x2 
 .text.tcp_recv
                0x000000000800b84c       0x30 ./Middlewares/Third_Party/LwIP/src/core/tcp.o
                0x000000000800b84c                tcp_recv
 .text.tcp_sent
                0x000000000800b87c       0x30 ./Middlewares/Third_Party/LwIP/src/core/tcp.o
                0x000000000800b87c                tcp_sent
 .text.tcp_err  0x000000000800b8ac       0x30 ./Middlewares/Third_Party/LwIP/src/core/tcp.o
                0x000000000800b8ac                tcp_err
 .text.tcp_accept
                0x000000000800b8dc        0xc ./Middlewares/Third_Party/LwIP/src/core/tcp.o
                0x000000000800b8dc                tcp_accept
 .text.tcp_poll