../Middlewares/Third_Party/mbedTLS/library/ccm.c:152:12:ccm_auth_crypt	128	static
../Middlewares/Third_Party/mbedTLS/library/ccm.c:66:6:mbedtls_ccm_init	0	static
../Middlewares/Third_Party/mbedTLS/library/ccm.c:72:5:mbedtls_ccm_setkey	24	static
../Middlewares/Third_Party/mbedTLS/library/ccm.c:107:6:mbedtls_ccm_free	8	static
../Middlewares/Third_Party/mbedTLS/library/ccm.c:324:5:mbedtls_ccm_star_encrypt_and_tag	40	static
../Middlewares/Third_Party/mbedTLS/library/ccm.c:340:5:mbedtls_ccm_encrypt_and_tag	20	static
../Middlewares/Third_Party/mbedTLS/library/ccm.c:362:5:mbedtls_ccm_star_auth_decrypt	72	static
../Middlewares/Third_Party/mbedTLS/library/ccm.c:400:5:mbedtls_ccm_auth_decrypt	20	static
../Middlewares/Third_Party/mbedTLS/library/ccm.c:470:5:mbedtls_ccm_self_test	208	static
