../Middlewares/Third_Party/mbedTLS/library/cipher.c:595:13:add_pkcs_padding	8	static
../Middlewares/Third_Party/mbedTLS/library/cipher.c:605:12:get_pkcs_padding	20	static
../Middlewares/Third_Party/mbedTLS/library/cipher.c:635:13:add_one_and_zeros_padding	12	static
../Middlewares/Third_Party/mbedTLS/library/cipher.c:674:13:add_zeros_and_len_padding	16	static
../Middlewares/Third_Party/mbedTLS/library/cipher.c:685:12:get_zeros_and_len_padding	16	static
../Middlewares/Third_Party/mbedTLS/library/cipher.c:714:13:add_zeros_padding	0	static
../Middlewares/Third_Party/mbedTLS/library/cipher.c:750:12:get_no_padding	0	static
../Middlewares/Third_Party/mbedTLS/library/cipher.c:646:12:get_one_and_zeros_padding	20	static
../Middlewares/Third_Party/mbedTLS/library/cipher.c:723:12:get_zeros_padding	16	static
../Middlewares/Third_Party/mbedTLS/library/cipher.c:95:12:mbedtls_cipher_list	0	static
../Middlewares/Third_Party/mbedTLS/library/cipher.c:116:30:mbedtls_cipher_info_from_type	0	static
../Middlewares/Third_Party/mbedTLS/library/cipher.c:127:30:mbedtls_cipher_info_from_string	16	static
../Middlewares/Third_Party/mbedTLS/library/cipher.c:141:30:mbedtls_cipher_info_from_values	12	static
../Middlewares/Third_Party/mbedTLS/library/cipher.c:156:6:mbedtls_cipher_init	0	static
../Middlewares/Third_Party/mbedTLS/library/cipher.c:162:6:mbedtls_cipher_free	8	static
../Middlewares/Third_Party/mbedTLS/library/cipher.c:209:5:mbedtls_cipher_setkey	8	static
../Middlewares/Third_Party/mbedTLS/library/cipher.c:249:5:mbedtls_cipher_set_iv	24	static
../Middlewares/Third_Party/mbedTLS/library/cipher.c:296:5:mbedtls_cipher_reset	0	static
../Middlewares/Third_Party/mbedTLS/library/cipher.c:308:5:mbedtls_cipher_update_ad	24	static
../Middlewares/Third_Party/mbedTLS/library/cipher.c:349:5:mbedtls_cipher_update	64	static
../Middlewares/Third_Party/mbedTLS/library/cipher.c:762:5:mbedtls_cipher_finish	32	static
../Middlewares/Third_Party/mbedTLS/library/cipher.c:853:5:mbedtls_cipher_set_padding_mode	0	static
../Middlewares/Third_Party/mbedTLS/library/cipher.c:182:5:mbedtls_cipher_setup	16	static
../Middlewares/Third_Party/mbedTLS/library/cipher.c:903:5:mbedtls_cipher_write_tag	8	static
../Middlewares/Third_Party/mbedTLS/library/cipher.c:935:5:mbedtls_cipher_check_tag	32	static
../Middlewares/Third_Party/mbedTLS/library/cipher.c:1000:5:mbedtls_cipher_crypt	40	static
../Middlewares/Third_Party/mbedTLS/library/cipher.c:1035:5:mbedtls_cipher_auth_encrypt	36	static
../Middlewares/Third_Party/mbedTLS/library/cipher.c:1090:5:mbedtls_cipher_auth_decrypt	64	static
