../Middlewares/Third_Party/mbedTLS/library/rsa.c:1066:12:mgf_mask	112	static
../Middlewares/Third_Party/mbedTLS/library/rsa.c:1899:12:rsa_rsassa_pkcs1_v15_encode	40	static
../Middlewares/Third_Party/mbedTLS/library/rsa.c:2555:12:myrand	16	static
../Middlewares/Third_Party/mbedTLS/library/rsa.c:2482:6:mbedtls_rsa_free.part.0	8	static
../Middlewares/Third_Party/mbedTLS/library/rsa.c:160:12:rsa_check_context.constprop	24	static
../Middlewares/Third_Party/mbedTLS/library/rsa.c:96:5:mbedtls_rsa_import	32	static
../Middlewares/Third_Party/mbedTLS/library/rsa.c:119:5:mbedtls_rsa_import_raw	32	static
../Middlewares/Third_Party/mbedTLS/library/rsa.c:248:5:mbedtls_rsa_complete	56	static
../Middlewares/Third_Party/mbedTLS/library/rsa.c:343:5:mbedtls_rsa_export_raw	56	static
../Middlewares/Third_Party/mbedTLS/library/rsa.c:391:5:mbedtls_rsa_export	32	static
../Middlewares/Third_Party/mbedTLS/library/rsa.c:436:5:mbedtls_rsa_export_crt	24	static
../Middlewares/Third_Party/mbedTLS/library/rsa.c:476:6:mbedtls_rsa_init	16	static
../Middlewares/Third_Party/mbedTLS/library/rsa.c:496:6:mbedtls_rsa_set_padding	0	static
../Middlewares/Third_Party/mbedTLS/library/rsa.c:511:8:mbedtls_rsa_get_len	0	static
../Middlewares/Third_Party/mbedTLS/library/rsa.c:639:5:mbedtls_rsa_check_pubkey	16	static
../Middlewares/Third_Party/mbedTLS/library/rsa.c:664:5:mbedtls_rsa_check_privkey	40	static
../Middlewares/Third_Party/mbedTLS/library/rsa.c:694:5:mbedtls_rsa_check_pub_priv	16	static
../Middlewares/Third_Party/mbedTLS/library/rsa.c:718:5:mbedtls_rsa_public	56	static
../Middlewares/Third_Party/mbedTLS/library/rsa.c:829:5:mbedtls_rsa_private	176	static
../Middlewares/Third_Party/mbedTLS/library/rsa.c:1118:5:mbedtls_rsa_rsaes_oaep_encrypt	80	static
../Middlewares/Third_Party/mbedTLS/library/rsa.c:1206:5:mbedtls_rsa_rsaes_pkcs1_v15_encrypt	48	static
../Middlewares/Third_Party/mbedTLS/library/rsa.c:1277:5:mbedtls_rsa_pkcs1_encrypt	48	static
../Middlewares/Third_Party/mbedTLS/library/rsa.c:1313:5:mbedtls_rsa_rsaes_oaep_decrypt	1160	static
../Middlewares/Third_Party/mbedTLS/library/rsa.c:1550:5:mbedtls_rsa_rsaes_pkcs1_v15_decrypt	1072	static
../Middlewares/Third_Party/mbedTLS/library/rsa.c:1716:5:mbedtls_rsa_pkcs1_decrypt	48	static
../Middlewares/Third_Party/mbedTLS/library/rsa.c:1755:5:mbedtls_rsa_rsassa_pss_sign	160	static
../Middlewares/Third_Party/mbedTLS/library/rsa.c:2014:5:mbedtls_rsa_rsassa_pkcs1_v15_sign	48	static
../Middlewares/Third_Party/mbedTLS/library/rsa.c:2094:5:mbedtls_rsa_pkcs1_sign	16	static
../Middlewares/Third_Party/mbedTLS/library/rsa.c:2134:5:mbedtls_rsa_rsassa_pss_verify_ext	1168	static
../Middlewares/Third_Party/mbedTLS/library/rsa.c:2284:5:mbedtls_rsa_rsassa_pss_verify	40	static
../Middlewares/Third_Party/mbedTLS/library/rsa.c:2318:5:mbedtls_rsa_rsassa_pkcs1_v15_verify	48	static
../Middlewares/Third_Party/mbedTLS/library/rsa.c:2401:5:mbedtls_rsa_pkcs1_verify	16	static
../Middlewares/Third_Party/mbedTLS/library/rsa.c:2482:6:mbedtls_rsa_free	0	static
../Middlewares/Third_Party/mbedTLS/library/rsa.c:525:5:mbedtls_rsa_gen_key	104	static
../Middlewares/Third_Party/mbedTLS/library/rsa.c:2440:5:mbedtls_rsa_copy	16	static
../Middlewares/Third_Party/mbedTLS/library/rsa.c:2579:5:mbedtls_rsa_self_test	424	static
